Archive member included to satisfy reference by file (symbol)

c:/nxp/mcuxpressoide_10.2.0_759/ide/tools/bin/../lib/gcc/arm-none-eabi/7.2.1/../../../../arm-none-eabi/lib/thumb/v7e-m/fpv4-sp/hard\libcr_c.a(fpprintf.o)
                              ./source/drivers/card_reader.o (printf)
c:/nxp/mcuxpressoide_10.2.0_759/ide/tools/bin/../lib/gcc/arm-none-eabi/7.2.1/../../../../arm-none-eabi/lib/thumb/v7e-m/fpv4-sp/hard\libcr_c.a(printf.o)
                              c:/nxp/mcuxpressoide_10.2.0_759/ide/tools/bin/../lib/gcc/arm-none-eabi/7.2.1/../../../../arm-none-eabi/lib/thumb/v7e-m/fpv4-sp/hard\libcr_c.a(fpprintf.o) (__vfprintf)
c:/nxp/mcuxpressoide_10.2.0_759/ide/tools/bin/../lib/gcc/arm-none-eabi/7.2.1/../../../../arm-none-eabi/lib/thumb/v7e-m/fpv4-sp/hard\libcr_c.a(strlen.o)
                              c:/nxp/mcuxpressoide_10.2.0_759/ide/tools/bin/../lib/gcc/arm-none-eabi/7.2.1/../../../../arm-none-eabi/lib/thumb/v7e-m/fpv4-sp/hard\libcr_c.a(printf.o) (strlen)
c:/nxp/mcuxpressoide_10.2.0_759/ide/tools/bin/../lib/gcc/arm-none-eabi/7.2.1/../../../../arm-none-eabi/lib/thumb/v7e-m/fpv4-sp/hard\libcr_c.a(memset.o)
                              c:/nxp/mcuxpressoide_10.2.0_759/ide/tools/bin/../lib/gcc/arm-none-eabi/7.2.1/../../../../arm-none-eabi/lib/thumb/v7e-m/fpv4-sp/hard\libcr_c.a(fpprintf.o) (memset)
c:/nxp/mcuxpressoide_10.2.0_759/ide/tools/bin/../lib/gcc/arm-none-eabi/7.2.1/../../../../arm-none-eabi/lib/thumb/v7e-m/fpv4-sp/hard\libcr_c.a(_deferredlazyseek.o)
                              c:/nxp/mcuxpressoide_10.2.0_759/ide/tools/bin/../lib/gcc/arm-none-eabi/7.2.1/../../../../arm-none-eabi/lib/thumb/v7e-m/fpv4-sp/hard\libcr_c.a(fpprintf.o) (__flsbuf)
c:/nxp/mcuxpressoide_10.2.0_759/ide/tools/bin/../lib/gcc/arm-none-eabi/7.2.1/../../../../arm-none-eabi/lib/thumb/v7e-m/fpv4-sp/hard\libcr_c.a(_fflush.o)
                              c:/nxp/mcuxpressoide_10.2.0_759/ide/tools/bin/../lib/gcc/arm-none-eabi/7.2.1/../../../../arm-none-eabi/lib/thumb/v7e-m/fpv4-sp/hard\libcr_c.a(_deferredlazyseek.o) (_fflush)
c:/nxp/mcuxpressoide_10.2.0_759/ide/tools/bin/../lib/gcc/arm-none-eabi/7.2.1/../../../../arm-none-eabi/lib/thumb/v7e-m/fpv4-sp/hard\libcr_c.a(_frexpl.o)
                              c:/nxp/mcuxpressoide_10.2.0_759/ide/tools/bin/../lib/gcc/arm-none-eabi/7.2.1/../../../../arm-none-eabi/lib/thumb/v7e-m/fpv4-sp/hard\libcr_c.a(fpprintf.o) (_frexpl)
c:/nxp/mcuxpressoide_10.2.0_759/ide/tools/bin/../lib/gcc/arm-none-eabi/7.2.1/../../../../arm-none-eabi/lib/thumb/v7e-m/fpv4-sp/hard\libcr_c.a(_ldexpl.o)
                              c:/nxp/mcuxpressoide_10.2.0_759/ide/tools/bin/../lib/gcc/arm-none-eabi/7.2.1/../../../../arm-none-eabi/lib/thumb/v7e-m/fpv4-sp/hard\libcr_c.a(fpprintf.o) (_ldexpl)
c:/nxp/mcuxpressoide_10.2.0_759/ide/tools/bin/../lib/gcc/arm-none-eabi/7.2.1/../../../../arm-none-eabi/lib/thumb/v7e-m/fpv4-sp/hard\libcr_c.a(_writebuf.o)
                              c:/nxp/mcuxpressoide_10.2.0_759/ide/tools/bin/../lib/gcc/arm-none-eabi/7.2.1/../../../../arm-none-eabi/lib/thumb/v7e-m/fpv4-sp/hard\libcr_c.a(_deferredlazyseek.o) (_Cwritebuf)
c:/nxp/mcuxpressoide_10.2.0_759/ide/tools/bin/../lib/gcc/arm-none-eabi/7.2.1/../../../../arm-none-eabi/lib/thumb/v7e-m/fpv4-sp/hard\libcr_c.a(alloc.o)
                              c:/nxp/mcuxpressoide_10.2.0_759/ide/tools/bin/../lib/gcc/arm-none-eabi/7.2.1/../../../../arm-none-eabi/lib/thumb/v7e-m/fpv4-sp/hard\libcr_c.a(fpprintf.o) (malloc)
c:/nxp/mcuxpressoide_10.2.0_759/ide/tools/bin/../lib/gcc/arm-none-eabi/7.2.1/../../../../arm-none-eabi/lib/thumb/v7e-m/fpv4-sp/hard\libcr_c.a(errno.o)
                              c:/nxp/mcuxpressoide_10.2.0_759/ide/tools/bin/../lib/gcc/arm-none-eabi/7.2.1/../../../../arm-none-eabi/lib/thumb/v7e-m/fpv4-sp/hard\libcr_c.a(_ldexpl.o) (errno)
c:/nxp/mcuxpressoide_10.2.0_759/ide/tools/bin/../lib/gcc/arm-none-eabi/7.2.1/../../../../arm-none-eabi/lib/thumb/v7e-m/fpv4-sp/hard\libcr_c.a(fseek.o)
                              c:/nxp/mcuxpressoide_10.2.0_759/ide/tools/bin/../lib/gcc/arm-none-eabi/7.2.1/../../../../arm-none-eabi/lib/thumb/v7e-m/fpv4-sp/hard\libcr_c.a(_deferredlazyseek.o) (fseek)
c:/nxp/mcuxpressoide_10.2.0_759/ide/tools/bin/../lib/gcc/arm-none-eabi/7.2.1/../../../../arm-none-eabi/lib/thumb/v7e-m/fpv4-sp/hard\libcr_c.a(ftell.o)
                              c:/nxp/mcuxpressoide_10.2.0_759/ide/tools/bin/../lib/gcc/arm-none-eabi/7.2.1/../../../../arm-none-eabi/lib/thumb/v7e-m/fpv4-sp/hard\libcr_c.a(fseek.o) (ftell)
c:/nxp/mcuxpressoide_10.2.0_759/ide/tools/bin/../lib/gcc/arm-none-eabi/7.2.1/../../../../arm-none-eabi/lib/thumb/v7e-m/fpv4-sp/hard\libcr_c.a(memcpy.o)
                              c:/nxp/mcuxpressoide_10.2.0_759/ide/tools/bin/../lib/gcc/arm-none-eabi/7.2.1/../../../../arm-none-eabi/lib/thumb/v7e-m/fpv4-sp/hard\libcr_c.a(alloc.o) (memcpy)
c:/nxp/mcuxpressoide_10.2.0_759/ide/tools/bin/../lib/gcc/arm-none-eabi/7.2.1/../../../../arm-none-eabi/lib/thumb/v7e-m/fpv4-sp/hard\libcr_c.a(__init_alloc.o)
[...]
Memory Configuration

Name             Origin             Length             Attributes
PROGRAM_FLASH    0x00000000         0x00100000         xr
SRAM_UPPER       0x20000000         0x00030000         xrw
SRAM_LOWER       0x1fff0000         0x00010000         xrw
FLEX_RAM         0x14000000         0x00001000         xrw
*default*        0x00000000         0xffffffff

Linker script and memory map

LOAD ./source/utils/utils.o
LOAD ./source/users/user.o
LOAD ./source/users/user_cloud.o
LOAD ./source/rtos/uCOSIII/src/uCOS-III/Source/os_cfg_app.o
LOAD ./source/rtos/uCOSIII/src/uCOS-III/Source/os_core.o
LOAD ./source/rtos/uCOSIII/src/uCOS-III/Source/os_dbg.o
LOAD ./source/rtos/uCOSIII/src/uCOS-III/Source/os_flag.o
LOAD ./source/rtos/uCOSIII/src/uCOS-III/Source/os_int.o
LOAD ./source/rtos/uCOSIII/src/uCOS-III/Source/os_mem.o
LOAD ./source/rtos/uCOSIII/src/uCOS-III/Source/os_msg.o
LOAD ./source/rtos/uCOSIII/src/uCOS-III/Source/os_mutex.o
LOAD ./source/rtos/uCOSIII/src/uCOS-III/Source/os_pend_multi.o
LOAD ./source/rtos/uCOSIII/src/uCOS-III/Source/os_prio.o
LOAD ./source/rtos/uCOSIII/src/uCOS-III/Source/os_q.o
LOAD ./source/rtos/uCOSIII/src/uCOS-III/Source/os_sem.o
LOAD ./source/rtos/uCOSIII/src/uCOS-III/Source/os_stat.o
LOAD ./source/rtos/uCOSIII/src/uCOS-III/Source/os_task.o
LOAD ./source/rtos/uCOSIII/src/uCOS-III/Source/os_tick.o
LOAD ./source/rtos/uCOSIII/src/uCOS-III/Source/os_time.o
LOAD ./source/rtos/uCOSIII/src/uCOS-III/Source/os_tmr.o
LOAD ./source/rtos/uCOSIII/src/uCOS-III/Source/os_var.o
LOAD ./source/rtos/uCOSIII/src/uCOS-III/Ports/ARM-Cortex-M4/Generic/GNU/os_cpu_a.o
LOAD ./source/rtos/uCOSIII/src/uCOS-III/Ports/ARM-Cortex-M4/Generic/GNU/os_cpu_c.o
LOAD ./source/rtos/uCOSIII/src/uC-CPU/ARM-Cortex-M4/GNU/cpu_a.o
LOAD ./source/rtos/uCOSIII/src/uC-CPU/ARM-Cortex-M4/GNU/cpu_c.o
LOAD ./source/rtos/uCOSIII/src/uC-CPU/cpu_core.o
LOAD ./source/rtos/uCOSIII/BSP/cpu_bsp.o
LOAD ./source/drivers/SysTick.o
LOAD ./source/drivers/button.o
LOAD ./source/drivers/card_reader.o
LOAD ./source/drivers/display.o
LOAD ./source/drivers/encoder.o
LOAD ./source/drivers/fifo.o
LOAD ./source/drivers/gpio.o
LOAD ./source/drivers/led.o
LOAD ./source/drivers/leds.o
LOAD ./source/drivers/message.o
LOAD ./source/drivers/timer.o
LOAD ./source/drivers/uart.o
LOAD ./source/App.o
LOAD ./source/App_cloud.o
LOAD ./source/main.o
LOAD ./SDK/startup/hardware.o
LOAD ./SDK/startup/semihost_hardfault.o
LOAD ./SDK/startup/startup_mk64f12.o
LOAD ./SDK/CMSIS/system_MK64F12.o
START GROUP
LOAD c:/nxp/mcuxpressoide_10.2.0_759/ide/tools/bin/../lib/gcc/arm-none-eabi/7.2.1/../../../../arm-none-eabi/lib/thumb/v7e-m/fpv4-sp/hard\libcr_c.a
LOAD c:/nxp/mcuxpressoide_10.2.0_759/ide/tools/bin/../lib/gcc/arm-none-eabi/7.2.1/thumb/v7e-m/fpv4-sp/hard\libcr_eabihelpers.a
END GROUP
                0x00000000                __base_PROGRAM_FLASH = 0x0
                0x00000000                __base_Flash = 0x0
                0x00100000                __top_PROGRAM_FLASH = 0x100000
                0x00100000                __top_Flash = 0x100000
                0x20000000                __base_SRAM_UPPER = 0x20000000
                0x20000000                __base_RAM = 0x20000000
                0x20030000                __top_SRAM_UPPER = 0x20030000
                0x20030000                __top_RAM = 0x20030000
                0x1fff0000                __base_SRAM_LOWER = 0x1fff0000
                0x1fff0000                __base_RAM2 = 0x1fff0000
                0x20000000                __top_SRAM_LOWER = 0x20000000
                0x20000000                __top_RAM2 = 0x20000000
                0x14000000                __base_FLEX_RAM = 0x14000000
                0x14000000                __base_RAM3 = 0x14000000
                0x14001000                __top_FLEX_RAM = 0x14001000
                0x14001000                __top_RAM3 = 0x14001000

.text           0x00000000     0x9b38
 FILL mask 0xff
                0x00000000                __vectors_start__ = ABSOLUTE (.)
 *(SORT_BY_ALIGNMENT(.isr_vector))
 .isr_vector    0x00000000      0x198 ./SDK/startup/startup_mk64f12.o
                0x00000000                g_pfnVectors
                0x00000000                __Vectors
                0x00000198                . = ALIGN (0x4)
                0x00000198                __section_table_start = .
                0x00000198                __data_section_table = .
                0x00000198        0x4 LONG 0x9b38 LOADADDR (.data)
                0x0000019c        0x4 LONG 0x20000000 ADDR (.data)
                0x000001a0        0x4 LONG 0x80 SIZEOF (.data)
                0x000001a4        0x4 LONG 0x9b38 LOADADDR (.data_RAM2)
                0x000001a8        0x4 LONG 0x1fff0000 ADDR (.data_RAM2)
                0x000001ac        0x4 LONG 0x0 SIZEOF (.data_RAM2)
                0x000001b0        0x4 LONG 0x9b38 LOADADDR (.data_RAM3)
                0x000001b4        0x4 LONG 0x14000000 ADDR (.data_RAM3)
                0x000001b8        0x4 LONG 0x0 SIZEOF (.data_RAM3)
                0x000001bc                __data_section_table_end = .
                0x000001bc                __bss_section_table = .
                0x000001bc        0x4 LONG 0x20000080 ADDR (.bss)
                0x000001c0        0x4 LONG 0x49a8 SIZEOF (.bss)
                0x000001c4        0x4 LONG 0x1fff0000 ADDR (.bss_RAM2)
                0x000001c8        0x4 LONG 0x0 SIZEOF (.bss_RAM2)
                0x000001cc        0x4 LONG 0x14000000 ADDR (.bss_RAM3)
                0x000001d0        0x4 LONG 0x0 SIZEOF (.bss_RAM3)
                0x000001d4                __bss_section_table_end = .
                0x000001d4                __section_table_end = .
 *(SORT_BY_ALIGNMENT(.after_vectors*))
 .after_vectors.reset
                0x000001d4       0x4c ./SDK/startup/startup_mk64f12.o
                0x000001d4                ResetISR
 .after_vectors.init_data
                0x00000220       0x1e ./SDK/startup/startup_mk64f12.o
                0x00000220                data_init
 .after_vectors.init_bss
                0x0000023e       0x12 ./SDK/startup/startup_mk64f12.o
                0x0000023e                bss_init
 .after_vectors
                0x00000250       0x14 ./SDK/startup/startup_mk64f12.o
                0x00000250                NMI_Handler
                0x00000254                MemManage_Handler
                0x00000256                BusFault_Handler
                0x00000258                UsageFault_Handler
                0x0000025a                SVC_Handler
                0x0000025c                DebugMon_Handler
                0x00000262                DMA_Error_DriverIRQHandler
                0x00000262                LPTMR0_DriverIRQHandler
                0x00000262                FTM1_DriverIRQHandler
                0x00000262                FTM2_DriverIRQHandler
                0x00000262                PIT2_DriverIRQHandler
                0x00000262                SDHC_DriverIRQHandler
                0x00000262                I2S0_Tx_DriverIRQHandler
                0x00000262                RTC_Seconds_DriverIRQHandler
                0x00000262                DMA6_DriverIRQHandler
                0x00000262                LLWU_DriverIRQHandler
                0x00000262                MCM_DriverIRQHandler
                0x00000262                MCG_DriverIRQHandler
                0x00000262                ENET_1588_Timer_DriverIRQHandler
                0x00000262                I2C2_DriverIRQHandler
                0x00000262                DAC1_DriverIRQHandler
                0x00000262                SPI1_DriverIRQHandler
                0x00000262                CMP1_DriverIRQHandler
                0x00000262                UART5_RX_TX_DriverIRQHandler
                0x00000262                FTM0_DriverIRQHandler
                0x00000262                IntDefaultHandler
                0x00000262                USB0_DriverIRQHandler
                0x00000262                UART5_ERR_DriverIRQHandler
                0x00000262                PORTC_DriverIRQHandler
                0x00000262                DMA11_DriverIRQHandler
                0x00000262                DAC0_DriverIRQHandler
                0x00000262                DMA10_DriverIRQHandler
                0x00000262                CMP2_DriverIRQHandler
                0x00000262                UART2_ERR_DriverIRQHandler
                0x00000262                SPI2_DriverIRQHandler
                0x00000262                LVD_LVW_DriverIRQHandler
                0x00000262                PIT0_DriverIRQHandler
                0x00000262                RNG_DriverIRQHandler
                0x00000262                DMA5_DriverIRQHandler
                0x00000262                DMA12_DriverIRQHandler
                0x00000262                UART2_RX_TX_DriverIRQHandler
                0x00000262                USBDCD_DriverIRQHandler
                0x00000262                UART3_ERR_DriverIRQHandler
                0x00000262                DMA3_DriverIRQHandler
                0x00000262                DMA8_DriverIRQHandler
                0x00000262                DMA9_DriverIRQHandler
                0x00000262                UART0_ERR_DriverIRQHandler
                0x00000262                CMT_DriverIRQHandler
                0x00000262                Reserved71_DriverIRQHandler
                0x00000262                ADC1_DriverIRQHandler
                0x00000262                PORTA_DriverIRQHandler
                0x00000262                DMA14_DriverIRQHandler
                0x00000262                PIT3_DriverIRQHandler
                0x00000262                PIT1_DriverIRQHandler
                0x00000262                WDOG_EWM_DriverIRQHandler
                0x00000262                PDB0_DriverIRQHandler
                0x00000262                RTC_DriverIRQHandler
                0x00000262                I2S0_Rx_DriverIRQHandler
                0x00000262                Read_Collision_DriverIRQHandler
                0x00000262                SWI_DriverIRQHandler
                0x00000262                UART4_RX_TX_DriverIRQHandler
                0x00000262                UART4_ERR_DriverIRQHandler
                0x00000262                PORTB_DriverIRQHandler
                0x00000262                UART0_LON_DriverIRQHandler
                0x00000262                DMA0_DriverIRQHandler
                0x00000262                DMA1_DriverIRQHandler
                0x00000262                I2C1_DriverIRQHandler
                0x00000262                UART3_RX_TX_DriverIRQHandler
                0x00000262                ENET_Receive_DriverIRQHandler
                0x00000262                DMA13_DriverIRQHandler
                0x00000262                ENET_Error_DriverIRQHandler
                0x00000262                DMA15_DriverIRQHandler
                0x00000262                UART0_RX_TX_DriverIRQHandler
                0x00000262                SPI0_DriverIRQHandler
                0x00000262                ADC0_DriverIRQHandler
                0x00000262                CMP0_DriverIRQHandler
                0x00000262                CAN0_DriverIRQHandler
                0x00000262                FTM3_DriverIRQHandler
                0x00000262                DMA4_DriverIRQHandler
                0x00000262                UART1_ERR_DriverIRQHandler
                0x00000262                DMA2_DriverIRQHandler
                0x00000262                ENET_Transmit_DriverIRQHandler
                0x00000262                PORTD_DriverIRQHandler
                0x00000262                PORTE_DriverIRQHandler
                0x00000262                FTFE_DriverIRQHandler
                0x00000262                I2C0_DriverIRQHandler
                0x00000262                DMA7_DriverIRQHandler
                0x00000262                UART1_RX_TX_DriverIRQHandler
                0x00000400                . = 0x400
 *fill*         0x00000264      0x19c ff
                0x00000400                PROVIDE (__FLASH_CONFIG_START__, .)
 *(SORT_BY_ALIGNMENT(.FlashConfig))
 .FlashConfig   0x00000400       0x10 ./SDK/startup/startup_mk64f12.o
                0x00000400                Flash_Config
                0x00000410                PROVIDE (__FLASH_CONFIG_END__, .)
                0x00000001                ASSERT (! ((__FLASH_CONFIG_START__ == __FLASH_CONFIG_END__)), Linker Flash Config Support Enabled, but no .FlashConfig section provided within application)
 *(SORT_BY_ALIGNMENT(.text*))
 .text.loadDatabase
                0x00000410      0x184 ./source/users/user.o
                0x00000410                loadDatabase
 .text.checkUser
                0x00000594       0xb0 ./source/users/user.o
                0x00000594                checkUser
 .text.changeUserState
                0x00000644       0x68 ./source/users/user.o
                0x00000644                changeUserState
 .text.getUserIndex
                0x000006ac       0x5c ./source/users/user.o
                0x000006ac                getUserIndex
 .text.blockUser
                0x00000708       0x30 ./source/users/user.o
                0x00000708                blockUser
 .text.loadDataBase
                0x00000738      0x134 ./source/users/user_cloud.o
                0x00000738                loadDataBase
 .text.newEntry
                0x0000086c      0x178 ./source/users/user_cloud.o
                0x0000086c                newEntry
 .text.getFloorCount
                0x000009e4       0x28 ./source/users/user_cloud.o
                0x000009e4                getFloorCount
 .text.OSInit   0x00000a0c      0x1ec ./source/rtos/uCOSIII/src/uCOS-III/Source/os_core.o
                0x00000a0c                OSInit
 .text.OSIntEnter
                0x00000bf8       0x38 ./source/rtos/uCOSIII/src/uCOS-III/Source/os_core.o
                0x00000bf8                OSIntEnter
 .text.OSIntExit
                0x00000c30       0xd8 ./source/rtos/uCOSIII/src/uCOS-III/Source/os_core.o
                0x00000c30                OSIntExit
 .text.OSSched  0x00000d08       0xa8 ./source/rtos/uCOSIII/src/uCOS-III/Source/os_core.o
                0x00000d08                OSSched
 .text.OSSchedLock
                0x00000db0       0x74 ./source/rtos/uCOSIII/src/uCOS-III/Source/os_core.o
                0x00000db0                OSSchedLock
 .text.OSSchedUnlock
                0x00000e24       0x90 ./source/rtos/uCOSIII/src/uCOS-III/Source/os_core.o
                0x00000e24                OSSchedUnlock
 .text.OSSchedRoundRobinCfg
                0x00000eb4       0x70 ./source/rtos/uCOSIII/src/uCOS-III/Source/os_core.o
                0x00000eb4                OSSchedRoundRobinCfg
 .text.OSStart  0x00000f24       0x80 ./source/rtos/uCOSIII/src/uCOS-III/Source/os_core.o
                0x00000f24                OSStart
 .text.OS_IdleTask
                0x00000fa4       0x3c ./source/rtos/uCOSIII/src/uCOS-III/Source/os_core.o
                0x00000fa4                OS_IdleTask
 .text.OS_IdleTaskInit
                0x00000fe0       0x68 ./source/rtos/uCOSIII/src/uCOS-III/Source/os_core.o
                0x00000fe0                OS_IdleTaskInit
 .text.OS_Pend  0x00001048       0x84 ./source/rtos/uCOSIII/src/uCOS-III/Source/os_core.o
                0x00001048                OS_Pend
 .text.OS_PendDbgNameAdd
                0x000010cc       0x7c ./source/rtos/uCOSIII/src/uCOS-III/Source/os_core.o
                0x000010cc                OS_PendDbgNameAdd
 .text.OS_PendDbgNameRemove
                0x00001148       0x4c ./source/rtos/uCOSIII/src/uCOS-III/Source/os_core.o
                0x00001148                OS_PendDbgNameRemove
 .text.OS_Post  0x00001194      0x130 ./source/rtos/uCOSIII/src/uCOS-III/Source/os_core.o
                0x00001194                OS_Post
 .text.OS_RdyListInit
                0x000012c4       0x4c ./source/rtos/uCOSIII/src/uCOS-III/Source/os_core.o
                0x000012c4                OS_RdyListInit
 .text.OS_RdyListInsert
                0x00001310       0x3c ./source/rtos/uCOSIII/src/uCOS-III/Source/os_core.o
                0x00001310                OS_RdyListInsert
 .text.OS_RdyListInsertHead
                0x0000134c       0x84 ./source/rtos/uCOSIII/src/uCOS-III/Source/os_core.o
                0x0000134c                OS_RdyListInsertHead
 .text.OS_RdyListInsertTail
                0x000013d0       0x80 ./source/rtos/uCOSIII/src/uCOS-III/Source/os_core.o
                0x000013d0                OS_RdyListInsertTail
 .text.OS_RdyListRemove
                0x00001450       0xb0 ./source/rtos/uCOSIII/src/uCOS-III/Source/os_core.o
                0x00001450                OS_RdyListRemove
 .text.OS_SchedRoundRobin
                0x00001500       0xc8 ./source/rtos/uCOSIII/src/uCOS-III/Source/os_core.o
                0x00001500                OS_SchedRoundRobin
 .text.OS_TaskBlock
                0x000015c8       0x40 ./source/rtos/uCOSIII/src/uCOS-III/Source/os_core.o
                0x000015c8                OS_TaskBlock
 .text.OS_Dbg_Init
                0x00001608      0x23c ./source/rtos/uCOSIII/src/uCOS-III/Source/os_dbg.o
                0x00001608                OS_Dbg_Init
 .text.OS_FlagInit
                0x00001844       0x30 ./source/rtos/uCOSIII/src/uCOS-III/Source/os_flag.o
                0x00001844                OS_FlagInit
 .text.OS_MemInit
                0x00001874       0x30 ./source/rtos/uCOSIII/src/uCOS-III/Source/os_mem.o
                0x00001874                OS_MemInit
 .text.OS_MsgPoolInit
                0x000018a4       0xd0 ./source/rtos/uCOSIII/src/uCOS-III/Source/os_msg.o
                0x000018a4                OS_MsgPoolInit
 .text.OS_MsgQFreeAll
                0x00001974       0x78 ./source/rtos/uCOSIII/src/uCOS-III/Source/os_msg.o
                0x00001974                OS_MsgQFreeAll
 .text.OS_MsgQGet
                0x000019ec       0xc0 ./source/rtos/uCOSIII/src/uCOS-III/Source/os_msg.o
                0x000019ec                OS_MsgQGet
 .text.OS_MsgQPut
                0x00001aac      0x114 ./source/rtos/uCOSIII/src/uCOS-III/Source/os_msg.o
                0x00001aac                OS_MsgQPut
 .text.OSMutexCreate
                0x00001bc0       0x98 ./source/rtos/uCOSIII/src/uCOS-III/Source/os_mutex.o
                0x00001bc0                OSMutexCreate
 .text.OSMutexPend
                0x00001c58      0x210 ./source/rtos/uCOSIII/src/uCOS-III/Source/os_mutex.o
                0x00001c58                OSMutexPend
 .text.OSMutexPost
                0x00001e68      0x1b8 ./source/rtos/uCOSIII/src/uCOS-III/Source/os_mutex.o
                0x00001e68                OSMutexPost
 .text.OS_MutexDbgListAdd
                0x00002020       0x50 ./source/rtos/uCOSIII/src/uCOS-III/Source/os_mutex.o
                0x00002020                OS_MutexDbgListAdd
 .text.OS_MutexInit
                0x00002070       0x30 ./source/rtos/uCOSIII/src/uCOS-III/Source/os_mutex.o
                0x00002070                OS_MutexInit
 .text.OSPendMulti
                0x000020a0      0x180 ./source/rtos/uCOSIII/src/uCOS-III/Source/os_pend_multi.o
                0x000020a0                OSPendMulti
 .text.OS_PendMultiGetRdy
                0x00002220       0xec ./source/rtos/uCOSIII/src/uCOS-III/Source/os_pend_multi.o
                0x00002220                OS_PendMultiGetRdy
 .text.OS_PendMultiValidate
                0x0000230c       0x84 ./source/rtos/uCOSIII/src/uCOS-III/Source/os_pend_multi.o
                0x0000230c                OS_PendMultiValidate
 .text.OS_PendMultiWait
                0x00002390       0xb4 ./source/rtos/uCOSIII/src/uCOS-III/Source/os_pend_multi.o
                0x00002390                OS_PendMultiWait
 .text.OS_PrioInit
                0x00002444       0x34 ./source/rtos/uCOSIII/src/uCOS-III/Source/os_prio.o
                0x00002444                OS_PrioInit
 .text.OS_PrioGetHighest
                0x00002478       0x48 ./source/rtos/uCOSIII/src/uCOS-III/Source/os_prio.o
                0x00002478                OS_PrioGetHighest
 .text.OS_PrioInsert
                0x000024c0       0x50 ./source/rtos/uCOSIII/src/uCOS-III/Source/os_prio.o
                0x000024c0                OS_PrioInsert
 .text.OS_PrioRemove
                0x00002510       0x50 ./source/rtos/uCOSIII/src/uCOS-III/Source/os_prio.o
                0x00002510                OS_PrioRemove
 .text.OSQCreate
                0x00002560       0xa0 ./source/rtos/uCOSIII/src/uCOS-III/Source/os_q.o
                0x00002560                OSQCreate
 .text.OSQPend  0x00002600      0x1f0 ./source/rtos/uCOSIII/src/uCOS-III/Source/os_q.o
                0x00002600                OSQPend
 .text.OSQPost  0x000027f0       0xb0 ./source/rtos/uCOSIII/src/uCOS-III/Source/os_q.o
                0x000027f0                OSQPost
 .text.OS_QDbgListAdd
                0x000028a0       0x50 ./source/rtos/uCOSIII/src/uCOS-III/Source/os_q.o
                0x000028a0                OS_QDbgListAdd
 .text.OS_QInit
                0x000028f0       0x30 ./source/rtos/uCOSIII/src/uCOS-III/Source/os_q.o
                0x000028f0                OS_QInit
 .text.OSSemCreate
                0x00002920       0x8c ./source/rtos/uCOSIII/src/uCOS-III/Source/os_sem.o
                0x00002920                OSSemCreate
 .text.OSSemPost
                0x000029ac       0x84 ./source/rtos/uCOSIII/src/uCOS-III/Source/os_sem.o
                0x000029ac                OSSemPost
 .text.OS_SemDbgListAdd
                0x00002a30       0x50 ./source/rtos/uCOSIII/src/uCOS-III/Source/os_sem.o
                0x00002a30                OS_SemDbgListAdd
 .text.OS_SemInit
                0x00002a80       0x30 ./source/rtos/uCOSIII/src/uCOS-III/Source/os_sem.o
                0x00002a80                OS_SemInit
 .text.OSStatReset
                0x00002ab0      0x118 ./source/rtos/uCOSIII/src/uCOS-III/Source/os_stat.o
                0x00002ab0                OSStatReset
 .text.OS_StatTask
                0x00002bc8      0x310 ./source/rtos/uCOSIII/src/uCOS-III/Source/os_stat.o
                0x00002bc8                OS_StatTask
 .text.OS_StatTaskInit
                0x00002ed8       0xd4 ./source/rtos/uCOSIII/src/uCOS-III/Source/os_stat.o
                0x00002ed8                OS_StatTaskInit
 .text.OSTaskCreate
                0x00002fac      0x21c ./source/rtos/uCOSIII/src/uCOS-III/Source/os_task.o
                0x00002fac                OSTaskCreate
 .text.OSTaskDel
                0x000031c8      0x1dc ./source/rtos/uCOSIII/src/uCOS-III/Source/os_task.o
                0x000031c8                OSTaskDel
 .text.OSTaskSemPend
                0x000033a4      0x1d4 ./source/rtos/uCOSIII/src/uCOS-III/Source/os_task.o
                0x000033a4                OSTaskSemPend
 .text.OSTaskStkChk
                0x00003578       0xf0 ./source/rtos/uCOSIII/src/uCOS-III/Source/os_task.o
                0x00003578                OSTaskStkChk
 .text.OS_TaskDbgListAdd
                0x00003668       0x4c ./source/rtos/uCOSIII/src/uCOS-III/Source/os_task.o
                0x00003668                OS_TaskDbgListAdd
 .text.OS_TaskDbgListRemove
                0x000036b4       0x84 ./source/rtos/uCOSIII/src/uCOS-III/Source/os_task.o
                0x000036b4                OS_TaskDbgListRemove
 .text.OS_TaskInit
                0x00003738       0x38 ./source/rtos/uCOSIII/src/uCOS-III/Source/os_task.o
                0x00003738                OS_TaskInit
 .text.OS_TaskInitTCB
                0x00003770      0x1a0 ./source/rtos/uCOSIII/src/uCOS-III/Source/os_task.o
                0x00003770                OS_TaskInitTCB
 .text.OS_TaskReturn
                0x00003910       0x28 ./source/rtos/uCOSIII/src/uCOS-III/Source/os_task.o
                0x00003910                OS_TaskReturn
 .text.OS_TaskSemPost
                0x00003938      0x128 ./source/rtos/uCOSIII/src/uCOS-III/Source/os_task.o
                0x00003938                OS_TaskSemPost
 .text.OS_TaskChangePrio
                0x00003a60      0x148 ./source/rtos/uCOSIII/src/uCOS-III/Source/os_task.o
                0x00003a60                OS_TaskChangePrio
 .text.OS_TickTask
                0x00003ba8       0x64 ./source/rtos/uCOSIII/src/uCOS-III/Source/os_tick.o
                0x00003ba8                OS_TickTask
 .text.OS_TickTaskInit
                0x00003c0c       0xd8 ./source/rtos/uCOSIII/src/uCOS-III/Source/os_tick.o
                0x00003c0c                OS_TickTaskInit
 .text.OS_TickListInsertDly
                0x00003ce4      0x108 ./source/rtos/uCOSIII/src/uCOS-III/Source/os_tick.o
                0x00003ce4                OS_TickListInsertDly
 .text.OS_TickListUpdateDly
                0x00003dec       0xbc ./source/rtos/uCOSIII/src/uCOS-III/Source/os_tick.o
 .text.OS_TickListUpdateTimeout
                0x00003ea8      0x158 ./source/rtos/uCOSIII/src/uCOS-III/Source/os_tick.o
 .text.OSTimeDly
                0x00004000       0xd8 ./source/rtos/uCOSIII/src/uCOS-III/Source/os_time.o
                0x00004000                OSTimeDly
 .text.OSTimeTick
                0x000040d8       0x74 ./source/rtos/uCOSIII/src/uCOS-III/Source/os_time.o
                0x000040d8                OSTimeTick
 .text.OS_TmrInit
                0x0000414c      0x138 ./source/rtos/uCOSIII/src/uCOS-III/Source/os_tmr.o
                0x0000414c                OS_TmrInit
 .text.OS_TmrUnlink
                0x00004284       0x80 ./source/rtos/uCOSIII/src/uCOS-III/Source/os_tmr.o
                0x00004284                OS_TmrUnlink
 .text.OS_TmrTask
                0x00004304       0xc8 ./source/rtos/uCOSIII/src/uCOS-III/Source/os_tmr.o
                0x00004304                OS_TmrTask
 .text.OS_TmrLock
                0x000043cc       0x24 ./source/rtos/uCOSIII/src/uCOS-III/Source/os_tmr.o
 .text.OS_TmrUnlock
                0x000043f0       0x20 ./source/rtos/uCOSIII/src/uCOS-III/Source/os_tmr.o
 .text          0x00004410       0xfc ./source/rtos/uCOSIII/src/uCOS-III/Ports/ARM-Cortex-M4/Generic/GNU/os_cpu_a.o
                0x00004410                OS_CPU_FP_Reg_Push
                0x00004422                OS_CPU_FP_Reg_Pop
                0x0000442e                OSStartHighRdy
                0x0000449e                OSCtxSw
                0x000044a8                OSIntCtxSw
                0x000044b2                PendSV_Handler
 .text.OSIdleTaskHook
                0x0000450c       0x1c ./source/rtos/uCOSIII/src/uCOS-III/Ports/ARM-Cortex-M4/Generic/GNU/os_cpu_c.o
                0x0000450c                OSIdleTaskHook
 .text.OSInitHook
                0x00004528       0x38 ./source/rtos/uCOSIII/src/uCOS-III/Ports/ARM-Cortex-M4/Generic/GNU/os_cpu_c.o
                0x00004528                OSInitHook
 .text.OSStatTaskHook
                0x00004560       0x1c ./source/rtos/uCOSIII/src/uCOS-III/Ports/ARM-Cortex-M4/Generic/GNU/os_cpu_c.o
                0x00004560                OSStatTaskHook
 .text.OSTaskCreateHook
                0x0000457c       0x24 ./source/rtos/uCOSIII/src/uCOS-III/Ports/ARM-Cortex-M4/Generic/GNU/os_cpu_c.o
                0x0000457c                OSTaskCreateHook
 .text.OSTaskDelHook
                0x000045a0       0x24 ./source/rtos/uCOSIII/src/uCOS-III/Ports/ARM-Cortex-M4/Generic/GNU/os_cpu_c.o
                0x000045a0                OSTaskDelHook
 .text.OSTaskReturnHook
                0x000045c4       0x24 ./source/rtos/uCOSIII/src/uCOS-III/Ports/ARM-Cortex-M4/Generic/GNU/os_cpu_c.o
                0x000045c4                OSTaskReturnHook
 .text.OSTaskStkInit
                0x000045e8      0x34c ./source/rtos/uCOSIII/src/uCOS-III/Ports/ARM-Cortex-M4/Generic/GNU/os_cpu_c.o
                0x000045e8                OSTaskStkInit
 .text.OSTaskSwHook
                0x00004934       0xa8 ./source/rtos/uCOSIII/src/uCOS-III/Ports/ARM-Cortex-M4/Generic/GNU/os_cpu_c.o
                0x00004934                OSTaskSwHook
 .text.OSTimeTickHook
                0x000049dc       0x1c ./source/rtos/uCOSIII/src/uCOS-III/Ports/ARM-Cortex-M4/Generic/GNU/os_cpu_c.o
                0x000049dc                OSTimeTickHook
 .text.OS_CPU_SysTickInit
                0x000049f8       0x54 ./source/rtos/uCOSIII/src/uCOS-III/Ports/ARM-Cortex-M4/Generic/GNU/os_cpu_c.o
                0x000049f8                OS_CPU_SysTickInit
 .text          0x00004a4c       0x34 ./source/rtos/uCOSIII/src/uC-CPU/ARM-Cortex-M4/GNU/cpu_a.o
                0x00004a4c                CPU_IntDis
                0x00004a50                CPU_IntEn
                0x00004a54                CPU_SR_Save
                0x00004a5c                CPU_SR_Restore
                0x00004a62                CPU_WaitForInt
                0x00004a66                CPU_WaitForExcept
                0x00004a6a                CPU_CntLeadZeros
                0x00004a70                CPU_CntTrailZeros
                0x00004a7a                CPU_RevBits
 .text.CPU_TS_TmrFreqSet
                0x00004a80       0x20 ./source/rtos/uCOSIII/src/uC-CPU/cpu_core.o
                0x00004a80                CPU_TS_TmrFreqSet
 .text.CPU_TS_Init
                0x00004aa0       0x18 ./source/rtos/uCOSIII/src/uC-CPU/cpu_core.o
 .text.CPU_TS_TmrInit
                0x00004ab8       0x48 ./source/rtos/uCOSIII/BSP/cpu_bsp.o
                0x00004ab8                CPU_TS_TmrInit
 .text.SysTick_Init
                0x00004b00       0x34 ./source/drivers/SysTick.o
                0x00004b00                SysTick_Init
 .text.App_OS_TimeTickHook
                0x00004b34       0x24 ./source/drivers/SysTick.o
                0x00004b34                App_OS_TimeTickHook
 .text.initButton
                0x00004b58       0x78 ./source/drivers/button.o
                0x00004b58                initButton
 .text.buttonGetStatus
                0x00004bd0       0x28 ./source/drivers/button.o
                0x00004bd0                buttonGetStatus
 .text.buttonGetEvent
                0x00004bf8       0x18 ./source/drivers/button.o
                0x00004bf8                buttonGetEvent
 .text.buttonSetStatus
                0x00004c10       0x20 ./source/drivers/button.o
                0x00004c10                buttonSetStatus
 .text.getButtonSemPointer
                0x00004c30       0x14 ./source/drivers/button.o
                0x00004c30                getButtonSemPointer
 .text.event_coming
                0x00004c44       0xe4 ./source/drivers/button.o
 .text.callback_button
                0x00004d28       0x78 ./source/drivers/button.o
 .text.callback_click
                0x00004da0       0xf0 ./source/drivers/button.o
 .text.initCardReader
                0x00004e90       0x60 ./source/drivers/card_reader.o
                0x00004e90                initCardReader
 .text.resetReader
                0x00004ef0       0xd8 ./source/drivers/card_reader.o
                0x00004ef0                resetReader
 .text.CardReaderIsReady
                0x00004fc8       0x18 ./source/drivers/card_reader.o
                0x00004fc8                CardReaderIsReady
 .text.getError
                0x00004fe0       0x18 ./source/drivers/card_reader.o
                0x00004fe0                getError
 .text.processData
                0x00004ff8       0x64 ./source/drivers/card_reader.o
                0x00004ff8                processData
 .text.getCardSemPointer
                0x0000505c       0x14 ./source/drivers/card_reader.o
                0x0000505c                getCardSemPointer
 .text.irq_enable
                0x00005070       0x6c ./source/drivers/card_reader.o
 .text.irq_clk_falling_edge
                0x000050dc       0x3c ./source/drivers/card_reader.o
 .text.readCard
                0x00005118       0x78 ./source/drivers/card_reader.o
 .text.pin2data
                0x00005190       0x48 ./source/drivers/card_reader.o
 .text.write_data
                0x000051d8       0x38 ./source/drivers/card_reader.o
 .text.orderData
                0x00005210      0x148 ./source/drivers/card_reader.o
 .text.validateParity
                0x00005358       0x84 ./source/drivers/card_reader.o
 .text.validate_LRC
                0x000053dc       0x7c ./source/drivers/card_reader.o
 .text.add2track
                0x00005458      0x1a8 ./source/drivers/card_reader.o
 .text.add2ID   0x00005600       0x3c ./source/drivers/card_reader.o
 .text.initDisplay
                0x0000563c       0xe4 ./source/drivers/display.o
                0x0000563c                initDisplay
 .text.setClearMode
                0x00005720       0x38 ./source/drivers/display.o
                0x00005720                setClearMode
 .text.setScrollMode
                0x00005758       0x40 ./source/drivers/display.o
                0x00005758                setScrollMode
 .text.setBlinkMode
                0x00005798       0x4c ./source/drivers/display.o
                0x00005798                setBlinkMode
 .text.loadBuffer
                0x000057e4       0x38 ./source/drivers/display.o
                0x000057e4                loadBuffer
 .text.showLastDigits
                0x0000581c       0x28 ./source/drivers/display.o
                0x0000581c                showLastDigits
 .text.setBlinkingDigits
                0x00005844       0x38 ./source/drivers/display.o
                0x00005844                setBlinkingDigits
 .text.setBrightness
                0x0000587c       0x3c ./source/drivers/display.o
                0x0000587c                setBrightness
 .text.upBrightness
                0x000058b8       0x1c ./source/drivers/display.o
                0x000058b8                upBrightness
 .text.downBrightness
                0x000058d4       0x1c ./source/drivers/display.o
                0x000058d4                downBrightness
 .text.getBrightnessState
                0x000058f0       0x18 ./source/drivers/display.o
                0x000058f0                getBrightnessState
 .text.refresh_display
                0x00005908      0x130 ./source/drivers/display.o
                0x00005908                refresh_display
 .text.scroll_message
                0x00005a38       0x70 ./source/drivers/display.o
                0x00005a38                scroll_message
 .text.clear_display
                0x00005aa8       0x18 ./source/drivers/display.o
                0x00005aa8                clear_display
 .text.set_digit
                0x00005ac0       0x8c ./source/drivers/display.o
                0x00005ac0                set_digit
 .text.set_buffer
                0x00005b4c       0x4c ./source/drivers/display.o
                0x00005b4c                set_buffer
 .text.auto_set_buffer_index
                0x00005b98       0x34 ./source/drivers/display.o
                0x00005b98                auto_set_buffer_index
 .text.clear_buffer
                0x00005bcc       0x40 ./source/drivers/display.o
                0x00005bcc                clear_buffer
 .text.scroll_buffer
                0x00005c0c       0x20 ./source/drivers/display.o
                0x00005c0c                scroll_buffer
 .text.blink_digits
                0x00005c2c       0x30 ./source/drivers/display.o
                0x00005c2c                blink_digits
 .text.initEncoder
                0x00005c5c       0x74 ./source/drivers/encoder.o
                0x00005c5c                initEncoder
 .text.encoderGetStatus
                0x00005cd0       0x28 ./source/drivers/encoder.o
                0x00005cd0                encoderGetStatus
 .text.encoderGetEvent
                0x00005cf8       0x18 ./source/drivers/encoder.o
                0x00005cf8                encoderGetEvent
 .text.encoderSetStatus
                0x00005d10       0x24 ./source/drivers/encoder.o
                0x00005d10                encoderSetStatus
 .text.getEncoderSemPointer
                0x00005d34       0x14 ./source/drivers/encoder.o
                0x00005d34                getEncoderSemPointer
 .text.event_coming
                0x00005d48      0x214 ./source/drivers/encoder.o
 .text.callback_encoder
                0x00005f5c       0x58 ./source/drivers/encoder.o
                0x00005f5c                callback_encoder
 .text.FIFO_GetId
                0x00005fb4       0x30 ./source/drivers/fifo.o
                0x00005fb4                FIFO_GetId
 .text.FIFO_IsBufferFull
                0x00005fe4       0x30 ./source/drivers/fifo.o
                0x00005fe4                FIFO_IsBufferFull
 .text.FIFO_IsBufferEmpty
                0x00006014       0x70 ./source/drivers/fifo.o
                0x00006014                FIFO_IsBufferEmpty
 .text.FIFO_PushToBuffer
                0x00006084      0x10c ./source/drivers/fifo.o
                0x00006084                FIFO_PushToBuffer
 .text.FIFO_PullFromBuffer
                0x00006190      0x138 ./source/drivers/fifo.o
                0x00006190                FIFO_PullFromBuffer
 .text.init_fifo
                0x000062c8       0x5c ./source/drivers/fifo.o
                0x000062c8                init_fifo
 .text.__NVIC_EnableIRQ
                0x00006324       0x3c ./source/drivers/gpio.o
 .text.__NVIC_DisableIRQ
                0x00006360       0x44 ./source/drivers/gpio.o
 .text.gpioMode
                0x000063a4      0x13c ./source/drivers/gpio.o
                0x000063a4                gpioMode
 .text.gpioWrite
                0x000064e0       0x5c ./source/drivers/gpio.o
                0x000064e0                gpioWrite
 .text.gpioRead
                0x0000653c       0x58 ./source/drivers/gpio.o
                0x0000653c                gpioRead
 .text.gpioIRQ  0x00006594       0xbc ./source/drivers/gpio.o
                0x00006594                gpioIRQ
 .text.IRQHandler
                0x00006650       0x74 ./source/drivers/gpio.o
 .text.LedInit  0x000066c4       0x54 ./source/drivers/led.o
                0x000066c4                LedInit
 .text.LedOn    0x00006718       0x74 ./source/drivers/led.o
                0x00006718                LedOn
 .text.LedRedOn
                0x0000678c       0x24 ./source/drivers/led.o
                0x0000678c                LedRedOn
 .text.LedGreenOn
                0x000067b0       0x24 ./source/drivers/led.o
                0x000067b0                LedGreenOn
 .text.LedBlueOn
                0x000067d4       0x24 ./source/drivers/led.o
                0x000067d4                LedBlueOn
 .text.initLeds
                0x000067f8       0x5c ./source/drivers/leds.o
                0x000067f8                initLeds
 .text.clear_leds
                0x00006854       0x30 ./source/drivers/leds.o
                0x00006854                clear_leds
 .text.set_led  0x00006884       0x24 ./source/drivers/leds.o
                0x00006884                set_led
 .text.clear_led
                0x000068a8       0x24 ./source/drivers/leds.o
                0x000068a8                clear_led
 .text.toggle_led
                0x000068cc       0x40 ./source/drivers/leds.o
                0x000068cc                toggle_led
 .text.callback_leds
                0x0000690c       0x84 ./source/drivers/leds.o
 .text.messageInit
                0x00006990       0x24 ./source/drivers/message.o
                0x00006990                messageInit
 .text.messageHandlerStatus
                0x000069b4       0x28 ./source/drivers/message.o
                0x000069b4                messageHandlerStatus
 .text.messageGetEvent
                0x000069dc       0x38 ./source/drivers/message.o
                0x000069dc                messageGetEvent
 .text.messageSetStatus
                0x00006a14       0x34 ./source/drivers/message.o
                0x00006a14                messageSetStatus
 .text.getMessageSemPointer
                0x00006a48       0x14 ./source/drivers/message.o
                0x00006a48                getMessageSemPointer
 .text.timerInit
                0x00006a5c       0x28 ./source/drivers/timer.o
                0x00006a5c                timerInit
 .text.timerGetId
                0x00006a84       0x2c ./source/drivers/timer.o
                0x00006a84                timerGetId
 .text.timerStart
                0x00006ab0       0xa4 ./source/drivers/timer.o
                0x00006ab0                timerStart
 .text.timerRestart
                0x00006b54       0x6c ./source/drivers/timer.o
                0x00006b54                timerRestart
 .text.timerReset
                0x00006bc0       0x58 ./source/drivers/timer.o
                0x00006bc0                timerReset
 .text.timerActivate
                0x00006c18       0x58 ./source/drivers/timer.o
                0x00006c18                timerActivate
 .text.timer_isr
                0x00006c70       0xf4 ./source/drivers/timer.o
                0x00006c70                timer_isr
 .text.__NVIC_EnableIRQ
                0x00006d64       0x3c ./source/drivers/uart.o
 .text.uartInit
                0x00006da0      0x1ac ./source/drivers/uart.o
                0x00006da0                uartInit
 .text.uartReadMsg
                0x00006f4c       0x3c ./source/drivers/uart.o
                0x00006f4c                uartReadMsg
 .text.uartWriteMsg
                0x00006f88       0x50 ./source/drivers/uart.o
                0x00006f88                uartWriteMsg
 .text.UART_EnableClockGating
                0x00006fd8       0xdc ./source/drivers/uart.o
                0x00006fd8                UART_EnableClockGating
 .text.UART_SetBaudRate
                0x000070b4       0xb8 ./source/drivers/uart.o
                0x000070b4                UART_SetBaudRate
 .text.UART_SetEnableIRQ
                0x0000716c       0x60 ./source/drivers/uart.o
                0x0000716c                UART_SetEnableIRQ
 .text.uart_irq_handler
                0x000071cc       0xb4 ./source/drivers/uart.o
                0x000071cc                uart_irq_handler
 .text.App_Init
                0x00007280       0x94 ./source/App.o
                0x00007280                App_Init
 .text.App_Run  0x00007314      0x130 ./source/App.o
                0x00007314                App_Run
 .text.idle     0x00007444       0xdc ./source/App.o
 .text.modificar_id
                0x00007520      0x27c ./source/App.o
 .text.modificar_pass
                0x0000779c      0x1f4 ./source/App.o
 .text.modificar_brillo
                0x00007990       0x8c ./source/App.o
 .text.verificar_estado
                0x00007a1c      0x12c ./source/App.o
 .text.open_door
                0x00007b48       0x64 ./source/App.o
 .text.wrong_pin
                0x00007bac       0xdc ./source/App.o
 .text.reset_all
                0x00007c88       0x60 ./source/App.o
 .text.id_reset
                0x00007ce8       0x3c ./source/App.o
 .text.pass_reset
                0x00007d24       0x3c ./source/App.o
 .text.sec_callback
                0x00007d60       0x20 ./source/App.o
 .text.show_pass
                0x00007d80       0x54 ./source/App.o
 .text.SendData
                0x00007dd4       0x78 ./source/App_cloud.o
                0x00007dd4                SendData
 .text.KeepAlive
                0x00007e4c       0x18 ./source/App_cloud.o
                0x00007e4c                KeepAlive
 .text.checkRX  0x00007e64       0x88 ./source/App_cloud.o
                0x00007e64                checkRX
 .text.cloudTimer_IRQ
                0x00007eec       0x48 ./source/App_cloud.o
                0x00007eec                cloudTimer_IRQ
 .text.Task3    0x00007f34       0x3c ./source/main.o
 .text.Task2    0x00007f70       0x44 ./source/main.o
 .text.TaskMain
                0x00007fb4       0xc4 ./source/main.o
 .text.main     0x00008078      0x110 ./source/main.o
                0x00008078                main
 .text.hw_Init  0x00008188      0x108 ./SDK/startup/hardware.o
                0x00008188                hw_Init
 .text.hw_EnableInterrupts
                0x00008290       0x30 ./SDK/startup/hardware.o
                0x00008290                hw_EnableInterrupts
 .text.hw_DisableInterrupts
                0x000082c0       0x20 ./SDK/startup/hardware.o
                0x000082c0                hw_DisableInterrupts
 .text.SystemInit
                0x000082e0       0x3c ./SDK/CMSIS/system_MK64F12.o
                0x000082e0                SystemInit
 .text.SystemCoreClockUpdate
                0x0000831c      0x278 ./SDK/CMSIS/system_MK64F12.o
                0x0000831c                SystemCoreClockUpdate
 .text.arr_eq   0x00008594       0x62 ./source/utils/utils.o
                0x00008594                arr_eq
 .text.OSCfg_Init
                0x000085f6        0xe ./source/rtos/uCOSIII/src/uCOS-III/Source/os_cfg_app.o
                0x000085f6                OSCfg_Init
 .text.OS_PendDataInit
                0x00008604       0x6c ./source/rtos/uCOSIII/src/uCOS-III/Source/os_core.o
                0x00008604                OS_PendDataInit
 .text.OS_PendListChangePrio
                0x00008670       0x56 ./source/rtos/uCOSIII/src/uCOS-III/Source/os_core.o
                0x00008670                OS_PendListChangePrio
 .text.OS_PendListInit
                0x000086c6       0x26 ./source/rtos/uCOSIII/src/uCOS-III/Source/os_core.o
                0x000086c6                OS_PendListInit
 .text.OS_PendListInsertPrio
                0x000086ec       0xe8 ./source/rtos/uCOSIII/src/uCOS-III/Source/os_core.o
                0x000086ec                OS_PendListInsertPrio
 .text.OS_PendListRemove
                0x000087d4       0x54 ./source/rtos/uCOSIII/src/uCOS-III/Source/os_core.o
                0x000087d4                OS_PendListRemove
 .text.OS_PendListRemove1
                0x00008828       0x94 ./source/rtos/uCOSIII/src/uCOS-III/Source/os_core.o
                0x00008828                OS_PendListRemove1
 .text.OS_Post1
                0x000088bc       0x60 ./source/rtos/uCOSIII/src/uCOS-III/Source/os_core.o
                0x000088bc                OS_Post1
 .text.OS_RdyListMoveHeadToTail
                0x0000891c       0x90 ./source/rtos/uCOSIII/src/uCOS-III/Source/os_core.o
                0x0000891c                OS_RdyListMoveHeadToTail
 .text.OS_MsgQInit
                0x000089ac       0x36 ./source/rtos/uCOSIII/src/uCOS-III/Source/os_msg.o
                0x000089ac                OS_MsgQInit
 .text.OS_MutexGrpAdd
                0x000089e2       0x24 ./source/rtos/uCOSIII/src/uCOS-III/Source/os_mutex.o
                0x000089e2                OS_MutexGrpAdd
 .text.OS_MutexGrpRemove
                0x00008a06       0x3a ./source/rtos/uCOSIII/src/uCOS-III/Source/os_mutex.o
                0x00008a06                OS_MutexGrpRemove
 .text.OS_MutexGrpPrioFindHighest
                0x00008a40       0x56 ./source/rtos/uCOSIII/src/uCOS-III/Source/os_mutex.o
                0x00008a40                OS_MutexGrpPrioFindHighest
 .text.OS_MutexGrpPostAll
                0x00008a96       0x86 ./source/rtos/uCOSIII/src/uCOS-III/Source/os_mutex.o
                0x00008a96                OS_MutexGrpPostAll
 .text.OS_QPost
                0x00008b1c       0xce ./source/rtos/uCOSIII/src/uCOS-III/Source/os_q.o
                0x00008b1c                OS_QPost
 .text.OS_SemPost
                0x00008bea       0xde ./source/rtos/uCOSIII/src/uCOS-III/Source/os_sem.o
                0x00008bea                OS_SemPost
 .text.OSTaskSemPost
                0x00008cc8       0x44 ./source/rtos/uCOSIII/src/uCOS-III/Source/os_task.o
                0x00008cc8                OSTaskSemPost
 .text.OS_TickListInsert
                0x00008d0c      0x12e ./source/rtos/uCOSIII/src/uCOS-III/Source/os_tick.o
                0x00008d0c                OS_TickListInsert
 .text.OS_TickListRemove
                0x00008e3a       0xca ./source/rtos/uCOSIII/src/uCOS-III/Source/os_tick.o
                0x00008e3a                OS_TickListRemove
 .text.OS_TickListResetPeak
                0x00008f04        0xe ./source/rtos/uCOSIII/src/uCOS-III/Source/os_tick.o
                0x00008f04                OS_TickListResetPeak
 .text.OS_TmrResetPeak
                0x00008f12        0xe ./source/rtos/uCOSIII/src/uCOS-III/Source/os_tmr.o
                0x00008f12                OS_TmrResetPeak
 .text.SysTick_Handler
                0x00008f20       0x2a ./source/rtos/uCOSIII/src/uCOS-III/Ports/ARM-Cortex-M4/Generic/GNU/os_cpu_c.o
                0x00008f20                SysTick_Handler
 .text.CPU_Init
                0x00008f4a        0xc ./source/rtos/uCOSIII/src/uC-CPU/cpu_core.o
                0x00008f4a                CPU_Init
 .text.set_segment
                0x00008f56       0x2e ./source/drivers/display.o
                0x00008f56                set_segment
 .text.FIFO_WriteToBuffer
                0x00008f84       0x4e ./source/drivers/fifo.o
                0x00008f84                FIFO_WriteToBuffer
 .text.FIFO_ReadFromBuffer
                0x00008fd2       0x62 ./source/drivers/fifo.o
                0x00008fd2                FIFO_ReadFromBuffer
 .text.PORTA_IRQHandler
                0x00009034       0x1e ./source/drivers/gpio.o
                0x00009034                PORTA_IRQHandler
 .text.PORTB_IRQHandler
                0x00009052       0x1e ./source/drivers/gpio.o
                0x00009052                PORTB_IRQHandler
 .text.PORTC_IRQHandler
                0x00009070       0x1e ./source/drivers/gpio.o
                0x00009070                PORTC_IRQHandler
 .text.PORTD_IRQHandler
                0x0000908e       0x1e ./source/drivers/gpio.o
                0x0000908e                PORTD_IRQHandler
 .text.PORTE_IRQHandler
                0x000090ac       0x1e ./source/drivers/gpio.o
                0x000090ac                PORTE_IRQHandler
 .text.LedOff   0x000090ca       0x20 ./source/drivers/led.o
                0x000090ca                LedOff
 .text.timerCreate
                0x000090ea       0x2e ./source/drivers/timer.o
                0x000090ea                timerCreate
 .text.UART_DisableTxRx
                0x00009118       0x24 ./source/drivers/uart.o
                0x00009118                UART_DisableTxRx
 .text.UART_EnableTxRx
                0x0000913c       0x1a ./source/drivers/uart.o
                0x0000913c                UART_EnableTxRx
 .text.UART_SetParity
                0x00009156       0x6c ./source/drivers/uart.o
                0x00009156                UART_SetParity
 .text.UART_SetDataSize
                0x000091c2       0x40 ./source/drivers/uart.o
                0x000091c2                UART_SetDataSize
 .text.UART_SetStopBit
                0x00009202       0x40 ./source/drivers/uart.o
                0x00009202                UART_SetStopBit
 .text.UART0_RX_TX_IRQHandler
                0x00009242       0x1e ./source/drivers/uart.o
                0x00009242                UART0_RX_TX_IRQHandler
 .text.UART1_RX_TX_IRQHandler
                0x00009260       0x1e ./source/drivers/uart.o
                0x00009260                UART1_RX_TX_IRQHandler
 .text.UART2_RX_TX_IRQHandler
                0x0000927e       0x1e ./source/drivers/uart.o
                0x0000927e                UART2_RX_TX_IRQHandler
 .text.UART3_RX_TX_IRQHandler
                0x0000929c       0x1e ./source/drivers/uart.o
                0x0000929c                UART3_RX_TX_IRQHandler
 .text.UART4_RX_TX_IRQHandler
                0x000092ba       0x1e ./source/drivers/uart.o
                0x000092ba                UART4_RX_TX_IRQHandler
 .text.show_input
                0x000092d8       0x54 ./source/App.o
 .text.show_message
                0x0000932c       0x22 ./source/App.o
 .text.show_brightness
                0x0000934e       0xa0 ./source/App.o
 .text.App_Init_cloud
                0x000093ee       0x26 ./source/App_cloud.o
                0x000093ee                App_Init_cloud
 .text.handle_RX
                0x00009414       0x56 ./source/App_cloud.o
                0x00009414                handle_RX
 .text.HardFault_Handler
                0x0000946a       0x2c ./SDK/startup/semihost_hardfault.o
                0x0000946a                HardFault_Handler
 .text.DMA0_IRQHandler
                0x00009496        0x8 ./SDK/startup/startup_mk64f12.o
                0x00009496                DMA0_IRQHandler
 .text.DMA1_IRQHandler
                0x0000949e        0x8 ./SDK/startup/startup_mk64f12.o
                0x0000949e                DMA1_IRQHandler
 .text.DMA2_IRQHandler
                0x000094a6        0x8 ./SDK/startup/startup_mk64f12.o
                0x000094a6                DMA2_IRQHandler
 .text.DMA3_IRQHandler
                0x000094ae        0x8 ./SDK/startup/startup_mk64f12.o
                0x000094ae                DMA3_IRQHandler
 .text.DMA4_IRQHandler
                0x000094b6        0x8 ./SDK/startup/startup_mk64f12.o
                0x000094b6                DMA4_IRQHandler
 .text.DMA5_IRQHandler
                0x000094be        0x8 ./SDK/startup/startup_mk64f12.o
                0x000094be                DMA5_IRQHandler
 .text.DMA6_IRQHandler
                0x000094c6        0x8 ./SDK/startup/startup_mk64f12.o
                0x000094c6                DMA6_IRQHandler
 .text.DMA7_IRQHandler
                0x000094ce        0x8 ./SDK/startup/startup_mk64f12.o
                0x000094ce                DMA7_IRQHandler
 .text.DMA8_IRQHandler
                0x000094d6        0x8 ./SDK/startup/startup_mk64f12.o
                0x000094d6                DMA8_IRQHandler
 .text.DMA9_IRQHandler
                0x000094de        0x8 ./SDK/startup/startup_mk64f12.o
                0x000094de                DMA9_IRQHandler
 .text.DMA10_IRQHandler
                0x000094e6        0x8 ./SDK/startup/startup_mk64f12.o
                0x000094e6                DMA10_IRQHandler
 .text.DMA11_IRQHandler
                0x000094ee        0x8 ./SDK/startup/startup_mk64f12.o
                0x000094ee                DMA11_IRQHandler
 .text.DMA12_IRQHandler
                0x000094f6        0x8 ./SDK/startup/startup_mk64f12.o
                0x000094f6                DMA12_IRQHandler
 .text.DMA13_IRQHandler
                0x000094fe        0x8 ./SDK/startup/startup_mk64f12.o
                0x000094fe                DMA13_IRQHandler
 .text.DMA14_IRQHandler
                0x00009506        0x8 ./SDK/startup/startup_mk64f12.o
                0x00009506                DMA14_IRQHandler
 .text.DMA15_IRQHandler
                0x0000950e        0x8 ./SDK/startup/startup_mk64f12.o
                0x0000950e                DMA15_IRQHandler
 .text.DMA_Error_IRQHandler
                0x00009516        0x8 ./SDK/startup/startup_mk64f12.o
                0x00009516                DMA_Error_IRQHandler
 .text.MCM_IRQHandler
                0x0000951e        0x8 ./SDK/startup/startup_mk64f12.o
                0x0000951e                MCM_IRQHandler
 .text.FTFE_IRQHandler
                0x00009526        0x8 ./SDK/startup/startup_mk64f12.o
                0x00009526                FTFE_IRQHandler
 .text.Read_Collision_IRQHandler
                0x0000952e        0x8 ./SDK/startup/startup_mk64f12.o
                0x0000952e                Read_Collision_IRQHandler
 .text.LVD_LVW_IRQHandler
                0x00009536        0x8 ./SDK/startup/startup_mk64f12.o
                0x00009536                LVD_LVW_IRQHandler
 .text.LLWU_IRQHandler
                0x0000953e        0x8 ./SDK/startup/startup_mk64f12.o
                0x0000953e                LLWU_IRQHandler
 .text.WDOG_EWM_IRQHandler
                0x00009546        0x8 ./SDK/startup/startup_mk64f12.o
                0x00009546                WDOG_EWM_IRQHandler
 .text.RNG_IRQHandler
                0x0000954e        0x8 ./SDK/startup/startup_mk64f12.o
                0x0000954e                RNG_IRQHandler
 .text.I2C0_IRQHandler
                0x00009556        0x8 ./SDK/startup/startup_mk64f12.o
                0x00009556                I2C0_IRQHandler
 .text.I2C1_IRQHandler
                0x0000955e        0x8 ./SDK/startup/startup_mk64f12.o
                0x0000955e                I2C1_IRQHandler
 .text.SPI0_IRQHandler
                0x00009566        0x8 ./SDK/startup/startup_mk64f12.o
                0x00009566                SPI0_IRQHandler
 .text.SPI1_IRQHandler
                0x0000956e        0x8 ./SDK/startup/startup_mk64f12.o
                0x0000956e                SPI1_IRQHandler
 .text.I2S0_Tx_IRQHandler
                0x00009576        0x8 ./SDK/startup/startup_mk64f12.o
                0x00009576                I2S0_Tx_IRQHandler
 .text.I2S0_Rx_IRQHandler
                0x0000957e        0x8 ./SDK/startup/startup_mk64f12.o
                0x0000957e                I2S0_Rx_IRQHandler
 .text.UART0_LON_IRQHandler
                0x00009586        0x8 ./SDK/startup/startup_mk64f12.o
                0x00009586                UART0_LON_IRQHandler
 .text.UART0_ERR_IRQHandler
                0x0000958e        0x8 ./SDK/startup/startup_mk64f12.o
                0x0000958e                UART0_ERR_IRQHandler
 .text.UART1_ERR_IRQHandler
                0x00009596        0x8 ./SDK/startup/startup_mk64f12.o
                0x00009596                UART1_ERR_IRQHandler
 .text.UART2_ERR_IRQHandler
                0x0000959e        0x8 ./SDK/startup/startup_mk64f12.o
                0x0000959e                UART2_ERR_IRQHandler
 .text.UART3_ERR_IRQHandler
                0x000095a6        0x8 ./SDK/startup/startup_mk64f12.o
                0x000095a6                UART3_ERR_IRQHandler
 .text.ADC0_IRQHandler
                0x000095ae        0x8 ./SDK/startup/startup_mk64f12.o
                0x000095ae                ADC0_IRQHandler
 .text.CMP0_IRQHandler
                0x000095b6        0x8 ./SDK/startup/startup_mk64f12.o
                0x000095b6                CMP0_IRQHandler
 .text.CMP1_IRQHandler
                0x000095be        0x8 ./SDK/startup/startup_mk64f12.o
                0x000095be                CMP1_IRQHandler
 .text.FTM0_IRQHandler
                0x000095c6        0x8 ./SDK/startup/startup_mk64f12.o
                0x000095c6                FTM0_IRQHandler
 .text.FTM1_IRQHandler
                0x000095ce        0x8 ./SDK/startup/startup_mk64f12.o
                0x000095ce                FTM1_IRQHandler
 .text.FTM2_IRQHandler
                0x000095d6        0x8 ./SDK/startup/startup_mk64f12.o
                0x000095d6                FTM2_IRQHandler
 .text.CMT_IRQHandler
                0x000095de        0x8 ./SDK/startup/startup_mk64f12.o
                0x000095de                CMT_IRQHandler
 .text.RTC_IRQHandler
                0x000095e6        0x8 ./SDK/startup/startup_mk64f12.o
                0x000095e6                RTC_IRQHandler
 .text.RTC_Seconds_IRQHandler
                0x000095ee        0x8 ./SDK/startup/startup_mk64f12.o
                0x000095ee                RTC_Seconds_IRQHandler
 .text.PIT0_IRQHandler
                0x000095f6        0x8 ./SDK/startup/startup_mk64f12.o
                0x000095f6                PIT0_IRQHandler
 .text.PIT1_IRQHandler
                0x000095fe        0x8 ./SDK/startup/startup_mk64f12.o
                0x000095fe                PIT1_IRQHandler
 .text.PIT2_IRQHandler
                0x00009606        0x8 ./SDK/startup/startup_mk64f12.o
                0x00009606                PIT2_IRQHandler
 .text.PIT3_IRQHandler
                0x0000960e        0x8 ./SDK/startup/startup_mk64f12.o
                0x0000960e                PIT3_IRQHandler
 .text.PDB0_IRQHandler
                0x00009616        0x8 ./SDK/startup/startup_mk64f12.o
                0x00009616                PDB0_IRQHandler
 .text.USB0_IRQHandler
                0x0000961e        0x8 ./SDK/startup/startup_mk64f12.o
                0x0000961e                USB0_IRQHandler
 .text.USBDCD_IRQHandler
                0x00009626        0x8 ./SDK/startup/startup_mk64f12.o
                0x00009626                USBDCD_IRQHandler
 .text.Reserved71_IRQHandler
                0x0000962e        0x8 ./SDK/startup/startup_mk64f12.o
                0x0000962e                Reserved71_IRQHandler
 .text.DAC0_IRQHandler
                0x00009636        0x8 ./SDK/startup/startup_mk64f12.o
                0x00009636                DAC0_IRQHandler
 .text.MCG_IRQHandler
                0x0000963e        0x8 ./SDK/startup/startup_mk64f12.o
                0x0000963e                MCG_IRQHandler
 .text.LPTMR0_IRQHandler
                0x00009646        0x8 ./SDK/startup/startup_mk64f12.o
                0x00009646                LPTMR0_IRQHandler
 .text.SWI_IRQHandler
                0x0000964e        0x8 ./SDK/startup/startup_mk64f12.o
                0x0000964e                SWI_IRQHandler
 .text.SPI2_IRQHandler
                0x00009656        0x8 ./SDK/startup/startup_mk64f12.o
                0x00009656                SPI2_IRQHandler
 .text.UART4_ERR_IRQHandler
                0x0000965e        0x8 ./SDK/startup/startup_mk64f12.o
                0x0000965e                UART4_ERR_IRQHandler
 .text.UART5_RX_TX_IRQHandler
                0x00009666        0x8 ./SDK/startup/startup_mk64f12.o
                0x00009666                UART5_RX_TX_IRQHandler
 .text.UART5_ERR_IRQHandler
                0x0000966e        0x8 ./SDK/startup/startup_mk64f12.o
                0x0000966e                UART5_ERR_IRQHandler
 .text.CMP2_IRQHandler
                0x00009676        0x8 ./SDK/startup/startup_mk64f12.o
                0x00009676                CMP2_IRQHandler
 .text.FTM3_IRQHandler
                0x0000967e        0x8 ./SDK/startup/startup_mk64f12.o
                0x0000967e                FTM3_IRQHandler
 .text.DAC1_IRQHandler
                0x00009686        0x8 ./SDK/startup/startup_mk64f12.o
                0x00009686                DAC1_IRQHandler
 .text.ADC1_IRQHandler
                0x0000968e        0x8 ./SDK/startup/startup_mk64f12.o
                0x0000968e                ADC1_IRQHandler
 .text.I2C2_IRQHandler
                0x00009696        0x8 ./SDK/startup/startup_mk64f12.o
                0x00009696                I2C2_IRQHandler
 .text.CAN0_ORed_Message_buffer_IRQHandler
                0x0000969e        0x8 ./SDK/startup/startup_mk64f12.o
                0x0000969e                CAN0_ORed_Message_buffer_IRQHandler
 .text.CAN0_Bus_Off_IRQHandler
                0x000096a6        0x8 ./SDK/startup/startup_mk64f12.o
                0x000096a6                CAN0_Bus_Off_IRQHandler
 .text.CAN0_Error_IRQHandler
                0x000096ae        0x8 ./SDK/startup/startup_mk64f12.o
                0x000096ae                CAN0_Error_IRQHandler
 .text.CAN0_Tx_Warning_IRQHandler
                0x000096b6        0x8 ./SDK/startup/startup_mk64f12.o
                0x000096b6                CAN0_Tx_Warning_IRQHandler
 .text.CAN0_Rx_Warning_IRQHandler
                0x000096be        0x8 ./SDK/startup/startup_mk64f12.o
                0x000096be                CAN0_Rx_Warning_IRQHandler
 .text.CAN0_Wake_Up_IRQHandler
                0x000096c6        0x8 ./SDK/startup/startup_mk64f12.o
                0x000096c6                CAN0_Wake_Up_IRQHandler
 .text.SDHC_IRQHandler
                0x000096ce        0x8 ./SDK/startup/startup_mk64f12.o
                0x000096ce                SDHC_IRQHandler
 .text.ENET_1588_Timer_IRQHandler
                0x000096d6        0x8 ./SDK/startup/startup_mk64f12.o
                0x000096d6                ENET_1588_Timer_IRQHandler
 .text.ENET_Transmit_IRQHandler
                0x000096de        0x8 ./SDK/startup/startup_mk64f12.o
                0x000096de                ENET_Transmit_IRQHandler
 .text.ENET_Receive_IRQHandler
                0x000096e6        0x8 ./SDK/startup/startup_mk64f12.o
                0x000096e6                ENET_Receive_IRQHandler
 .text.ENET_Error_IRQHandler
                0x000096ee        0x8 ./SDK/startup/startup_mk64f12.o
                0x000096ee                ENET_Error_IRQHandler
 .text.SystemInitHook
                0x000096f6        0xe ./SDK/CMSIS/system_MK64F12.o
                0x000096f6                SystemInitHook
 *(SORT_BY_ALIGNMENT(.rodata) SORT_BY_ALIGNMENT(.rodata.*) SORT_BY_ALIGNMENT(.constdata) SORT_BY_ALIGNMENT(.constdata.*))
 .rodata        0x00009704       0x4e ./source/users/user.o
 *fill*         0x00009752        0x2 ff
 .rodata        0x00009754       0x47 ./source/users/user_cloud.o
 *fill*         0x0000979b        0x1 ff
 .rodata.OSCfg_IdleTaskStkBasePtr
                0x0000979c        0x4 ./source/rtos/uCOSIII/src/uCOS-III/Source/os_cfg_app.o
                0x0000979c                OSCfg_IdleTaskStkBasePtr
 .rodata.OSCfg_IdleTaskStkLimit
                0x000097a0        0x4 ./source/rtos/uCOSIII/src/uCOS-III/Source/os_cfg_app.o
                0x000097a0                OSCfg_IdleTaskStkLimit
 .rodata.OSCfg_IdleTaskStkSize
                0x000097a4        0x4 ./source/rtos/uCOSIII/src/uCOS-III/Source/os_cfg_app.o
                0x000097a4                OSCfg_IdleTaskStkSize
 .rodata.OSCfg_ISRStkBasePtr
                0x000097a8        0x4 ./source/rtos/uCOSIII/src/uCOS-III/Source/os_cfg_app.o
                0x000097a8                OSCfg_ISRStkBasePtr
 .rodata.OSCfg_ISRStkSize
                0x000097ac        0x4 ./source/rtos/uCOSIII/src/uCOS-III/Source/os_cfg_app.o
                0x000097ac                OSCfg_ISRStkSize
 .rodata.OSCfg_MsgPoolBasePtr
                0x000097b0        0x4 ./source/rtos/uCOSIII/src/uCOS-III/Source/os_cfg_app.o
                0x000097b0                OSCfg_MsgPoolBasePtr
 .rodata.OSCfg_StatTaskRate_Hz
                0x000097b4        0x4 ./source/rtos/uCOSIII/src/uCOS-III/Source/os_cfg_app.o
                0x000097b4                OSCfg_StatTaskRate_Hz
 .rodata.OSCfg_StatTaskStkBasePtr
                0x000097b8        0x4 ./source/rtos/uCOSIII/src/uCOS-III/Source/os_cfg_app.o
                0x000097b8                OSCfg_StatTaskStkBasePtr
 .rodata.OSCfg_StatTaskStkLimit
                0x000097bc        0x4 ./source/rtos/uCOSIII/src/uCOS-III/Source/os_cfg_app.o
                0x000097bc                OSCfg_StatTaskStkLimit
 .rodata.OSCfg_StatTaskStkSize
                0x000097c0        0x4 ./source/rtos/uCOSIII/src/uCOS-III/Source/os_cfg_app.o
                0x000097c0                OSCfg_StatTaskStkSize
 .rodata.OSCfg_StkSizeMin
                0x000097c4        0x4 ./source/rtos/uCOSIII/src/uCOS-III/Source/os_cfg_app.o
                0x000097c4                OSCfg_StkSizeMin
 .rodata.OSCfg_TickRate_Hz
                0x000097c8        0x4 ./source/rtos/uCOSIII/src/uCOS-III/Source/os_cfg_app.o
                0x000097c8                OSCfg_TickRate_Hz
 .rodata.OSCfg_TickTaskStkBasePtr
                0x000097cc        0x4 ./source/rtos/uCOSIII/src/uCOS-III/Source/os_cfg_app.o
                0x000097cc                OSCfg_TickTaskStkBasePtr
 .rodata.OSCfg_TickTaskStkLimit
                0x000097d0        0x4 ./source/rtos/uCOSIII/src/uCOS-III/Source/os_cfg_app.o
                0x000097d0                OSCfg_TickTaskStkLimit
 .rodata.OSCfg_TickTaskStkSize
                0x000097d4        0x4 ./source/rtos/uCOSIII/src/uCOS-III/Source/os_cfg_app.o
                0x000097d4                OSCfg_TickTaskStkSize
 .rodata.OSCfg_TmrTaskRate_Hz
                0x000097d8        0x4 ./source/rtos/uCOSIII/src/uCOS-III/Source/os_cfg_app.o
                0x000097d8                OSCfg_TmrTaskRate_Hz
 .rodata.OSCfg_TmrTaskStkBasePtr
                0x000097dc        0x4 ./source/rtos/uCOSIII/src/uCOS-III/Source/os_cfg_app.o
                0x000097dc                OSCfg_TmrTaskStkBasePtr
 .rodata.OSCfg_TmrTaskStkLimit
                0x000097e0        0x4 ./source/rtos/uCOSIII/src/uCOS-III/Source/os_cfg_app.o
                0x000097e0                OSCfg_TmrTaskStkLimit
 .rodata.OSCfg_TmrTaskStkSize
                0x000097e4        0x4 ./source/rtos/uCOSIII/src/uCOS-III/Source/os_cfg_app.o
                0x000097e4                OSCfg_TmrTaskStkSize
 .rodata        0x000097e8       0x2a ./source/rtos/uCOSIII/src/uCOS-III/Source/os_core.o
 *fill*         0x00009812        0x2 ff
 .rodata.OSDbg_EndiannessTest
                0x00009814        0x4 ./source/rtos/uCOSIII/src/uCOS-III/Source/os_dbg.o
                0x00009814                OSDbg_EndiannessTest
 .rodata.OSDbg_FlagGrp
                0x00009818       0x28 ./source/rtos/uCOSIII/src/uCOS-III/Source/os_dbg.o
                0x00009818                OSDbg_FlagGrp
 .rodata.OSDbg_Mem
                0x00009840       0x20 ./source/rtos/uCOSIII/src/uCOS-III/Source/os_dbg.o
                0x00009840                OSDbg_Mem
 .rodata.OSDbg_Mutex
                0x00009860       0x30 ./source/rtos/uCOSIII/src/uCOS-III/Source/os_dbg.o
                0x00009860                OSDbg_Mutex
 .rodata.OSDbg_Q
                0x00009890       0x30 ./source/rtos/uCOSIII/src/uCOS-III/Source/os_dbg.o
                0x00009890                OSDbg_Q
 .rodata.OSDbg_Sem
                0x000098c0       0x28 ./source/rtos/uCOSIII/src/uCOS-III/Source/os_dbg.o
                0x000098c0                OSDbg_Sem
 .rodata.OSDbg_RdyListSize
                0x000098e8        0x4 ./source/rtos/uCOSIII/src/uCOS-III/Source/os_dbg.o
                0x000098e8                OSDbg_RdyListSize
 .rodata.OSDbg_Tmr
                0x000098ec       0x30 ./source/rtos/uCOSIII/src/uCOS-III/Source/os_dbg.o
                0x000098ec                OSDbg_Tmr
 .rodata.OSDbg_DataSize
                0x0000991c        0x4 ./source/rtos/uCOSIII/src/uCOS-III/Source/os_dbg.o
                0x0000991c                OSDbg_DataSize
 .rodata        0x00009920        0xa ./source/rtos/uCOSIII/src/uCOS-III/Source/os_mutex.o
 *fill*         0x0000992a        0x2 ff
 .rodata        0x0000992c        0x6 ./source/rtos/uCOSIII/src/uCOS-III/Source/os_q.o
 *fill*         0x00009932        0x2 ff
 .rodata        0x00009934        0xa ./source/rtos/uCOSIII/src/uCOS-III/Source/os_sem.o
 *fill*         0x0000993e        0x2 ff
 .rodata        0x00009940       0x14 ./source/rtos/uCOSIII/src/uCOS-III/Source/os_stat.o
 .rodata        0x00009954        0xa ./source/rtos/uCOSIII/src/uCOS-III/Source/os_task.o
 *fill*         0x0000995e        0x2 ff
 .rodata        0x00009960       0x14 ./source/rtos/uCOSIII/src/uCOS-III/Source/os_tick.o
 .rodata        0x00009974       0x2d ./source/rtos/uCOSIII/src/uCOS-III/Source/os_tmr.o
 *fill*         0x000099a1        0x3 ff
 .rodata        0x000099a4        0xb ./source/drivers/button.o
 *fill*         0x000099af        0x1 ff
 .rodata        0x000099b0       0x39 ./source/drivers/card_reader.o
 *fill*         0x000099e9        0x3 ff
 .rodata        0x000099ec        0xc ./source/drivers/encoder.o
 .rodata.PORT_PTRS
                0x000099f8       0x14 ./source/drivers/gpio.o
 .rodata.GPIO_PTRS
                0x00009a0c       0x14 ./source/drivers/gpio.o
 .rodata.IRQC_MODES
                0x00009a20       0x18 ./source/drivers/gpio.o
 .rodata        0x00009a38        0xc ./source/drivers/message.o
 .rodata.PORT_SCG
                0x00009a44        0xa ./source/drivers/uart.o
                0x00009a44                PORT_SCG
 *fill*         0x00009a4e        0x2 ff
 .rodata.UART_ptrs
                0x00009a50       0x18 ./source/drivers/uart.o
 .rodata.addr_arrays
                0x00009a68       0x14 ./source/drivers/uart.o
 .rodata.TX_PINS
                0x00009a7c        0x5 ./source/drivers/uart.o
 *fill*         0x00009a81        0x3 ff
 .rodata.RX_PINS
                0x00009a84        0x5 ./source/drivers/uart.o
 *fill*         0x00009a89        0x3 ff
 .rodata        0x00009a8c       0x29 ./source/App.o
 *fill*         0x00009ab5        0x3 ff
 .rodata        0x00009ab8       0x2a ./source/main.o
 .rodata.OSCfg_MsgPoolSize
                0x00009ae2        0x2 ./source/rtos/uCOSIII/src/uCOS-III/Source/os_cfg_app.o
                0x00009ae2                OSCfg_MsgPoolSize
 .rodata.OSDbg_FlagGrpSize
                0x00009ae4        0x2 ./source/rtos/uCOSIII/src/uCOS-III/Source/os_dbg.o
                0x00009ae4                OSDbg_FlagGrpSize
 .rodata.OSDbg_FlagWidth
                0x00009ae6        0x2 ./source/rtos/uCOSIII/src/uCOS-III/Source/os_dbg.o
                0x00009ae6                OSDbg_FlagWidth
 .rodata.OSDbg_MemSize
                0x00009ae8        0x2 ./source/rtos/uCOSIII/src/uCOS-III/Source/os_dbg.o
                0x00009ae8                OSDbg_MemSize
 .rodata.OSDbg_MsgSize
                0x00009aea        0x2 ./source/rtos/uCOSIII/src/uCOS-III/Source/os_dbg.o
                0x00009aea                OSDbg_MsgSize
 .rodata.OSDbg_MsgPoolSize
                0x00009aec        0x2 ./source/rtos/uCOSIII/src/uCOS-III/Source/os_dbg.o
                0x00009aec                OSDbg_MsgPoolSize
 .rodata.OSDbg_MsgQSize
                0x00009aee        0x2 ./source/rtos/uCOSIII/src/uCOS-III/Source/os_dbg.o
                0x00009aee                OSDbg_MsgQSize
 .rodata.OSDbg_MutexSize
                0x00009af0        0x2 ./source/rtos/uCOSIII/src/uCOS-III/Source/os_dbg.o
                0x00009af0                OSDbg_MutexSize
 .rodata.OSDbg_PendDataSize
                0x00009af2        0x2 ./source/rtos/uCOSIII/src/uCOS-III/Source/os_dbg.o
                0x00009af2                OSDbg_PendDataSize
 .rodata.OSDbg_PendListSize
                0x00009af4        0x2 ./source/rtos/uCOSIII/src/uCOS-III/Source/os_dbg.o
                0x00009af4                OSDbg_PendListSize
 .rodata.OSDbg_PendObjSize
                0x00009af6        0x2 ./source/rtos/uCOSIII/src/uCOS-III/Source/os_dbg.o
                0x00009af6                OSDbg_PendObjSize
 .rodata.OSDbg_PrioMax
                0x00009af8        0x2 ./source/rtos/uCOSIII/src/uCOS-III/Source/os_dbg.o
                0x00009af8                OSDbg_PrioMax
 .rodata.OSDbg_PrioTblSize
                0x00009afa        0x2 ./source/rtos/uCOSIII/src/uCOS-III/Source/os_dbg.o
                0x00009afa                OSDbg_PrioTblSize
 .rodata.OSDbg_PtrSize
                0x00009afc        0x2 ./source/rtos/uCOSIII/src/uCOS-III/Source/os_dbg.o
                0x00009afc                OSDbg_PtrSize
 .rodata.OSDbg_QSize
                0x00009afe        0x2 ./source/rtos/uCOSIII/src/uCOS-III/Source/os_dbg.o
                0x00009afe                OSDbg_QSize
 .rodata.OSDbg_SemSize
                0x00009b00        0x2 ./source/rtos/uCOSIII/src/uCOS-III/Source/os_dbg.o
                0x00009b00                OSDbg_SemSize
 .rodata.OSDbg_RdyList
                0x00009b02        0x2 ./source/rtos/uCOSIII/src/uCOS-III/Source/os_dbg.o
                0x00009b02                OSDbg_RdyList
 .rodata.OSDbg_TaskRegTblSize
                0x00009b04        0x2 ./source/rtos/uCOSIII/src/uCOS-III/Source/os_dbg.o
                0x00009b04                OSDbg_TaskRegTblSize
 .rodata.OSDbg_TCBSize
                0x00009b06        0x2 ./source/rtos/uCOSIII/src/uCOS-III/Source/os_dbg.o
                0x00009b06                OSDbg_TCBSize
 .rodata.OSDbg_TickListSize
                0x00009b08        0x2 ./source/rtos/uCOSIII/src/uCOS-III/Source/os_dbg.o
                0x00009b08                OSDbg_TickListSize
 .rodata.OSDbg_TmrSize
                0x00009b0a        0x2 ./source/rtos/uCOSIII/src/uCOS-III/Source/os_dbg.o
                0x00009b0a                OSDbg_TmrSize
 .rodata.OSDbg_VersionNbr
                0x00009b0c        0x2 ./source/rtos/uCOSIII/src/uCOS-III/Source/os_dbg.o
                0x00009b0c                OSDbg_VersionNbr
 .rodata.OSCfg_StatTaskPrio
                0x00009b0e        0x1 ./source/rtos/uCOSIII/src/uCOS-III/Source/os_cfg_app.o
                0x00009b0e                OSCfg_StatTaskPrio
 .rodata.OSCfg_TickTaskPrio
                0x00009b0f        0x1 ./source/rtos/uCOSIII/src/uCOS-III/Source/os_cfg_app.o
                0x00009b0f                OSCfg_TickTaskPrio
 .rodata.OSCfg_TmrTaskPrio
                0x00009b10        0x1 ./source/rtos/uCOSIII/src/uCOS-III/Source/os_cfg_app.o
                0x00009b10                OSCfg_TmrTaskPrio
 .rodata.OSDbg_DbgEn
                0x00009b11        0x1 ./source/rtos/uCOSIII/src/uCOS-III/Source/os_dbg.o
                0x00009b11                OSDbg_DbgEn
 .rodata.OSDbg_ArgChkEn
                0x00009b12        0x1 ./source/rtos/uCOSIII/src/uCOS-III/Source/os_dbg.o
                0x00009b12                OSDbg_ArgChkEn
 .rodata.OSDbg_AppHooksEn
                0x00009b13        0x1 ./source/rtos/uCOSIII/src/uCOS-III/Source/os_dbg.o
                0x00009b13                OSDbg_AppHooksEn
 .rodata.OSDbg_CalledFromISRChkEn
                0x00009b14        0x1 ./source/rtos/uCOSIII/src/uCOS-III/Source/os_dbg.o
                0x00009b14                OSDbg_CalledFromISRChkEn
 .rodata.OSDbg_FlagEn
                0x00009b15        0x1 ./source/rtos/uCOSIII/src/uCOS-III/Source/os_dbg.o
                0x00009b15                OSDbg_FlagEn
 .rodata.OSDbg_FlagDelEn
                0x00009b16        0x1 ./source/rtos/uCOSIII/src/uCOS-III/Source/os_dbg.o
                0x00009b16                OSDbg_FlagDelEn
 .rodata.OSDbg_FlagModeClrEn
                0x00009b17        0x1 ./source/rtos/uCOSIII/src/uCOS-III/Source/os_dbg.o
                0x00009b17                OSDbg_FlagModeClrEn
 .rodata.OSDbg_FlagPendAbortEn
                0x00009b18        0x1 ./source/rtos/uCOSIII/src/uCOS-III/Source/os_dbg.o
                0x00009b18                OSDbg_FlagPendAbortEn
 .rodata.OSDbg_ISRPostDeferredEn
                0x00009b19        0x1 ./source/rtos/uCOSIII/src/uCOS-III/Source/os_dbg.o
                0x00009b19                OSDbg_ISRPostDeferredEn
 .rodata.OSDbg_MemEn
                0x00009b1a        0x1 ./source/rtos/uCOSIII/src/uCOS-III/Source/os_dbg.o
                0x00009b1a                OSDbg_MemEn
 .rodata.OSDbg_MsgEn
                0x00009b1b        0x1 ./source/rtos/uCOSIII/src/uCOS-III/Source/os_dbg.o
                0x00009b1b                OSDbg_MsgEn
 .rodata.OSDbg_MutexEn
                0x00009b1c        0x1 ./source/rtos/uCOSIII/src/uCOS-III/Source/os_dbg.o
                0x00009b1c                OSDbg_MutexEn
 .rodata.OSDbg_MutexDelEn
                0x00009b1d        0x1 ./source/rtos/uCOSIII/src/uCOS-III/Source/os_dbg.o
                0x00009b1d                OSDbg_MutexDelEn
 .rodata.OSDbg_MutexPendAbortEn
                0x00009b1e        0x1 ./source/rtos/uCOSIII/src/uCOS-III/Source/os_dbg.o
                0x00009b1e                OSDbg_MutexPendAbortEn
 .rodata.OSDbg_ObjTypeChkEn
                0x00009b1f        0x1 ./source/rtos/uCOSIII/src/uCOS-III/Source/os_dbg.o
                0x00009b1f                OSDbg_ObjTypeChkEn
 .rodata.OSDbg_PendMultiEn
                0x00009b20        0x1 ./source/rtos/uCOSIII/src/uCOS-III/Source/os_dbg.o
                0x00009b20                OSDbg_PendMultiEn
 .rodata.OSDbg_QEn
                0x00009b21        0x1 ./source/rtos/uCOSIII/src/uCOS-III/Source/os_dbg.o
                0x00009b21                OSDbg_QEn
 .rodata.OSDbg_QDelEn
                0x00009b22        0x1 ./source/rtos/uCOSIII/src/uCOS-III/Source/os_dbg.o
                0x00009b22                OSDbg_QDelEn
 .rodata.OSDbg_QFlushEn
                0x00009b23        0x1 ./source/rtos/uCOSIII/src/uCOS-III/Source/os_dbg.o
                0x00009b23                OSDbg_QFlushEn
 .rodata.OSDbg_QPendAbortEn
                0x00009b24        0x1 ./source/rtos/uCOSIII/src/uCOS-III/Source/os_dbg.o
                0x00009b24                OSDbg_QPendAbortEn
 .rodata.OSDbg_SchedRoundRobinEn
                0x00009b25        0x1 ./source/rtos/uCOSIII/src/uCOS-III/Source/os_dbg.o
                0x00009b25                OSDbg_SchedRoundRobinEn
 .rodata.OSDbg_SemEn
                0x00009b26        0x1 ./source/rtos/uCOSIII/src/uCOS-III/Source/os_dbg.o
                0x00009b26                OSDbg_SemEn
 .rodata.OSDbg_SemDelEn
                0x00009b27        0x1 ./source/rtos/uCOSIII/src/uCOS-III/Source/os_dbg.o
                0x00009b27                OSDbg_SemDelEn
 .rodata.OSDbg_SemPendAbortEn
                0x00009b28        0x1 ./source/rtos/uCOSIII/src/uCOS-III/Source/os_dbg.o
                0x00009b28                OSDbg_SemPendAbortEn
 .rodata.OSDbg_SemSetEn
                0x00009b29        0x1 ./source/rtos/uCOSIII/src/uCOS-III/Source/os_dbg.o
                0x00009b29                OSDbg_SemSetEn
 .rodata.OSDbg_StkWidth
                0x00009b2a        0x1 ./source/rtos/uCOSIII/src/uCOS-III/Source/os_dbg.o
                0x00009b2a                OSDbg_StkWidth
 .rodata.OSDbg_StatTaskEn
                0x00009b2b        0x1 ./source/rtos/uCOSIII/src/uCOS-III/Source/os_dbg.o
                0x00009b2b                OSDbg_StatTaskEn
 .rodata.OSDbg_StatTaskStkChkEn
                0x00009b2c        0x1 ./source/rtos/uCOSIII/src/uCOS-III/Source/os_dbg.o
                0x00009b2c                OSDbg_StatTaskStkChkEn
 .rodata.OSDbg_TaskChangePrioEn
                0x00009b2d        0x1 ./source/rtos/uCOSIII/src/uCOS-III/Source/os_dbg.o
                0x00009b2d                OSDbg_TaskChangePrioEn
 .rodata.OSDbg_TaskDelEn
                0x00009b2e        0x1 ./source/rtos/uCOSIII/src/uCOS-III/Source/os_dbg.o
                0x00009b2e                OSDbg_TaskDelEn
 .rodata.OSDbg_TaskQEn
                0x00009b2f        0x1 ./source/rtos/uCOSIII/src/uCOS-III/Source/os_dbg.o
                0x00009b2f                OSDbg_TaskQEn
 .rodata.OSDbg_TaskQPendAbortEn
                0x00009b30        0x1 ./source/rtos/uCOSIII/src/uCOS-III/Source/os_dbg.o
                0x00009b30                OSDbg_TaskQPendAbortEn
 .rodata.OSDbg_TaskProfileEn
                0x00009b31        0x1 ./source/rtos/uCOSIII/src/uCOS-III/Source/os_dbg.o
                0x00009b31                OSDbg_TaskProfileEn
 .rodata.OSDbg_TaskSemPendAbortEn
                0x00009b32        0x1 ./source/rtos/uCOSIII/src/uCOS-III/Source/os_dbg.o
                0x00009b32                OSDbg_TaskSemPendAbortEn
 .rodata.OSDbg_TaskSuspendEn
                0x00009b33        0x1 ./source/rtos/uCOSIII/src/uCOS-III/Source/os_dbg.o
                0x00009b33                OSDbg_TaskSuspendEn
 .rodata.OSDbg_TimeDlyHMSMEn
                0x00009b34        0x1 ./source/rtos/uCOSIII/src/uCOS-III/Source/os_dbg.o
                0x00009b34                OSDbg_TimeDlyHMSMEn
 .rodata.OSDbg_TimeDlyResumeEn
                0x00009b35        0x1 ./source/rtos/uCOSIII/src/uCOS-III/Source/os_dbg.o
                0x00009b35                OSDbg_TimeDlyResumeEn
 .rodata.OSDbg_TmrEn
                0x00009b36        0x1 ./source/rtos/uCOSIII/src/uCOS-III/Source/os_dbg.o
                0x00009b36                OSDbg_TmrEn
 .rodata.OSDbg_TmrDelEn
                0x00009b37        0x1 ./source/rtos/uCOSIII/src/uCOS-III/Source/os_dbg.o
                0x00009b37                OSDbg_TmrDelEn
                0x00009b38                . = ALIGN (0x8)

.glue_7         0x00009b38        0x0
 .glue_7        0x00009b38        0x0 linker stubs

.glue_7t        0x00009b38        0x0
 .glue_7t       0x00009b38        0x0 linker stubs

.vfp11_veneer   0x00009b38        0x0
 .vfp11_veneer  0x00009b38        0x0 linker stubs

.v4_bx          0x00009b38        0x0
 .v4_bx         0x00009b38        0x0 linker stubs

.iplt           0x00009b38        0x0
 .iplt          0x00009b38        0x0 ./source/utils/utils.o

.rel.dyn        0x00009b38        0x0
 .rel.iplt      0x00009b38        0x0 ./source/utils/utils.o

.ARM.extab
 *(SORT_BY_ALIGNMENT(.ARM.extab*) SORT_BY_ALIGNMENT(.gnu.linkonce.armextab.*))
                0x00009b38                __exidx_start = .

.ARM.exidx
 *(SORT_BY_ALIGNMENT(.ARM.exidx*) SORT_BY_ALIGNMENT(.gnu.linkonce.armexidx.*))
                0x00009b38                __exidx_end = .
                0x00009b38                _etext = .

.m_usb_data
 *(SORT_BY_ALIGNMENT(m_usb_bdt))

.data_RAM2      0x1fff0000        0x0 load address 0x00009b38
 FILL mask 0xff
                [!provide]                PROVIDE (__start_data_RAM2, .)
 *(SORT_BY_ALIGNMENT(.ramfunc.$RAM2))
 *(SORT_BY_ALIGNMENT(.ramfunc.$SRAM_LOWER))
 *(SORT_BY_ALIGNMENT(.data.$RAM2*))
 *(SORT_BY_ALIGNMENT(.data.$SRAM_LOWER*))
                0x1fff0000                . = ALIGN (0x8)
                [!provide]                PROVIDE (__end_data_RAM2, .)

.data_RAM3      0x14000000        0x0 load address 0x00009b38
 FILL mask 0xff
                [!provide]                PROVIDE (__start_data_RAM3, .)
 *(SORT_BY_ALIGNMENT(.ramfunc.$RAM3))
 *(SORT_BY_ALIGNMENT(.ramfunc.$FLEX_RAM))
 *(SORT_BY_ALIGNMENT(.data.$RAM3*))
 *(SORT_BY_ALIGNMENT(.data.$FLEX_RAM*))
                0x14000000                . = ALIGN (0x8)
                [!provide]                PROVIDE (__end_data_RAM3, .)

.uninit_RESERVED
                0x20000000        0x0
 *(SORT_BY_ALIGNMENT(.bss.$RESERVED*))
                0x20000000                . = ALIGN (0x4)
                0x20000000                _end_uninit_RESERVED = .

.data           0x20000000       0x80 load address 0x00009b38
 FILL mask 0xff
                0x20000000                _data = .
 *(SORT_BY_ALIGNMENT(vtable))
 *(SORT_BY_ALIGNMENT(.ramfunc*))
 *(SORT_BY_ALIGNMENT(.data*))
 .data.floor_counts
                0x20000000        0xc ./source/users/user_cloud.o
 .data.char_arr
                0x2000000c       0x29 ./source/drivers/display.o
                0x2000000c                char_arr
 *fill*         0x20000035        0x3 ff
 .data.seg_arr  0x20000038        0x8 ./source/drivers/display.o
                0x20000038                seg_arr
 .data.buffer   0x20000040       0x11 ./source/drivers/display.o
                0x20000040                buffer
 *fill*         0x20000051        0x3 ff
 .data.led_selector
                0x20000054        0x8 ./source/drivers/leds.o
                0x20000054                led_selector
 .data.keepalive_msg
                0x2000005c        0x6 ./source/App_cloud.o
 *fill*         0x20000062        0x2 ff
 .data.data_msg
                0x20000064        0xc ./source/App_cloud.o
 .data.SystemCoreClock
                0x20000070        0x4 ./SDK/CMSIS/system_MK64F12.o
                0x20000070                SystemCoreClock
 .data.user_num
                0x20000074        0x2 ./source/users/user.o
 .data.people_count
                0x20000076        0x2 ./source/users/user_cloud.o
 .data.intensity
                0x20000078        0x1 ./source/drivers/display.o
                0x20000078                intensity
 .data.timers_cant
                0x20000079        0x1 ./source/drivers/timer.o
                0x20000079                timers_cant
 .data.timer_count
                0x2000007a        0x1 ./source/App_cloud.o
                0x20000080                . = ALIGN (0x8)
 *fill*         0x2000007b        0x5 ff
                0x20000080                _edata = .

.igot.plt       0x20000080        0x0 load address 0x00009bb8
 .igot.plt      0x20000080        0x0 ./source/utils/utils.o

.bss_RAM2       0x1fff0000        0x0
                [!provide]                PROVIDE (__start_bss_RAM2, .)
 *(SORT_BY_ALIGNMENT(.bss.$RAM2*))
 *(SORT_BY_ALIGNMENT(.bss.$SRAM_LOWER*))
                0x1fff0000                . = ALIGN ((. != 0x0)?0x8:0x1)
                [!provide]                PROVIDE (__end_bss_RAM2, .)

.bss_RAM3       0x14000000        0x0
                [!provide]                PROVIDE (__start_bss_RAM3, .)
 *(SORT_BY_ALIGNMENT(.bss.$RAM3*))
 *(SORT_BY_ALIGNMENT(.bss.$FLEX_RAM*))
                0x14000000                . = ALIGN ((. != 0x0)?0x8:0x1)
                [!provide]                PROVIDE (__end_bss_RAM3, .)

.bss            0x20000080     0x49a8
                0x20000080                _bss = .
 *(SORT_BY_ALIGNMENT(.bss*))
 .bss.user_db   0x20000080     0x1194 ./source/users/user.o
 .bss.people_db
                0x20001214      0x44c ./source/users/user_cloud.o
 .bss.OSCfg_IdleTaskStk
                0x20001660      0x200 ./source/rtos/uCOSIII/src/uCOS-III/Source/os_cfg_app.o
                0x20001660                OSCfg_IdleTaskStk
 .bss.OSCfg_ISRStk
                0x20001860      0x200 ./source/rtos/uCOSIII/src/uCOS-III/Source/os_cfg_app.o
                0x20001860                OSCfg_ISRStk
 .bss.OSCfg_MsgPool
                0x20001a60      0x640 ./source/rtos/uCOSIII/src/uCOS-III/Source/os_cfg_app.o
                0x20001a60                OSCfg_MsgPool
 .bss.OSCfg_StatTaskStk
                0x200020a0      0x200 ./source/rtos/uCOSIII/src/uCOS-III/Source/os_cfg_app.o
                0x200020a0                OSCfg_StatTaskStk
 .bss.OSCfg_TickTaskStk
                0x200022a0      0x200 ./source/rtos/uCOSIII/src/uCOS-III/Source/os_cfg_app.o
                0x200022a0                OSCfg_TickTaskStk
 .bss.OSCfg_TmrTaskStk
                0x200024a0      0x200 ./source/rtos/uCOSIII/src/uCOS-III/Source/os_cfg_app.o
                0x200024a0                OSCfg_TmrTaskStk
 .bss.OSPrioTbl
                0x200026a0        0x4 ./source/rtos/uCOSIII/src/uCOS-III/Source/os_prio.o
                0x200026a0                OSPrioTbl
 .bss.OS_AppTaskCreateHookPtr
                0x200026a4        0x4 ./source/rtos/uCOSIII/src/uCOS-III/Source/os_var.o
                0x200026a4                OS_AppTaskCreateHookPtr
 .bss.OS_AppTaskDelHookPtr
                0x200026a8        0x4 ./source/rtos/uCOSIII/src/uCOS-III/Source/os_var.o
                0x200026a8                OS_AppTaskDelHookPtr
 .bss.OS_AppTaskReturnHookPtr
                0x200026ac        0x4 ./source/rtos/uCOSIII/src/uCOS-III/Source/os_var.o
                0x200026ac                OS_AppTaskReturnHookPtr
 .bss.OS_AppIdleTaskHookPtr
                0x200026b0        0x4 ./source/rtos/uCOSIII/src/uCOS-III/Source/os_var.o
                0x200026b0                OS_AppIdleTaskHookPtr
 .bss.OS_AppStatTaskHookPtr
                0x200026b4        0x4 ./source/rtos/uCOSIII/src/uCOS-III/Source/os_var.o
                0x200026b4                OS_AppStatTaskHookPtr
 .bss.OS_AppTaskSwHookPtr
                0x200026b8        0x4 ./source/rtos/uCOSIII/src/uCOS-III/Source/os_var.o
                0x200026b8                OS_AppTaskSwHookPtr
 .bss.OS_AppTimeTickHookPtr
                0x200026bc        0x4 ./source/rtos/uCOSIII/src/uCOS-III/Source/os_var.o
                0x200026bc                OS_AppTimeTickHookPtr
 .bss.OSIdleTaskCtr
                0x200026c0        0x4 ./source/rtos/uCOSIII/src/uCOS-III/Source/os_var.o
                0x200026c0                OSIdleTaskCtr
 .bss.OSIdleTaskTCB
                0x200026c4       0xc4 ./source/rtos/uCOSIII/src/uCOS-III/Source/os_var.o
                0x200026c4                OSIdleTaskTCB
 .bss.OSFlagDbgListPtr
                0x20002788        0x4 ./source/rtos/uCOSIII/src/uCOS-III/Source/os_var.o
                0x20002788                OSFlagDbgListPtr
 .bss.OSMemDbgListPtr
                0x2000278c        0x4 ./source/rtos/uCOSIII/src/uCOS-III/Source/os_var.o
                0x2000278c                OSMemDbgListPtr
 .bss.OSMsgPool
                0x20002790        0xc ./source/rtos/uCOSIII/src/uCOS-III/Source/os_var.o
                0x20002790                OSMsgPool
 .bss.OSMutexDbgListPtr
                0x2000279c        0x4 ./source/rtos/uCOSIII/src/uCOS-III/Source/os_var.o
                0x2000279c                OSMutexDbgListPtr
 .bss.OSQDbgListPtr
                0x200027a0        0x4 ./source/rtos/uCOSIII/src/uCOS-III/Source/os_var.o
                0x200027a0                OSQDbgListPtr
 .bss.OSRdyList
                0x200027a4      0x180 ./source/rtos/uCOSIII/src/uCOS-III/Source/os_var.o
                0x200027a4                OSRdyList
 .bss.OSSchedRoundRobinDfltTimeQuanta
                0x20002924        0x4 ./source/rtos/uCOSIII/src/uCOS-III/Source/os_var.o
                0x20002924                OSSchedRoundRobinDfltTimeQuanta
 .bss.OSSemDbgListPtr
                0x20002928        0x4 ./source/rtos/uCOSIII/src/uCOS-III/Source/os_var.o
                0x20002928                OSSemDbgListPtr
 .bss.OSStatTaskCtr
                0x2000292c        0x4 ./source/rtos/uCOSIII/src/uCOS-III/Source/os_var.o
                0x2000292c                OSStatTaskCtr
 .bss.OSStatTaskCtrMax
                0x20002930        0x4 ./source/rtos/uCOSIII/src/uCOS-III/Source/os_var.o
                0x20002930                OSStatTaskCtrMax
 .bss.OSStatTaskCtrRun
                0x20002934        0x4 ./source/rtos/uCOSIII/src/uCOS-III/Source/os_var.o
                0x20002934                OSStatTaskCtrRun
 .bss.OSStatTaskTCB
                0x20002938       0xc4 ./source/rtos/uCOSIII/src/uCOS-III/Source/os_var.o
                0x20002938                OSStatTaskTCB
 .bss.OSStatTaskTimeMax
                0x200029fc        0x4 ./source/rtos/uCOSIII/src/uCOS-III/Source/os_var.o
                0x200029fc                OSStatTaskTimeMax
 .bss.OSTaskCtxSwCtr
                0x20002a00        0x4 ./source/rtos/uCOSIII/src/uCOS-III/Source/os_var.o
                0x20002a00                OSTaskCtxSwCtr
 .bss.OSTaskDbgListPtr
                0x20002a04        0x4 ./source/rtos/uCOSIII/src/uCOS-III/Source/os_var.o
                0x20002a04                OSTaskDbgListPtr
 .bss.OSTickCtr
                0x20002a08        0x4 ./source/rtos/uCOSIII/src/uCOS-III/Source/os_var.o
                0x20002a08                OSTickCtr
 .bss.OSTickTaskTCB
                0x20002a0c       0xc4 ./source/rtos/uCOSIII/src/uCOS-III/Source/os_var.o
                0x20002a0c                OSTickTaskTCB
 .bss.OSTickTaskTimeMax
                0x20002ad0        0x4 ./source/rtos/uCOSIII/src/uCOS-III/Source/os_var.o
                0x20002ad0                OSTickTaskTimeMax
 .bss.OSTickListDly
                0x20002ad4        0x8 ./source/rtos/uCOSIII/src/uCOS-III/Source/os_var.o
                0x20002ad4                OSTickListDly
 .bss.OSTickListTimeout
                0x20002adc        0x8 ./source/rtos/uCOSIII/src/uCOS-III/Source/os_var.o
                0x20002adc                OSTickListTimeout
 .bss.OSTmrDbgListPtr
                0x20002ae4        0x4 ./source/rtos/uCOSIII/src/uCOS-III/Source/os_var.o
                0x20002ae4                OSTmrDbgListPtr
 .bss.OSTmrListPtr
                0x20002ae8        0x4 ./source/rtos/uCOSIII/src/uCOS-III/Source/os_var.o
                0x20002ae8                OSTmrListPtr
 .bss.OSTmrMutex
                0x20002aec       0x30 ./source/rtos/uCOSIII/src/uCOS-III/Source/os_var.o
                0x20002aec                OSTmrMutex
 .bss.OSTmrTaskTCB
                0x20002b1c       0xc4 ./source/rtos/uCOSIII/src/uCOS-III/Source/os_var.o
                0x20002b1c                OSTmrTaskTCB
 .bss.OSTmrTaskTimeMax