Archive member included to satisfy reference by file (symbol)

c:/nxp/mcuxpressoide_10.2.0_759/ide/tools/bin/../lib/gcc/arm-none-eabi/7.2.1/../../../../arm-none-eabi/lib/thumb/v7e-m/fpv4-sp/hard\libcr_c.a(fpprintf.o)
                              ./source/drivers/card_reader.o (printf)
c:/nxp/mcuxpressoide_10.2.0_759/ide/tools/bin/../lib/gcc/arm-none-eabi/7.2.1/../../../../arm-none-eabi/lib/thumb/v7e-m/fpv4-sp/hard\libcr_c.a(printf.o)
                              c:/nxp/mcuxpressoide_10.2.0_759/ide/tools/bin/../lib/gcc/arm-none-eabi/7.2.1/../../../../arm-none-eabi/lib/thumb/v7e-m/fpv4-sp/hard\libcr_c.a(fpprintf.o) (__vfprintf)
c:/nxp/mcuxpressoide_10.2.0_759/ide/tools/bin/../lib/gcc/arm-none-eabi/7.2.1/../../../../arm-none-eabi/lib/thumb/v7e-m/fpv4-sp/hard\libcr_c.a(strlen.o)
                              c:/nxp/mcuxpressoide_10.2.0_759/ide/tools/bin/../lib/gcc/arm-none-eabi/7.2.1/../../../../arm-none-eabi/lib/thumb/v7e-m/fpv4-sp/hard\libcr_c.a(printf.o) (strlen)
c:/nxp/mcuxpressoide_10.2.0_759/ide/tools/bin/../lib/gcc/arm-none-eabi/7.2.1/../../../../arm-none-eabi/lib/thumb/v7e-m/fpv4-sp/hard\libcr_c.a(memset.o)
                              c:/nxp/mcuxpressoide_10.2.0_759/ide/tools/bin/../lib/gcc/arm-none-eabi/7.2.1/../../../../arm-none-eabi/lib/thumb/v7e-m/fpv4-sp/hard\libcr_c.a(fpprintf.o) (memset)
c:/nxp/mcuxpressoide_10.2.0_759/ide/tools/bin/../lib/gcc/arm-none-eabi/7.2.1/../../../../arm-none-eabi/lib/thumb/v7e-m/fpv4-sp/hard\libcr_c.a(_deferredlazyseek.o)
                              c:/nxp/mcuxpressoide_10.2.0_759/ide/tools/bin/../lib/gcc/arm-none-eabi/7.2.1/../../../../arm-none-eabi/lib/thumb/v7e-m/fpv4-sp/hard\libcr_c.a(fpprintf.o) (__flsbuf)
c:/nxp/mcuxpressoide_10.2.0_759/ide/tools/bin/../lib/gcc/arm-none-eabi/7.2.1/../../../../arm-none-eabi/lib/thumb/v7e-m/fpv4-sp/hard\libcr_c.a(_fflush.o)
                              c:/nxp/mcuxpressoide_10.2.0_759/ide/tools/bin/../lib/gcc/arm-none-eabi/7.2.1/../../../../arm-none-eabi/lib/thumb/v7e-m/fpv4-sp/hard\libcr_c.a(_deferredlazyseek.o) (_fflush)
c:/nxp/mcuxpressoide_10.2.0_759/ide/tools/bin/../lib/gcc/arm-none-eabi/7.2.1/../../../../arm-none-eabi/lib/thumb/v7e-m/fpv4-sp/hard\libcr_c.a(_frexpl.o)
                              c:/nxp/mcuxpressoide_10.2.0_759/ide/tools/bin/../lib/gcc/arm-none-eabi/7.2.1/../../../../arm-none-eabi/lib/thumb/v7e-m/fpv4-sp/hard\libcr_c.a(fpprintf.o) (_frexpl)
c:/nxp/mcuxpressoide_10.2.0_759/ide/tools/bin/../lib/gcc/arm-none-eabi/7.2.1/../../../../arm-none-eabi/lib/thumb/v7e-m/fpv4-sp/hard\libcr_c.a(_ldexpl.o)
                              c:/nxp/mcuxpressoide_10.2.0_759/ide/tools/bin/../lib/gcc/arm-none-eabi/7.2.1/../../../../arm-none-eabi/lib/thumb/v7e-m/fpv4-sp/hard\libcr_c.a(fpprintf.o) (_ldexpl)
c:/nxp/mcuxpressoide_10.2.0_759/ide/tools/bin/../lib/gcc/arm-none-eabi/7.2.1/../../../../arm-none-eabi/lib/thumb/v7e-m/fpv4-sp/hard\libcr_c.a(_writebuf.o)
                              c:/nxp/mcuxpressoide_10.2.0_759/ide/tools/bin/../lib/gcc/arm-none-eabi/7.2.1/../../../../arm-none-eabi/lib/thumb/v7e-m/fpv4-sp/hard\libcr_c.a(_deferredlazyseek.o) (_Cwritebuf)
c:/nxp/mcuxpressoide_10.2.0_759/ide/tools/bin/../lib/gcc/arm-none-eabi/7.2.1/../../../../arm-none-eabi/lib/thumb/v7e-m/fpv4-sp/hard\libcr_c.a(alloc.o)
                              c:/nxp/mcuxpressoide_10.2.0_759/ide/tools/bin/../lib/gcc/arm-none-eabi/7.2.1/../../../../arm-none-eabi/lib/thumb/v7e-m/fpv4-sp/hard\libcr_c.a(fpprintf.o) (malloc)
c:/nxp/mcuxpressoide_10.2.0_759/ide/tools/bin/../lib/gcc/arm-none-eabi/7.2.1/../../../../arm-none-eabi/lib/thumb/v7e-m/fpv4-sp/hard\libcr_c.a(errno.o)
                              c:/nxp/mcuxpressoide_10.2.0_759/ide/tools/bin/../lib/gcc/arm-none-eabi/7.2.1/../../../../arm-none-eabi/lib/thumb/v7e-m/fpv4-sp/hard\libcr_c.a(_ldexpl.o) (errno)
c:/nxp/mcuxpressoide_10.2.0_759/ide/tools/bin/../lib/gcc/arm-none-eabi/7.2.1/../../../../arm-none-eabi/lib/thumb/v7e-m/fpv4-sp/hard\libcr_c.a(fseek.o)
                              c:/nxp/mcuxpressoide_10.2.0_759/ide/tools/bin/../lib/gcc/arm-none-eabi/7.2.1/../../../../arm-none-eabi/lib/thumb/v7e-m/fpv4-sp/hard\libcr_c.a(_deferredlazyseek.o) (fseek)
c:/nxp/mcuxpressoide_10.2.0_759/ide/tools/bin/../lib/gcc/arm-none-eabi/7.2.1/../../../../arm-none-eabi/lib/thumb/v7e-m/fpv4-sp/hard\libcr_c.a(ftell.o)
                              c:/nxp/mcuxpressoide_10.2.0_759/ide/tools/bin/../lib/gcc/arm-none-eabi/7.2.1/../../../../arm-none-eabi/lib/thumb/v7e-m/fpv4-sp/hard\libcr_c.a(fseek.o) (ftell)
c:/nxp/mcuxpressoide_10.2.0_759/ide/tools/bin/../lib/gcc/arm-none-eabi/7.2.1/../../../../arm-none-eabi/lib/thumb/v7e-m/fpv4-sp/hard\libcr_c.a(memcpy.o)
                              c:/nxp/mcuxpressoide_10.2.0_759/ide/tools/bin/../lib/gcc/arm-none-eabi/7.2.1/../../../../arm-none-eabi/lib/thumb/v7e-m/fpv4-sp/hard\libcr_c.a(alloc.o) (memcpy)
c:/nxp/mcuxpressoide_10.2.0_759/ide/tools/bin/../lib/gcc/arm-none-eabi/7.2.1/../../../../arm-none-eabi/lib/thumb/v7e-m/fpv4-sp/hard\libcr_c.a(__init_alloc.o)
[...]
Memory Configuration

Name             Origin             Length             Attributes
PROGRAM_FLASH    0x00000000         0x00100000         xr
SRAM_UPPER       0x20000000         0x00030000         xrw
SRAM_LOWER       0x1fff0000         0x00010000         xrw
FLEX_RAM         0x14000000         0x00001000         xrw
*default*        0x00000000         0xffffffff

Linker script and memory map

LOAD ./source/utils/utils.o
LOAD ./source/users/user.o
LOAD ./source/users/user_cloud.o
LOAD ./source/rtos/uCOSIII/src/uCOS-III/Source/os_cfg_app.o
LOAD ./source/rtos/uCOSIII/src/uCOS-III/Source/os_core.o
LOAD ./source/rtos/uCOSIII/src/uCOS-III/Source/os_dbg.o
LOAD ./source/rtos/uCOSIII/src/uCOS-III/Source/os_flag.o
LOAD ./source/rtos/uCOSIII/src/uCOS-III/Source/os_int.o
LOAD ./source/rtos/uCOSIII/src/uCOS-III/Source/os_mem.o
LOAD ./source/rtos/uCOSIII/src/uCOS-III/Source/os_msg.o
LOAD ./source/rtos/uCOSIII/src/uCOS-III/Source/os_mutex.o
LOAD ./source/rtos/uCOSIII/src/uCOS-III/Source/os_pend_multi.o
LOAD ./source/rtos/uCOSIII/src/uCOS-III/Source/os_prio.o
LOAD ./source/rtos/uCOSIII/src/uCOS-III/Source/os_q.o
LOAD ./source/rtos/uCOSIII/src/uCOS-III/Source/os_sem.o
LOAD ./source/rtos/uCOSIII/src/uCOS-III/Source/os_stat.o
LOAD ./source/rtos/uCOSIII/src/uCOS-III/Source/os_task.o
LOAD ./source/rtos/uCOSIII/src/uCOS-III/Source/os_tick.o
LOAD ./source/rtos/uCOSIII/src/uCOS-III/Source/os_time.o
LOAD ./source/rtos/uCOSIII/src/uCOS-III/Source/os_tmr.o
LOAD ./source/rtos/uCOSIII/src/uCOS-III/Source/os_var.o
LOAD ./source/rtos/uCOSIII/src/uCOS-III/Ports/ARM-Cortex-M4/Generic/GNU/os_cpu_a.o
LOAD ./source/rtos/uCOSIII/src/uCOS-III/Ports/ARM-Cortex-M4/Generic/GNU/os_cpu_c.o
LOAD ./source/rtos/uCOSIII/src/uC-CPU/ARM-Cortex-M4/GNU/cpu_a.o
LOAD ./source/rtos/uCOSIII/src/uC-CPU/ARM-Cortex-M4/GNU/cpu_c.o
LOAD ./source/rtos/uCOSIII/src/uC-CPU/cpu_core.o
LOAD ./source/rtos/uCOSIII/BSP/cpu_bsp.o
LOAD ./source/drivers/SysTick.o
LOAD ./source/drivers/button.o
LOAD ./source/drivers/card_reader.o
LOAD ./source/drivers/display.o
LOAD ./source/drivers/encoder.o
LOAD ./source/drivers/fifo.o
LOAD ./source/drivers/gpio.o
LOAD ./source/drivers/led.o
LOAD ./source/drivers/leds.o
LOAD ./source/drivers/message.o
LOAD ./source/drivers/timer.o
LOAD ./source/drivers/uart.o
LOAD ./source/App.o
LOAD ./source/App_cloud.o
LOAD ./source/main.o
LOAD ./SDK/startup/hardware.o
LOAD ./SDK/startup/semihost_hardfault.o
LOAD ./SDK/startup/startup_mk64f12.o
LOAD ./SDK/CMSIS/system_MK64F12.o
START GROUP
LOAD c:/nxp/mcuxpressoide_10.2.0_759/ide/tools/bin/../lib/gcc/arm-none-eabi/7.2.1/../../../../arm-none-eabi/lib/thumb/v7e-m/fpv4-sp/hard\libcr_c.a
LOAD c:/nxp/mcuxpressoide_10.2.0_759/ide/tools/bin/../lib/gcc/arm-none-eabi/7.2.1/thumb/v7e-m/fpv4-sp/hard\libcr_eabihelpers.a
END GROUP
                0x00000000                __base_PROGRAM_FLASH = 0x0
                0x00000000                __base_Flash = 0x0
                0x00100000                __top_PROGRAM_FLASH = 0x100000
                0x00100000                __top_Flash = 0x100000
                0x20000000                __base_SRAM_UPPER = 0x20000000
                0x20000000                __base_RAM = 0x20000000
                0x20030000                __top_SRAM_UPPER = 0x20030000
                0x20030000                __top_RAM = 0x20030000
                0x1fff0000                __base_SRAM_LOWER = 0x1fff0000
                0x1fff0000                __base_RAM2 = 0x1fff0000
                0x20000000                __top_SRAM_LOWER = 0x20000000
                0x20000000                __top_RAM2 = 0x20000000
                0x14000000                __base_FLEX_RAM = 0x14000000
                0x14000000                __base_RAM3 = 0x14000000
                0x14001000                __top_FLEX_RAM = 0x14001000
                0x14001000                __top_RAM3 = 0x14001000

.text           0x00000000     0x9cc0
 FILL mask 0xff
                0x00000000                __vectors_start__ = ABSOLUTE (.)
 *(SORT_BY_ALIGNMENT(.isr_vector))
 .isr_vector    0x00000000      0x198 ./SDK/startup/startup_mk64f12.o
                0x00000000                g_pfnVectors
                0x00000000                __Vectors
                0x00000198                . = ALIGN (0x4)
                0x00000198                __section_table_start = .
                0x00000198                __data_section_table = .
                0x00000198        0x4 LONG 0x9cc0 LOADADDR (.data)
                0x0000019c        0x4 LONG 0x20000000 ADDR (.data)
                0x000001a0        0x4 LONG 0x80 SIZEOF (.data)
                0x000001a4        0x4 LONG 0x9cc0 LOADADDR (.data_RAM2)
                0x000001a8        0x4 LONG 0x1fff0000 ADDR (.data_RAM2)
                0x000001ac        0x4 LONG 0x0 SIZEOF (.data_RAM2)
                0x000001b0        0x4 LONG 0x9cc0 LOADADDR (.data_RAM3)
                0x000001b4        0x4 LONG 0x14000000 ADDR (.data_RAM3)
                0x000001b8        0x4 LONG 0x0 SIZEOF (.data_RAM3)
                0x000001bc                __data_section_table_end = .
                0x000001bc                __bss_section_table = .
                0x000001bc        0x4 LONG 0x20000080 ADDR (.bss)
                0x000001c0        0x4 LONG 0x49a8 SIZEOF (.bss)
                0x000001c4        0x4 LONG 0x1fff0000 ADDR (.bss_RAM2)
                0x000001c8        0x4 LONG 0x0 SIZEOF (.bss_RAM2)
                0x000001cc        0x4 LONG 0x14000000 ADDR (.bss_RAM3)
                0x000001d0        0x4 LONG 0x0 SIZEOF (.bss_RAM3)
                0x000001d4                __bss_section_table_end = .
                0x000001d4                __section_table_end = .
 *(SORT_BY_ALIGNMENT(.after_vectors*))
 .after_vectors.reset
                0x000001d4       0x4c ./SDK/startup/startup_mk64f12.o
                0x000001d4                ResetISR
 .after_vectors.init_data
                0x00000220       0x1e ./SDK/startup/startup_mk64f12.o
                0x00000220                data_init
 .after_vectors.init_bss
                0x0000023e       0x12 ./SDK/startup/startup_mk64f12.o
                0x0000023e                bss_init
 .after_vectors
                0x00000250       0x14 ./SDK/startup/startup_mk64f12.o
                0x00000250                NMI_Handler
                0x00000254                MemManage_Handler
                0x00000256                BusFault_Handler
                0x00000258                UsageFault_Handler
                0x0000025a                SVC_Handler
                0x0000025c                DebugMon_Handler
                0x00000262                DMA_Error_DriverIRQHandler
                0x00000262                LPTMR0_DriverIRQHandler
                0x00000262                FTM1_DriverIRQHandler
                0x00000262                FTM2_DriverIRQHandler
                0x00000262                PIT2_DriverIRQHandler
                0x00000262                SDHC_DriverIRQHandler
                0x00000262                I2S0_Tx_DriverIRQHandler
                0x00000262                RTC_Seconds_DriverIRQHandler
                0x00000262                DMA6_DriverIRQHandler
                0x00000262                LLWU_DriverIRQHandler
                0x00000262                MCM_DriverIRQHandler
                0x00000262                MCG_DriverIRQHandler
                0x00000262                ENET_1588_Timer_DriverIRQHandler
                0x00000262                I2C2_DriverIRQHandler
                0x00000262                DAC1_DriverIRQHandler
                0x00000262                SPI1_DriverIRQHandler
                0x00000262                CMP1_DriverIRQHandler
                0x00000262                UART5_RX_TX_DriverIRQHandler
                0x00000262                FTM0_DriverIRQHandler
                0x00000262                IntDefaultHandler
                0x00000262                USB0_DriverIRQHandler
                0x00000262                UART5_ERR_DriverIRQHandler
                0x00000262                PORTC_DriverIRQHandler
                0x00000262                DMA11_DriverIRQHandler
                0x00000262                DAC0_DriverIRQHandler
                0x00000262                DMA10_DriverIRQHandler
                0x00000262                CMP2_DriverIRQHandler
                0x00000262                UART2_ERR_DriverIRQHandler
                0x00000262                SPI2_DriverIRQHandler
                0x00000262                LVD_LVW_DriverIRQHandler
                0x00000262                PIT0_DriverIRQHandler
                0x00000262                RNG_DriverIRQHandler
                0x00000262                DMA5_DriverIRQHandler
                0x00000262                DMA12_DriverIRQHandler
                0x00000262                UART2_RX_TX_DriverIRQHandler
                0x00000262                USBDCD_DriverIRQHandler
                0x00000262                UART3_ERR_DriverIRQHandler
                0x00000262                DMA3_DriverIRQHandler
                0x00000262                DMA8_DriverIRQHandler
                0x00000262                DMA9_DriverIRQHandler
                0x00000262                UART0_ERR_DriverIRQHandler
                0x00000262                CMT_DriverIRQHandler
                0x00000262                Reserved71_DriverIRQHandler
                0x00000262                ADC1_DriverIRQHandler
                0x00000262                PORTA_DriverIRQHandler
                0x00000262                DMA14_DriverIRQHandler
                0x00000262                PIT3_DriverIRQHandler
                0x00000262                PIT1_DriverIRQHandler
                0x00000262                WDOG_EWM_DriverIRQHandler
                0x00000262                PDB0_DriverIRQHandler
                0x00000262                RTC_DriverIRQHandler
                0x00000262                I2S0_Rx_DriverIRQHandler
                0x00000262                Read_Collision_DriverIRQHandler
                0x00000262                SWI_DriverIRQHandler
                0x00000262                UART4_RX_TX_DriverIRQHandler
                0x00000262                UART4_ERR_DriverIRQHandler
                0x00000262                PORTB_DriverIRQHandler
                0x00000262                UART0_LON_DriverIRQHandler
                0x00000262                DMA0_DriverIRQHandler
                0x00000262                DMA1_DriverIRQHandler
                0x00000262                I2C1_DriverIRQHandler
                0x00000262                UART3_RX_TX_DriverIRQHandler
                0x00000262                ENET_Receive_DriverIRQHandler
                0x00000262                DMA13_DriverIRQHandler
                0x00000262                ENET_Error_DriverIRQHandler
                0x00000262                DMA15_DriverIRQHandler
                0x00000262                UART0_RX_TX_DriverIRQHandler
                0x00000262                SPI0_DriverIRQHandler
                0x00000262                ADC0_DriverIRQHandler
                0x00000262                CMP0_DriverIRQHandler
                0x00000262                CAN0_DriverIRQHandler
                0x00000262                FTM3_DriverIRQHandler
                0x00000262                DMA4_DriverIRQHandler
                0x00000262                UART1_ERR_DriverIRQHandler
                0x00000262                DMA2_DriverIRQHandler
                0x00000262                ENET_Transmit_DriverIRQHandler
                0x00000262                PORTD_DriverIRQHandler
                0x00000262                PORTE_DriverIRQHandler
                0x00000262                FTFE_DriverIRQHandler
                0x00000262                I2C0_DriverIRQHandler
                0x00000262                DMA7_DriverIRQHandler
                0x00000262                UART1_RX_TX_DriverIRQHandler
                0x00000400                . = 0x400
 *fill*         0x00000264      0x19c ff
                0x00000400                PROVIDE (__FLASH_CONFIG_START__, .)
 *(SORT_BY_ALIGNMENT(.FlashConfig))
 .FlashConfig   0x00000400       0x10 ./SDK/startup/startup_mk64f12.o
                0x00000400                Flash_Config
                0x00000410                PROVIDE (__FLASH_CONFIG_END__, .)
                0x00000001                ASSERT (! ((__FLASH_CONFIG_START__ == __FLASH_CONFIG_END__)), Linker Flash Config Support Enabled, but no .FlashConfig section provided within application)
 *(SORT_BY_ALIGNMENT(.text*))
 .text.loadDatabase
                0x00000410      0x2e8 ./source/users/user.o
                0x00000410                loadDatabase
 .text.checkUser
                0x000006f8       0xb0 ./source/users/user.o
                0x000006f8                checkUser
 .text.changeUserState
                0x000007a8       0x68 ./source/users/user.o
                0x000007a8                changeUserState
 .text.getUserIndex
                0x00000810       0x5c ./source/users/user.o
                0x00000810                getUserIndex
 .text.blockUser
                0x0000086c       0x30 ./source/users/user.o
                0x0000086c                blockUser
 .text.loadDataBase
                0x0000089c      0x134 ./source/users/user_cloud.o
                0x0000089c                loadDataBase
 .text.newEntry
                0x000009d0      0x178 ./source/users/user_cloud.o
                0x000009d0                newEntry
 .text.getFloorCount
                0x00000b48       0x28 ./source/users/user_cloud.o
                0x00000b48                getFloorCount
 .text.OSInit   0x00000b70      0x1ec ./source/rtos/uCOSIII/src/uCOS-III/Source/os_core.o
                0x00000b70                OSInit
 .text.OSIntEnter
                0x00000d5c       0x38 ./source/rtos/uCOSIII/src/uCOS-III/Source/os_core.o
                0x00000d5c                OSIntEnter
 .text.OSIntExit
                0x00000d94       0xd8 ./source/rtos/uCOSIII/src/uCOS-III/Source/os_core.o
                0x00000d94                OSIntExit
 .text.OSSched  0x00000e6c       0xa8 ./source/rtos/uCOSIII/src/uCOS-III/Source/os_core.o
                0x00000e6c                OSSched
 .text.OSSchedLock
                0x00000f14       0x74 ./source/rtos/uCOSIII/src/uCOS-III/Source/os_core.o
                0x00000f14                OSSchedLock
 .text.OSSchedUnlock
                0x00000f88       0x90 ./source/rtos/uCOSIII/src/uCOS-III/Source/os_core.o
                0x00000f88                OSSchedUnlock
 .text.OSSchedRoundRobinCfg
                0x00001018       0x70 ./source/rtos/uCOSIII/src/uCOS-III/Source/os_core.o
                0x00001018                OSSchedRoundRobinCfg
 .text.OSStart  0x00001088       0x80 ./source/rtos/uCOSIII/src/uCOS-III/Source/os_core.o
                0x00001088                OSStart
 .text.OS_IdleTask
                0x00001108       0x3c ./source/rtos/uCOSIII/src/uCOS-III/Source/os_core.o
                0x00001108                OS_IdleTask
 .text.OS_IdleTaskInit
                0x00001144       0x68 ./source/rtos/uCOSIII/src/uCOS-III/Source/os_core.o
                0x00001144                OS_IdleTaskInit
 .text.OS_Pend  0x000011ac       0x84 ./source/rtos/uCOSIII/src/uCOS-III/Source/os_core.o
                0x000011ac                OS_Pend
 .text.OS_PendDbgNameAdd
                0x00001230       0x7c ./source/rtos/uCOSIII/src/uCOS-III/Source/os_core.o
                0x00001230                OS_PendDbgNameAdd
 .text.OS_PendDbgNameRemove
                0x000012ac       0x4c ./source/rtos/uCOSIII/src/uCOS-III/Source/os_core.o
                0x000012ac                OS_PendDbgNameRemove
 .text.OS_Post  0x000012f8      0x130 ./source/rtos/uCOSIII/src/uCOS-III/Source/os_core.o
                0x000012f8                OS_Post
 .text.OS_RdyListInit
                0x00001428       0x4c ./source/rtos/uCOSIII/src/uCOS-III/Source/os_core.o
                0x00001428                OS_RdyListInit
 .text.OS_RdyListInsert
                0x00001474       0x3c ./source/rtos/uCOSIII/src/uCOS-III/Source/os_core.o
                0x00001474                OS_RdyListInsert
 .text.OS_RdyListInsertHead
                0x000014b0       0x84 ./source/rtos/uCOSIII/src/uCOS-III/Source/os_core.o
                0x000014b0                OS_RdyListInsertHead
 .text.OS_RdyListInsertTail
                0x00001534       0x80 ./source/rtos/uCOSIII/src/uCOS-III/Source/os_core.o
                0x00001534                OS_RdyListInsertTail
 .text.OS_RdyListRemove
                0x000015b4       0xb0 ./source/rtos/uCOSIII/src/uCOS-III/Source/os_core.o
                0x000015b4                OS_RdyListRemove
 .text.OS_SchedRoundRobin
                0x00001664       0xc8 ./source/rtos/uCOSIII/src/uCOS-III/Source/os_core.o
                0x00001664                OS_SchedRoundRobin
 .text.OS_TaskBlock
                0x0000172c       0x40 ./source/rtos/uCOSIII/src/uCOS-III/Source/os_core.o
                0x0000172c                OS_TaskBlock
 .text.OS_Dbg_Init
                0x0000176c      0x23c ./source/rtos/uCOSIII/src/uCOS-III/Source/os_dbg.o
                0x0000176c                OS_Dbg_Init
 .text.OS_FlagInit
                0x000019a8       0x30 ./source/rtos/uCOSIII/src/uCOS-III/Source/os_flag.o
                0x000019a8                OS_FlagInit
 .text.OS_MemInit
                0x000019d8       0x30 ./source/rtos/uCOSIII/src/uCOS-III/Source/os_mem.o
                0x000019d8                OS_MemInit
 .text.OS_MsgPoolInit
                0x00001a08       0xd0 ./source/rtos/uCOSIII/src/uCOS-III/Source/os_msg.o
                0x00001a08                OS_MsgPoolInit
 .text.OS_MsgQFreeAll
                0x00001ad8       0x78 ./source/rtos/uCOSIII/src/uCOS-III/Source/os_msg.o
                0x00001ad8                OS_MsgQFreeAll
 .text.OS_MsgQGet
                0x00001b50       0xc0 ./source/rtos/uCOSIII/src/uCOS-III/Source/os_msg.o
                0x00001b50                OS_MsgQGet
 .text.OS_MsgQPut
                0x00001c10      0x114 ./source/rtos/uCOSIII/src/uCOS-III/Source/os_msg.o
                0x00001c10                OS_MsgQPut
 .text.OSMutexCreate
                0x00001d24       0x98 ./source/rtos/uCOSIII/src/uCOS-III/Source/os_mutex.o
                0x00001d24                OSMutexCreate
 .text.OSMutexPend
                0x00001dbc      0x210 ./source/rtos/uCOSIII/src/uCOS-III/Source/os_mutex.o
                0x00001dbc                OSMutexPend
 .text.OSMutexPost
                0x00001fcc      0x1b8 ./source/rtos/uCOSIII/src/uCOS-III/Source/os_mutex.o
                0x00001fcc                OSMutexPost
 .text.OS_MutexDbgListAdd
                0x00002184       0x50 ./source/rtos/uCOSIII/src/uCOS-III/Source/os_mutex.o
                0x00002184                OS_MutexDbgListAdd
 .text.OS_MutexInit
                0x000021d4       0x30 ./source/rtos/uCOSIII/src/uCOS-III/Source/os_mutex.o
                0x000021d4                OS_MutexInit
 .text.OSPendMulti
                0x00002204      0x180 ./source/rtos/uCOSIII/src/uCOS-III/Source/os_pend_multi.o
                0x00002204                OSPendMulti
 .text.OS_PendMultiGetRdy
                0x00002384       0xec ./source/rtos/uCOSIII/src/uCOS-III/Source/os_pend_multi.o
                0x00002384                OS_PendMultiGetRdy
 .text.OS_PendMultiValidate
                0x00002470       0x84 ./source/rtos/uCOSIII/src/uCOS-III/Source/os_pend_multi.o
                0x00002470                OS_PendMultiValidate
 .text.OS_PendMultiWait
                0x000024f4       0xb4 ./source/rtos/uCOSIII/src/uCOS-III/Source/os_pend_multi.o
                0x000024f4                OS_PendMultiWait
 .text.OS_PrioInit
                0x000025a8       0x34 ./source/rtos/uCOSIII/src/uCOS-III/Source/os_prio.o
                0x000025a8                OS_PrioInit
 .text.OS_PrioGetHighest
                0x000025dc       0x48 ./source/rtos/uCOSIII/src/uCOS-III/Source/os_prio.o
                0x000025dc                OS_PrioGetHighest
 .text.OS_PrioInsert
                0x00002624       0x50 ./source/rtos/uCOSIII/src/uCOS-III/Source/os_prio.o
                0x00002624                OS_PrioInsert
 .text.OS_PrioRemove
                0x00002674       0x50 ./source/rtos/uCOSIII/src/uCOS-III/Source/os_prio.o
                0x00002674                OS_PrioRemove
 .text.OSQCreate
                0x000026c4       0xa0 ./source/rtos/uCOSIII/src/uCOS-III/Source/os_q.o
                0x000026c4                OSQCreate
 .text.OSQPend  0x00002764      0x1f0 ./source/rtos/uCOSIII/src/uCOS-III/Source/os_q.o
                0x00002764                OSQPend
 .text.OSQPost  0x00002954       0xb0 ./source/rtos/uCOSIII/src/uCOS-III/Source/os_q.o
                0x00002954                OSQPost
 .text.OS_QDbgListAdd
                0x00002a04       0x50 ./source/rtos/uCOSIII/src/uCOS-III/Source/os_q.o
                0x00002a04                OS_QDbgListAdd
 .text.OS_QInit
                0x00002a54       0x30 ./source/rtos/uCOSIII/src/uCOS-III/Source/os_q.o
                0x00002a54                OS_QInit
 .text.OSSemCreate
                0x00002a84       0x8c ./source/rtos/uCOSIII/src/uCOS-III/Source/os_sem.o
                0x00002a84                OSSemCreate
 .text.OSSemPost
                0x00002b10       0x84 ./source/rtos/uCOSIII/src/uCOS-III/Source/os_sem.o
                0x00002b10                OSSemPost
 .text.OS_SemDbgListAdd
                0x00002b94       0x50 ./source/rtos/uCOSIII/src/uCOS-III/Source/os_sem.o
                0x00002b94                OS_SemDbgListAdd
 .text.OS_SemInit
                0x00002be4       0x30 ./source/rtos/uCOSIII/src/uCOS-III/Source/os_sem.o
                0x00002be4                OS_SemInit
 .text.OSStatReset
                0x00002c14      0x118 ./source/rtos/uCOSIII/src/uCOS-III/Source/os_stat.o
                0x00002c14                OSStatReset
 .text.OS_StatTask
                0x00002d2c      0x310 ./source/rtos/uCOSIII/src/uCOS-III/Source/os_stat.o
                0x00002d2c                OS_StatTask
 .text.OS_StatTaskInit
                0x0000303c       0xd4 ./source/rtos/uCOSIII/src/uCOS-III/Source/os_stat.o
                0x0000303c                OS_StatTaskInit
 .text.OSTaskCreate
                0x00003110      0x21c ./source/rtos/uCOSIII/src/uCOS-III/Source/os_task.o
                0x00003110                OSTaskCreate
 .text.OSTaskDel
                0x0000332c      0x1dc ./source/rtos/uCOSIII/src/uCOS-III/Source/os_task.o
                0x0000332c                OSTaskDel
 .text.OSTaskSemPend
                0x00003508      0x1d4 ./source/rtos/uCOSIII/src/uCOS-III/Source/os_task.o
                0x00003508                OSTaskSemPend
 .text.OSTaskStkChk
                0x000036dc       0xf0 ./source/rtos/uCOSIII/src/uCOS-III/Source/os_task.o
                0x000036dc                OSTaskStkChk
 .text.OS_TaskDbgListAdd
                0x000037cc       0x4c ./source/rtos/uCOSIII/src/uCOS-III/Source/os_task.o
                0x000037cc                OS_TaskDbgListAdd
 .text.OS_TaskDbgListRemove
                0x00003818       0x84 ./source/rtos/uCOSIII/src/uCOS-III/Source/os_task.o
                0x00003818                OS_TaskDbgListRemove
 .text.OS_TaskInit
                0x0000389c       0x38 ./source/rtos/uCOSIII/src/uCOS-III/Source/os_task.o
                0x0000389c                OS_TaskInit
 .text.OS_TaskInitTCB
                0x000038d4      0x1a0 ./source/rtos/uCOSIII/src/uCOS-III/Source/os_task.o
                0x000038d4                OS_TaskInitTCB
 .text.OS_TaskReturn
                0x00003a74       0x28 ./source/rtos/uCOSIII/src/uCOS-III/Source/os_task.o
                0x00003a74                OS_TaskReturn
 .text.OS_TaskSemPost
                0x00003a9c      0x128 ./source/rtos/uCOSIII/src/uCOS-III/Source/os_task.o
                0x00003a9c                OS_TaskSemPost
 .text.OS_TaskChangePrio
                0x00003bc4      0x148 ./source/rtos/uCOSIII/src/uCOS-III/Source/os_task.o
                0x00003bc4                OS_TaskChangePrio
 .text.OS_TickTask
                0x00003d0c       0x64 ./source/rtos/uCOSIII/src/uCOS-III/Source/os_tick.o
                0x00003d0c                OS_TickTask
 .text.OS_TickTaskInit
                0x00003d70       0xd8 ./source/rtos/uCOSIII/src/uCOS-III/Source/os_tick.o
                0x00003d70                OS_TickTaskInit
 .text.OS_TickListInsertDly
                0x00003e48      0x108 ./source/rtos/uCOSIII/src/uCOS-III/Source/os_tick.o
                0x00003e48                OS_TickListInsertDly
 .text.OS_TickListUpdateDly
                0x00003f50       0xbc ./source/rtos/uCOSIII/src/uCOS-III/Source/os_tick.o
 .text.OS_TickListUpdateTimeout
                0x0000400c      0x158 ./source/rtos/uCOSIII/src/uCOS-III/Source/os_tick.o
 .text.OSTimeDly
                0x00004164       0xd8 ./source/rtos/uCOSIII/src/uCOS-III/Source/os_time.o
                0x00004164                OSTimeDly
 .text.OSTimeTick
                0x0000423c       0x74 ./source/rtos/uCOSIII/src/uCOS-III/Source/os_time.o
                0x0000423c                OSTimeTick
 .text.OS_TmrInit
                0x000042b0      0x138 ./source/rtos/uCOSIII/src/uCOS-III/Source/os_tmr.o
                0x000042b0                OS_TmrInit
 .text.OS_TmrUnlink
                0x000043e8       0x80 ./source/rtos/uCOSIII/src/uCOS-III/Source/os_tmr.o
                0x000043e8                OS_TmrUnlink
 .text.OS_TmrTask
                0x00004468       0xc8 ./source/rtos/uCOSIII/src/uCOS-III/Source/os_tmr.o
                0x00004468                OS_TmrTask
 .text.OS_TmrLock
                0x00004530       0x24 ./source/rtos/uCOSIII/src/uCOS-III/Source/os_tmr.o
 .text.OS_TmrUnlock
                0x00004554       0x20 ./source/rtos/uCOSIII/src/uCOS-III/Source/os_tmr.o
 .text          0x00004574       0xfc ./source/rtos/uCOSIII/src/uCOS-III/Ports/ARM-Cortex-M4/Generic/GNU/os_cpu_a.o
                0x00004574                OS_CPU_FP_Reg_Push
                0x00004586                OS_CPU_FP_Reg_Pop
                0x00004592                OSStartHighRdy
                0x00004602                OSCtxSw
                0x0000460c                OSIntCtxSw
                0x00004616                PendSV_Handler
 .text.OSIdleTaskHook
                0x00004670       0x1c ./source/rtos/uCOSIII/src/uCOS-III/Ports/ARM-Cortex-M4/Generic/GNU/os_cpu_c.o
                0x00004670                OSIdleTaskHook
 .text.OSInitHook
                0x0000468c       0x38 ./source/rtos/uCOSIII/src/uCOS-III/Ports/ARM-Cortex-M4/Generic/GNU/os_cpu_c.o
                0x0000468c                OSInitHook
 .text.OSStatTaskHook
                0x000046c4       0x1c ./source/rtos/uCOSIII/src/uCOS-III/Ports/ARM-Cortex-M4/Generic/GNU/os_cpu_c.o
                0x000046c4                OSStatTaskHook
 .text.OSTaskCreateHook
                0x000046e0       0x24 ./source/rtos/uCOSIII/src/uCOS-III/Ports/ARM-Cortex-M4/Generic/GNU/os_cpu_c.o
                0x000046e0                OSTaskCreateHook
 .text.OSTaskDelHook
                0x00004704       0x24 ./source/rtos/uCOSIII/src/uCOS-III/Ports/ARM-Cortex-M4/Generic/GNU/os_cpu_c.o
                0x00004704                OSTaskDelHook
 .text.OSTaskReturnHook
                0x00004728       0x24 ./source/rtos/uCOSIII/src/uCOS-III/Ports/ARM-Cortex-M4/Generic/GNU/os_cpu_c.o
                0x00004728                OSTaskReturnHook
 .text.OSTaskStkInit
                0x0000474c      0x34c ./source/rtos/uCOSIII/src/uCOS-III/Ports/ARM-Cortex-M4/Generic/GNU/os_cpu_c.o
                0x0000474c                OSTaskStkInit
 .text.OSTaskSwHook
                0x00004a98       0xa8 ./source/rtos/uCOSIII/src/uCOS-III/Ports/ARM-Cortex-M4/Generic/GNU/os_cpu_c.o
                0x00004a98                OSTaskSwHook
 .text.OSTimeTickHook
                0x00004b40       0x1c ./source/rtos/uCOSIII/src/uCOS-III/Ports/ARM-Cortex-M4/Generic/GNU/os_cpu_c.o
                0x00004b40                OSTimeTickHook
 .text.OS_CPU_SysTickInit
                0x00004b5c       0x54 ./source/rtos/uCOSIII/src/uCOS-III/Ports/ARM-Cortex-M4/Generic/GNU/os_cpu_c.o
                0x00004b5c                OS_CPU_SysTickInit
 .text          0x00004bb0       0x34 ./source/rtos/uCOSIII/src/uC-CPU/ARM-Cortex-M4/GNU/cpu_a.o
                0x00004bb0                CPU_IntDis
                0x00004bb4                CPU_IntEn
                0x00004bb8                CPU_SR_Save
                0x00004bc0                CPU_SR_Restore
                0x00004bc6                CPU_WaitForInt
                0x00004bca                CPU_WaitForExcept
                0x00004bce                CPU_CntLeadZeros
                0x00004bd4                CPU_CntTrailZeros
                0x00004bde                CPU_RevBits
 .text.CPU_TS_TmrFreqSet
                0x00004be4       0x20 ./source/rtos/uCOSIII/src/uC-CPU/cpu_core.o
                0x00004be4                CPU_TS_TmrFreqSet
 .text.CPU_TS_Init
                0x00004c04       0x18 ./source/rtos/uCOSIII/src/uC-CPU/cpu_core.o
 .text.CPU_TS_TmrInit
                0x00004c1c       0x48 ./source/rtos/uCOSIII/BSP/cpu_bsp.o
                0x00004c1c                CPU_TS_TmrInit
 .text.SysTick_Init
                0x00004c64       0x34 ./source/drivers/SysTick.o
                0x00004c64                SysTick_Init
 .text.App_OS_TimeTickHook
                0x00004c98       0x24 ./source/drivers/SysTick.o
                0x00004c98                App_OS_TimeTickHook
 .text.initButton
                0x00004cbc       0x78 ./source/drivers/button.o
                0x00004cbc                initButton
 .text.buttonGetStatus
                0x00004d34       0x28 ./source/drivers/button.o
                0x00004d34                buttonGetStatus
 .text.buttonGetEvent
                0x00004d5c       0x18 ./source/drivers/button.o
                0x00004d5c                buttonGetEvent
 .text.buttonSetStatus
                0x00004d74       0x20 ./source/drivers/button.o
                0x00004d74                buttonSetStatus
 .text.getButtonSemPointer
                0x00004d94       0x14 ./source/drivers/button.o
                0x00004d94                getButtonSemPointer
 .text.event_coming
                0x00004da8       0xe4 ./source/drivers/button.o
 .text.callback_button
                0x00004e8c       0x78 ./source/drivers/button.o
 .text.callback_click
                0x00004f04       0xf0 ./source/drivers/button.o
 .text.initCardReader
                0x00004ff4       0x60 ./source/drivers/card_reader.o
                0x00004ff4                initCardReader
 .text.resetReader
                0x00005054       0xd8 ./source/drivers/card_reader.o
                0x00005054                resetReader
 .text.CardReaderIsReady
                0x0000512c       0x18 ./source/drivers/card_reader.o
                0x0000512c                CardReaderIsReady
 .text.getError
                0x00005144       0x18 ./source/drivers/card_reader.o
                0x00005144                getError
 .text.processData
                0x0000515c       0x64 ./source/drivers/card_reader.o
                0x0000515c                processData
 .text.getCardSemPointer
                0x000051c0       0x14 ./source/drivers/card_reader.o
                0x000051c0                getCardSemPointer
 .text.irq_enable
                0x000051d4       0x6c ./source/drivers/card_reader.o
 .text.irq_clk_falling_edge
                0x00005240       0x3c ./source/drivers/card_reader.o
 .text.readCard
                0x0000527c       0x78 ./source/drivers/card_reader.o
 .text.pin2data
                0x000052f4       0x48 ./source/drivers/card_reader.o
 .text.write_data
                0x0000533c       0x38 ./source/drivers/card_reader.o
 .text.orderData
                0x00005374      0x148 ./source/drivers/card_reader.o
 .text.validateParity
                0x000054bc       0x84 ./source/drivers/card_reader.o
 .text.validate_LRC
                0x00005540       0x7c ./source/drivers/card_reader.o
 .text.add2track
                0x000055bc      0x1a8 ./source/drivers/card_reader.o
 .text.add2ID   0x00005764       0x3c ./source/drivers/card_reader.o
 .text.initDisplay
                0x000057a0       0xe4 ./source/drivers/display.o
                0x000057a0                initDisplay
 .text.setClearMode
                0x00005884       0x38 ./source/drivers/display.o
                0x00005884                setClearMode
 .text.setScrollMode
                0x000058bc       0x40 ./source/drivers/display.o
                0x000058bc                setScrollMode
 .text.setBlinkMode
                0x000058fc       0x4c ./source/drivers/display.o
                0x000058fc                setBlinkMode
 .text.loadBuffer
                0x00005948       0x38 ./source/drivers/display.o
                0x00005948                loadBuffer
 .text.showLastDigits
                0x00005980       0x28 ./source/drivers/display.o
                0x00005980                showLastDigits
 .text.setBlinkingDigits
                0x000059a8       0x38 ./source/drivers/display.o
                0x000059a8                setBlinkingDigits
 .text.setBrightness
                0x000059e0       0x3c ./source/drivers/display.o
                0x000059e0                setBrightness
 .text.upBrightness
                0x00005a1c       0x1c ./source/drivers/display.o
                0x00005a1c                upBrightness
 .text.downBrightness
                0x00005a38       0x1c ./source/drivers/display.o
                0x00005a38                downBrightness
 .text.getBrightnessState
                0x00005a54       0x18 ./source/drivers/display.o
                0x00005a54                getBrightnessState
 .text.refresh_display
                0x00005a6c      0x130 ./source/drivers/display.o
                0x00005a6c                refresh_display
 .text.scroll_message
                0x00005b9c       0x70 ./source/drivers/display.o
                0x00005b9c                scroll_message
 .text.clear_display
                0x00005c0c       0x18 ./source/drivers/display.o
                0x00005c0c                clear_display
 .text.set_digit
                0x00005c24       0x8c ./source/drivers/display.o
                0x00005c24                set_digit
 .text.set_buffer
                0x00005cb0       0x4c ./source/drivers/display.o
                0x00005cb0                set_buffer
 .text.auto_set_buffer_index
                0x00005cfc       0x34 ./source/drivers/display.o
                0x00005cfc                auto_set_buffer_index
 .text.clear_buffer
                0x00005d30       0x40 ./source/drivers/display.o
                0x00005d30                clear_buffer
 .text.scroll_buffer
                0x00005d70       0x20 ./source/drivers/display.o
                0x00005d70                scroll_buffer
 .text.blink_digits
                0x00005d90       0x30 ./source/drivers/display.o
                0x00005d90                blink_digits
 .text.initEncoder
                0x00005dc0       0x74 ./source/drivers/encoder.o
                0x00005dc0                initEncoder
 .text.encoderGetStatus
                0x00005e34       0x28 ./source/drivers/encoder.o
                0x00005e34                encoderGetStatus
 .text.encoderGetEvent
                0x00005e5c       0x18 ./source/drivers/encoder.o
                0x00005e5c                encoderGetEvent
 .text.encoderSetStatus
                0x00005e74       0x24 ./source/drivers/encoder.o
                0x00005e74                encoderSetStatus
 .text.getEncoderSemPointer
                0x00005e98       0x14 ./source/drivers/encoder.o
                0x00005e98                getEncoderSemPointer
 .text.event_coming
                0x00005eac      0x214 ./source/drivers/encoder.o
 .text.callback_encoder
                0x000060c0       0x58 ./source/drivers/encoder.o
                0x000060c0                callback_encoder
 .text.FIFO_GetId
                0x00006118       0x30 ./source/drivers/fifo.o
                0x00006118                FIFO_GetId
 .text.FIFO_IsBufferFull
                0x00006148       0x30 ./source/drivers/fifo.o
                0x00006148                FIFO_IsBufferFull
 .text.FIFO_IsBufferEmpty
                0x00006178       0x70 ./source/drivers/fifo.o
                0x00006178                FIFO_IsBufferEmpty
 .text.FIFO_PushToBuffer
                0x000061e8      0x10c ./source/drivers/fifo.o
                0x000061e8                FIFO_PushToBuffer
 .text.FIFO_PullFromBuffer
                0x000062f4      0x138 ./source/drivers/fifo.o
                0x000062f4                FIFO_PullFromBuffer
 .text.init_fifo
                0x0000642c       0x5c ./source/drivers/fifo.o
                0x0000642c                init_fifo
 .text.__NVIC_EnableIRQ
                0x00006488       0x3c ./source/drivers/gpio.o
 .text.__NVIC_DisableIRQ
                0x000064c4       0x44 ./source/drivers/gpio.o
 .text.gpioMode
                0x00006508      0x13c ./source/drivers/gpio.o
                0x00006508                gpioMode
 .text.gpioWrite
                0x00006644       0x5c ./source/drivers/gpio.o
                0x00006644                gpioWrite
 .text.gpioRead
                0x000066a0       0x58 ./source/drivers/gpio.o
                0x000066a0                gpioRead
 .text.gpioIRQ  0x000066f8       0xbc ./source/drivers/gpio.o
                0x000066f8                gpioIRQ
 .text.IRQHandler
                0x000067b4       0x74 ./source/drivers/gpio.o
 .text.LedInit  0x00006828       0x54 ./source/drivers/led.o
                0x00006828                LedInit
 .text.LedOn    0x0000687c       0x74 ./source/drivers/led.o
                0x0000687c                LedOn
 .text.LedRedOn
                0x000068f0       0x24 ./source/drivers/led.o
                0x000068f0                LedRedOn
 .text.LedGreenOn
                0x00006914       0x24 ./source/drivers/led.o
                0x00006914                LedGreenOn
 .text.LedBlueOn
                0x00006938       0x24 ./source/drivers/led.o
                0x00006938                LedBlueOn
 .text.initLeds
                0x0000695c       0x5c ./source/drivers/leds.o
                0x0000695c                initLeds
 .text.clear_leds
                0x000069b8       0x30 ./source/drivers/leds.o
                0x000069b8                clear_leds
 .text.set_led  0x000069e8       0x24 ./source/drivers/leds.o
                0x000069e8                set_led
 .text.clear_led
                0x00006a0c       0x24 ./source/drivers/leds.o
                0x00006a0c                clear_led
 .text.toggle_led
                0x00006a30       0x40 ./source/drivers/leds.o
                0x00006a30                toggle_led
 .text.callback_leds
                0x00006a70       0x84 ./source/drivers/leds.o
 .text.messageInit
                0x00006af4       0x24 ./source/drivers/message.o
                0x00006af4                messageInit
 .text.messageHandlerStatus
                0x00006b18       0x28 ./source/drivers/message.o
                0x00006b18                messageHandlerStatus
 .text.messageGetEvent
                0x00006b40       0x38 ./source/drivers/message.o
                0x00006b40                messageGetEvent
 .text.messageSetStatus
                0x00006b78       0x34 ./source/drivers/message.o
                0x00006b78                messageSetStatus
 .text.getMessageSemPointer
                0x00006bac       0x14 ./source/drivers/message.o
                0x00006bac                getMessageSemPointer
 .text.timerInit
                0x00006bc0       0x28 ./source/drivers/timer.o
                0x00006bc0                timerInit
 .text.timerGetId
                0x00006be8       0x2c ./source/drivers/timer.o
                0x00006be8                timerGetId
 .text.timerStart
                0x00006c14       0xa4 ./source/drivers/timer.o
                0x00006c14                timerStart
 .text.timerRestart
                0x00006cb8       0x6c ./source/drivers/timer.o
                0x00006cb8                timerRestart
 .text.timerReset
                0x00006d24       0x58 ./source/drivers/timer.o
                0x00006d24                timerReset
 .text.timerActivate
                0x00006d7c       0x58 ./source/drivers/timer.o
                0x00006d7c                timerActivate
 .text.timer_isr
                0x00006dd4       0xf4 ./source/drivers/timer.o
                0x00006dd4                timer_isr
 .text.__NVIC_EnableIRQ
                0x00006ec8       0x3c ./source/drivers/uart.o
 .text.uartInit
                0x00006f04      0x1ac ./source/drivers/uart.o
                0x00006f04                uartInit
 .text.uartReadMsg
                0x000070b0       0x3c ./source/drivers/uart.o
                0x000070b0                uartReadMsg
 .text.uartWriteMsg
                0x000070ec       0x50 ./source/drivers/uart.o
                0x000070ec                uartWriteMsg
 .text.UART_EnableClockGating
                0x0000713c       0xdc ./source/drivers/uart.o
                0x0000713c                UART_EnableClockGating
 .text.UART_SetBaudRate
                0x00007218       0xb8 ./source/drivers/uart.o
                0x00007218                UART_SetBaudRate
 .text.UART_SetEnableIRQ
                0x000072d0       0x60 ./source/drivers/uart.o
                0x000072d0                UART_SetEnableIRQ
 .text.uart_irq_handler
                0x00007330       0xb4 ./source/drivers/uart.o
                0x00007330                uart_irq_handler
 .text.App_Init
                0x000073e4       0x94 ./source/App.o
                0x000073e4                App_Init
 .text.App_Run  0x00007478      0x130 ./source/App.o
                0x00007478                App_Run
 .text.idle     0x000075a8       0xdc ./source/App.o
 .text.modificar_id
                0x00007684      0x27c ./source/App.o
 .text.modificar_pass
                0x00007900      0x1f4 ./source/App.o
 .text.modificar_brillo
                0x00007af4       0x8c ./source/App.o
 .text.verificar_estado
                0x00007b80      0x12c ./source/App.o
 .text.open_door
                0x00007cac       0x64 ./source/App.o
 .text.wrong_pin
                0x00007d10       0xdc ./source/App.o
 .text.reset_all
                0x00007dec       0x60 ./source/App.o
 .text.id_reset
                0x00007e4c       0x3c ./source/App.o
 .text.pass_reset
                0x00007e88       0x3c ./source/App.o
 .text.sec_callback
                0x00007ec4       0x20 ./source/App.o
 .text.show_pass
                0x00007ee4       0x54 ./source/App.o
 .text.SendData
                0x00007f38       0x78 ./source/App_cloud.o
                0x00007f38                SendData
 .text.KeepAlive
                0x00007fb0       0x18 ./source/App_cloud.o
                0x00007fb0                KeepAlive
 .text.checkRX  0x00007fc8       0x80 ./source/App_cloud.o
                0x00007fc8                checkRX
 .text.cloudTimer_IRQ
                0x00008048       0x48 ./source/App_cloud.o
                0x00008048                cloudTimer_IRQ
 .text.Task3    0x00008090       0x3c ./source/main.o
 .text.Task2    0x000080cc       0x44 ./source/main.o
 .text.TaskMain
                0x00008110       0xc4 ./source/main.o
 .text.main     0x000081d4      0x110 ./source/main.o
                0x000081d4                main
 .text.hw_Init  0x000082e4      0x108 ./SDK/startup/hardware.o
                0x000082e4                hw_Init
 .text.hw_EnableInterrupts
                0x000083ec       0x30 ./SDK/startup/hardware.o
                0x000083ec                hw_EnableInterrupts
 .text.hw_DisableInterrupts
                0x0000841c       0x20 ./SDK/startup/hardware.o
                0x0000841c                hw_DisableInterrupts
 .text.SystemInit
                0x0000843c       0x3c ./SDK/CMSIS/system_MK64F12.o
                0x0000843c                SystemInit
 .text.SystemCoreClockUpdate
                0x00008478      0x278 ./SDK/CMSIS/system_MK64F12.o
                0x00008478                SystemCoreClockUpdate
 .text.arr_eq   0x000086f0       0x62 ./source/utils/utils.o
                0x000086f0                arr_eq
 .text.OSCfg_Init
                0x00008752        0xe ./source/rtos/uCOSIII/src/uCOS-III/Source/os_cfg_app.o
                0x00008752                OSCfg_Init
 .text.OS_PendDataInit
                0x00008760       0x6c ./source/rtos/uCOSIII/src/uCOS-III/Source/os_core.o
                0x00008760                OS_PendDataInit
 .text.OS_PendListChangePrio
                0x000087cc       0x56 ./source/rtos/uCOSIII/src/uCOS-III/Source/os_core.o
                0x000087cc                OS_PendListChangePrio
 .text.OS_PendListInit
                0x00008822       0x26 ./source/rtos/uCOSIII/src/uCOS-III/Source/os_core.o
                0x00008822                OS_PendListInit
 .text.OS_PendListInsertPrio
                0x00008848       0xe8 ./source/rtos/uCOSIII/src/uCOS-III/Source/os_core.o
                0x00008848                OS_PendListInsertPrio
 .text.OS_PendListRemove
                0x00008930       0x54 ./source/rtos/uCOSIII/src/uCOS-III/Source/os_core.o
                0x00008930                OS_PendListRemove
 .text.OS_PendListRemove1
                0x00008984       0x94 ./source/rtos/uCOSIII/src/uCOS-III/Source/os_core.o
                0x00008984                OS_PendListRemove1
 .text.OS_Post1
                0x00008a18       0x60 ./source/rtos/uCOSIII/src/uCOS-III/Source/os_core.o
                0x00008a18                OS_Post1
 .text.OS_RdyListMoveHeadToTail
                0x00008a78       0x90 ./source/rtos/uCOSIII/src/uCOS-III/Source/os_core.o
                0x00008a78                OS_RdyListMoveHeadToTail
 .text.OS_MsgQInit
                0x00008b08       0x36 ./source/rtos/uCOSIII/src/uCOS-III/Source/os_msg.o
                0x00008b08                OS_MsgQInit
 .text.OS_MutexGrpAdd
                0x00008b3e       0x24 ./source/rtos/uCOSIII/src/uCOS-III/Source/os_mutex.o
                0x00008b3e                OS_MutexGrpAdd
 .text.OS_MutexGrpRemove
                0x00008b62       0x3a ./source/rtos/uCOSIII/src/uCOS-III/Source/os_mutex.o
                0x00008b62                OS_MutexGrpRemove
 .text.OS_MutexGrpPrioFindHighest
                0x00008b9c       0x56 ./source/rtos/uCOSIII/src/uCOS-III/Source/os_mutex.o
                0x00008b9c                OS_MutexGrpPrioFindHighest
 .text.OS_MutexGrpPostAll
                0x00008bf2       0x86 ./source/rtos/uCOSIII/src/uCOS-III/Source/os_mutex.o
                0x00008bf2                OS_MutexGrpPostAll
 .text.OS_QPost
                0x00008c78       0xce ./source/rtos/uCOSIII/src/uCOS-III/Source/os_q.o
                0x00008c78                OS_QPost
 .text.OS_SemPost
                0x00008d46       0xde ./source/rtos/uCOSIII/src/uCOS-III/Source/os_sem.o
                0x00008d46                OS_SemPost
 .text.OSTaskSemPost
                0x00008e24       0x44 ./source/rtos/uCOSIII/src/uCOS-III/Source/os_task.o
                0x00008e24                OSTaskSemPost
 .text.OS_TickListInsert
                0x00008e68      0x12e ./source/rtos/uCOSIII/src/uCOS-III/Source/os_tick.o
                0x00008e68                OS_TickListInsert
 .text.OS_TickListRemove
                0x00008f96       0xca ./source/rtos/uCOSIII/src/uCOS-III/Source/os_tick.o
                0x00008f96                OS_TickListRemove
 .text.OS_TickListResetPeak
                0x00009060        0xe ./source/rtos/uCOSIII/src/uCOS-III/Source/os_tick.o
                0x00009060                OS_TickListResetPeak
 .text.OS_TmrResetPeak
                0x0000906e        0xe ./source/rtos/uCOSIII/src/uCOS-III/Source/os_tmr.o
                0x0000906e                OS_TmrResetPeak
 .text.SysTick_Handler
                0x0000907c       0x2a ./source/rtos/uCOSIII/src/uCOS-III/Ports/ARM-Cortex-M4/Generic/GNU/os_cpu_c.o
                0x0000907c                SysTick_Handler
 .text.CPU_Init
                0x000090a6        0xc ./source/rtos/uCOSIII/src/uC-CPU/cpu_core.o
                0x000090a6                CPU_Init
 .text.set_segment
                0x000090b2       0x2e ./source/drivers/display.o
                0x000090b2                set_segment
 .text.FIFO_WriteToBuffer
                0x000090e0       0x4e ./source/drivers/fifo.o
                0x000090e0                FIFO_WriteToBuffer
 .text.FIFO_ReadFromBuffer
                0x0000912e       0x62 ./source/drivers/fifo.o
                0x0000912e                FIFO_ReadFromBuffer
 .text.PORTA_IRQHandler
                0x00009190       0x1e ./source/drivers/gpio.o
                0x00009190                PORTA_IRQHandler
 .text.PORTB_IRQHandler
                0x000091ae       0x1e ./source/drivers/gpio.o
                0x000091ae                PORTB_IRQHandler
 .text.PORTC_IRQHandler
                0x000091cc       0x1e ./source/drivers/gpio.o
                0x000091cc                PORTC_IRQHandler
 .text.PORTD_IRQHandler
                0x000091ea       0x1e ./source/drivers/gpio.o
                0x000091ea                PORTD_IRQHandler
 .text.PORTE_IRQHandler
                0x00009208       0x1e ./source/drivers/gpio.o
                0x00009208                PORTE_IRQHandler
 .text.LedOff   0x00009226       0x20 ./source/drivers/led.o
                0x00009226                LedOff
 .text.timerCreate
                0x00009246       0x2e ./source/drivers/timer.o
                0x00009246                timerCreate
 .text.UART_DisableTxRx
                0x00009274       0x24 ./source/drivers/uart.o
                0x00009274                UART_DisableTxRx
 .text.UART_EnableTxRx
                0x00009298       0x1a ./source/drivers/uart.o
                0x00009298                UART_EnableTxRx
 .text.UART_SetParity
                0x000092b2       0x6c ./source/drivers/uart.o
                0x000092b2                UART_SetParity
 .text.UART_SetDataSize
                0x0000931e       0x40 ./source/drivers/uart.o
                0x0000931e                UART_SetDataSize
 .text.UART_SetStopBit
                0x0000935e       0x40 ./source/drivers/uart.o
                0x0000935e                UART_SetStopBit
 .text.UART0_RX_TX_IRQHandler
                0x0000939e       0x1e ./source/drivers/uart.o
                0x0000939e                UART0_RX_TX_IRQHandler
 .text.UART1_RX_TX_IRQHandler
                0x000093bc       0x1e ./source/drivers/uart.o
                0x000093bc                UART1_RX_TX_IRQHandler
 .text.UART2_RX_TX_IRQHandler
                0x000093da       0x1e ./source/drivers/uart.o
                0x000093da                UART2_RX_TX_IRQHandler
 .text.UART3_RX_TX_IRQHandler
                0x000093f8       0x1e ./source/drivers/uart.o
                0x000093f8                UART3_RX_TX_IRQHandler
 .text.UART4_RX_TX_IRQHandler
                0x00009416       0x1e ./source/drivers/uart.o
                0x00009416                UART4_RX_TX_IRQHandler
 .text.show_input
                0x00009434       0x54 ./source/App.o
 .text.show_message
                0x00009488       0x22 ./source/App.o
 .text.show_brightness
                0x000094aa       0xa0 ./source/App.o
 .text.App_Init_cloud
                0x0000954a       0x26 ./source/App_cloud.o
                0x0000954a                App_Init_cloud
 .text.handle_RX
                0x00009570       0x56 ./source/App_cloud.o
                0x00009570                handle_RX
 .text.HardFault_Handler
                0x000095c6       0x2c ./SDK/startup/semihost_hardfault.o
                0x000095c6                HardFault_Handler
 .text.DMA0_IRQHandler
                0x000095f2        0x8 ./SDK/startup/startup_mk64f12.o
                0x000095f2                DMA0_IRQHandler
 .text.DMA1_IRQHandler
                0x000095fa        0x8 ./SDK/startup/startup_mk64f12.o
                0x000095fa                DMA1_IRQHandler
 .text.DMA2_IRQHandler
                0x00009602        0x8 ./SDK/startup/startup_mk64f12.o
                0x00009602                DMA2_IRQHandler
 .text.DMA3_IRQHandler
                0x0000960a        0x8 ./SDK/startup/startup_mk64f12.o
                0x0000960a                DMA3_IRQHandler
 .text.DMA4_IRQHandler
                0x00009612        0x8 ./SDK/startup/startup_mk64f12.o
                0x00009612                DMA4_IRQHandler
 .text.DMA5_IRQHandler
                0x0000961a        0x8 ./SDK/startup/startup_mk64f12.o
                0x0000961a                DMA5_IRQHandler
 .text.DMA6_IRQHandler
                0x00009622        0x8 ./SDK/startup/startup_mk64f12.o
                0x00009622                DMA6_IRQHandler
 .text.DMA7_IRQHandler
                0x0000962a        0x8 ./SDK/startup/startup_mk64f12.o
                0x0000962a                DMA7_IRQHandler
 .text.DMA8_IRQHandler
                0x00009632        0x8 ./SDK/startup/startup_mk64f12.o
                0x00009632                DMA8_IRQHandler
 .text.DMA9_IRQHandler
                0x0000963a        0x8 ./SDK/startup/startup_mk64f12.o
                0x0000963a                DMA9_IRQHandler
 .text.DMA10_IRQHandler
                0x00009642        0x8 ./SDK/startup/startup_mk64f12.o
                0x00009642                DMA10_IRQHandler
 .text.DMA11_IRQHandler
                0x0000964a        0x8 ./SDK/startup/startup_mk64f12.o
                0x0000964a                DMA11_IRQHandler
 .text.DMA12_IRQHandler
                0x00009652        0x8 ./SDK/startup/startup_mk64f12.o
                0x00009652                DMA12_IRQHandler
 .text.DMA13_IRQHandler
                0x0000965a        0x8 ./SDK/startup/startup_mk64f12.o
                0x0000965a                DMA13_IRQHandler
 .text.DMA14_IRQHandler
                0x00009662        0x8 ./SDK/startup/startup_mk64f12.o
                0x00009662                DMA14_IRQHandler
 .text.DMA15_IRQHandler
                0x0000966a        0x8 ./SDK/startup/startup_mk64f12.o
                0x0000966a                DMA15_IRQHandler
 .text.DMA_Error_IRQHandler
                0x00009672        0x8 ./SDK/startup/startup_mk64f12.o
                0x00009672                DMA_Error_IRQHandler
 .text.MCM_IRQHandler
                0x0000967a        0x8 ./SDK/startup/startup_mk64f12.o
                0x0000967a                MCM_IRQHandler
 .text.FTFE_IRQHandler
                0x00009682        0x8 ./SDK/startup/startup_mk64f12.o
                0x00009682                FTFE_IRQHandler
 .text.Read_Collision_IRQHandler
                0x0000968a        0x8 ./SDK/startup/startup_mk64f12.o
                0x0000968a                Read_Collision_IRQHandler
 .text.LVD_LVW_IRQHandler
                0x00009692        0x8 ./SDK/startup/startup_mk64f12.o
                0x00009692                LVD_LVW_IRQHandler
 .text.LLWU_IRQHandler
                0x0000969a        0x8 ./SDK/startup/startup_mk64f12.o
                0x0000969a                LLWU_IRQHandler
 .text.WDOG_EWM_IRQHandler
                0x000096a2        0x8 ./SDK/startup/startup_mk64f12.o
                0x000096a2                WDOG_EWM_IRQHandler
 .text.RNG_IRQHandler
                0x000096aa        0x8 ./SDK/startup/startup_mk64f12.o
                0x000096aa                RNG_IRQHandler
 .text.I2C0_IRQHandler
                0x000096b2        0x8 ./SDK/startup/startup_mk64f12.o
                0x000096b2                I2C0_IRQHandler
 .text.I2C1_IRQHandler
                0x000096ba        0x8 ./SDK/startup/startup_mk64f12.o
                0x000096ba                I2C1_IRQHandler
 .text.SPI0_IRQHandler
                0x000096c2        0x8 ./SDK/startup/startup_mk64f12.o
                0x000096c2                SPI0_IRQHandler
 .text.SPI1_IRQHandler
                0x000096ca        0x8 ./SDK/startup/startup_mk64f12.o
                0x000096ca                SPI1_IRQHandler
 .text.I2S0_Tx_IRQHandler
                0x000096d2        0x8 ./SDK/startup/startup_mk64f12.o
                0x000096d2                I2S0_Tx_IRQHandler
 .text.I2S0_Rx_IRQHandler
                0x000096da        0x8 ./SDK/startup/startup_mk64f12.o
                0x000096da                I2S0_Rx_IRQHandler
 .text.UART0_LON_IRQHandler
                0x000096e2        0x8 ./SDK/startup/startup_mk64f12.o
                0x000096e2                UART0_LON_IRQHandler
 .text.UART0_ERR_IRQHandler
                0x000096ea        0x8 ./SDK/startup/startup_mk64f12.o
                0x000096ea                UART0_ERR_IRQHandler
 .text.UART1_ERR_IRQHandler
                0x000096f2        0x8 ./SDK/startup/startup_mk64f12.o
                0x000096f2                UART1_ERR_IRQHandler
 .text.UART2_ERR_IRQHandler
                0x000096fa        0x8 ./SDK/startup/startup_mk64f12.o
                0x000096fa                UART2_ERR_IRQHandler
 .text.UART3_ERR_IRQHandler
                0x00009702        0x8 ./SDK/startup/startup_mk64f12.o
                0x00009702                UART3_ERR_IRQHandler
 .text.ADC0_IRQHandler
                0x0000970a        0x8 ./SDK/startup/startup_mk64f12.o
                0x0000970a                ADC0_IRQHandler
 .text.CMP0_IRQHandler
                0x00009712        0x8 ./SDK/startup/startup_mk64f12.o
                0x00009712                CMP0_IRQHandler
 .text.CMP1_IRQHandler
                0x0000971a        0x8 ./SDK/startup/startup_mk64f12.o
                0x0000971a                CMP1_IRQHandler
 .text.FTM0_IRQHandler
                0x00009722        0x8 ./SDK/startup/startup_mk64f12.o
                0x00009722                FTM0_IRQHandler
 .text.FTM1_IRQHandler
                0x0000972a        0x8 ./SDK/startup/startup_mk64f12.o
                0x0000972a                FTM1_IRQHandler
 .text.FTM2_IRQHandler
                0x00009732        0x8 ./SDK/startup/startup_mk64f12.o
                0x00009732                FTM2_IRQHandler
 .text.CMT_IRQHandler
                0x0000973a        0x8 ./SDK/startup/startup_mk64f12.o
                0x0000973a                CMT_IRQHandler
 .text.RTC_IRQHandler
                0x00009742        0x8 ./SDK/startup/startup_mk64f12.o
                0x00009742                RTC_IRQHandler
 .text.RTC_Seconds_IRQHandler
                0x0000974a        0x8 ./SDK/startup/startup_mk64f12.o
                0x0000974a                RTC_Seconds_IRQHandler
 .text.PIT0_IRQHandler
                0x00009752        0x8 ./SDK/startup/startup_mk64f12.o
                0x00009752                PIT0_IRQHandler
 .text.PIT1_IRQHandler
                0x0000975a        0x8 ./SDK/startup/startup_mk64f12.o
                0x0000975a                PIT1_IRQHandler
 .text.PIT2_IRQHandler
                0x00009762        0x8 ./SDK/startup/startup_mk64f12.o
                0x00009762                PIT2_IRQHandler
 .text.PIT3_IRQHandler
                0x0000976a        0x8 ./SDK/startup/startup_mk64f12.o
                0x0000976a                PIT3_IRQHandler
 .text.PDB0_IRQHandler
                0x00009772        0x8 ./SDK/startup/startup_mk64f12.o
                0x00009772                PDB0_IRQHandler
 .text.USB0_IRQHandler
                0x0000977a        0x8 ./SDK/startup/startup_mk64f12.o
                0x0000977a                USB0_IRQHandler
 .text.USBDCD_IRQHandler
                0x00009782        0x8 ./SDK/startup/startup_mk64f12.o
                0x00009782                USBDCD_IRQHandler
 .text.Reserved71_IRQHandler
                0x0000978a        0x8 ./SDK/startup/startup_mk64f12.o
                0x0000978a                Reserved71_IRQHandler
 .text.DAC0_IRQHandler
                0x00009792        0x8 ./SDK/startup/startup_mk64f12.o
                0x00009792                DAC0_IRQHandler
 .text.MCG_IRQHandler
                0x0000979a        0x8 ./SDK/startup/startup_mk64f12.o
                0x0000979a                MCG_IRQHandler
 .text.LPTMR0_IRQHandler
                0x000097a2        0x8 ./SDK/startup/startup_mk64f12.o
                0x000097a2                LPTMR0_IRQHandler
 .text.SWI_IRQHandler
                0x000097aa        0x8 ./SDK/startup/startup_mk64f12.o
                0x000097aa                SWI_IRQHandler
 .text.SPI2_IRQHandler
                0x000097b2        0x8 ./SDK/startup/startup_mk64f12.o
                0x000097b2                SPI2_IRQHandler
 .text.UART4_ERR_IRQHandler
                0x000097ba        0x8 ./SDK/startup/startup_mk64f12.o
                0x000097ba                UART4_ERR_IRQHandler
 .text.UART5_RX_TX_IRQHandler
                0x000097c2        0x8 ./SDK/startup/startup_mk64f12.o
                0x000097c2                UART5_RX_TX_IRQHandler
 .text.UART5_ERR_IRQHandler
                0x000097ca        0x8 ./SDK/startup/startup_mk64f12.o
                0x000097ca                UART5_ERR_IRQHandler
 .text.CMP2_IRQHandler
                0x000097d2        0x8 ./SDK/startup/startup_mk64f12.o
                0x000097d2                CMP2_IRQHandler
 .text.FTM3_IRQHandler
                0x000097da        0x8 ./SDK/startup/startup_mk64f12.o
                0x000097da                FTM3_IRQHandler
 .text.DAC1_IRQHandler
                0x000097e2        0x8 ./SDK/startup/startup_mk64f12.o
                0x000097e2                DAC1_IRQHandler
 .text.ADC1_IRQHandler
                0x000097ea        0x8 ./SDK/startup/startup_mk64f12.o
                0x000097ea                ADC1_IRQHandler
 .text.I2C2_IRQHandler
                0x000097f2        0x8 ./SDK/startup/startup_mk64f12.o
                0x000097f2                I2C2_IRQHandler
 .text.CAN0_ORed_Message_buffer_IRQHandler
                0x000097fa        0x8 ./SDK/startup/startup_mk64f12.o
                0x000097fa                CAN0_ORed_Message_buffer_IRQHandler
 .text.CAN0_Bus_Off_IRQHandler
                0x00009802        0x8 ./SDK/startup/startup_mk64f12.o
                0x00009802                CAN0_Bus_Off_IRQHandler
 .text.CAN0_Error_IRQHandler
                0x0000980a        0x8 ./SDK/startup/startup_mk64f12.o
                0x0000980a                CAN0_Error_IRQHandler
 .text.CAN0_Tx_Warning_IRQHandler
                0x00009812        0x8 ./SDK/startup/startup_mk64f12.o
                0x00009812                CAN0_Tx_Warning_IRQHandler
 .text.CAN0_Rx_Warning_IRQHandler
                0x0000981a        0x8 ./SDK/startup/startup_mk64f12.o
                0x0000981a                CAN0_Rx_Warning_IRQHandler
 .text.CAN0_Wake_Up_IRQHandler
                0x00009822        0x8 ./SDK/startup/startup_mk64f12.o
                0x00009822                CAN0_Wake_Up_IRQHandler
 .text.SDHC_IRQHandler
                0x0000982a        0x8 ./SDK/startup/startup_mk64f12.o
                0x0000982a                SDHC_IRQHandler
 .text.ENET_1588_Timer_IRQHandler
                0x00009832        0x8 ./SDK/startup/startup_mk64f12.o
                0x00009832                ENET_1588_Timer_IRQHandler
 .text.ENET_Transmit_IRQHandler
                0x0000983a        0x8 ./SDK/startup/startup_mk64f12.o
                0x0000983a                ENET_Transmit_IRQHandler
 .text.ENET_Receive_IRQHandler
                0x00009842        0x8 ./SDK/startup/startup_mk64f12.o
                0x00009842                ENET_Receive_IRQHandler
 .text.ENET_Error_IRQHandler
                0x0000984a        0x8 ./SDK/startup/startup_mk64f12.o
                0x0000984a                ENET_Error_IRQHandler
 .text.SystemInitHook
                0x00009852        0xe ./SDK/CMSIS/system_MK64F12.o
                0x00009852                SystemInitHook
 *(SORT_BY_ALIGNMENT(.rodata) SORT_BY_ALIGNMENT(.rodata.*) SORT_BY_ALIGNMENT(.constdata) SORT_BY_ALIGNMENT(.constdata.*))
 .rodata        0x00009860       0x76 ./source/users/user.o
 *fill*         0x000098d6        0x2 ff
 .rodata        0x000098d8       0x47 ./source/users/user_cloud.o
 *fill*         0x0000991f        0x1 ff
 .rodata.OSCfg_IdleTaskStkBasePtr
                0x00009920        0x4 ./source/rtos/uCOSIII/src/uCOS-III/Source/os_cfg_app.o
                0x00009920                OSCfg_IdleTaskStkBasePtr
 .rodata.OSCfg_IdleTaskStkLimit
                0x00009924        0x4 ./source/rtos/uCOSIII/src/uCOS-III/Source/os_cfg_app.o
                0x00009924                OSCfg_IdleTaskStkLimit
 .rodata.OSCfg_IdleTaskStkSize
                0x00009928        0x4 ./source/rtos/uCOSIII/src/uCOS-III/Source/os_cfg_app.o
                0x00009928                OSCfg_IdleTaskStkSize
 .rodata.OSCfg_ISRStkBasePtr
                0x0000992c        0x4 ./source/rtos/uCOSIII/src/uCOS-III/Source/os_cfg_app.o
                0x0000992c                OSCfg_ISRStkBasePtr
 .rodata.OSCfg_ISRStkSize
                0x00009930        0x4 ./source/rtos/uCOSIII/src/uCOS-III/Source/os_cfg_app.o
                0x00009930                OSCfg_ISRStkSize
 .rodata.OSCfg_MsgPoolBasePtr
                0x00009934        0x4 ./source/rtos/uCOSIII/src/uCOS-III/Source/os_cfg_app.o
                0x00009934                OSCfg_MsgPoolBasePtr
 .rodata.OSCfg_StatTaskRate_Hz
                0x00009938        0x4 ./source/rtos/uCOSIII/src/uCOS-III/Source/os_cfg_app.o
                0x00009938                OSCfg_StatTaskRate_Hz
 .rodata.OSCfg_StatTaskStkBasePtr
                0x0000993c        0x4 ./source/rtos/uCOSIII/src/uCOS-III/Source/os_cfg_app.o
                0x0000993c                OSCfg_StatTaskStkBasePtr
 .rodata.OSCfg_StatTaskStkLimit
                0x00009940        0x4 ./source/rtos/uCOSIII/src/uCOS-III/Source/os_cfg_app.o
                0x00009940                OSCfg_StatTaskStkLimit
 .rodata.OSCfg_StatTaskStkSize
                0x00009944        0x4 ./source/rtos/uCOSIII/src/uCOS-III/Source/os_cfg_app.o
                0x00009944                OSCfg_StatTaskStkSize
 .rodata.OSCfg_StkSizeMin
                0x00009948        0x4 ./source/rtos/uCOSIII/src/uCOS-III/Source/os_cfg_app.o
                0x00009948                OSCfg_StkSizeMin
 .rodata.OSCfg_TickRate_Hz
                0x0000994c        0x4 ./source/rtos/uCOSIII/src/uCOS-III/Source/os_cfg_app.o
                0x0000994c                OSCfg_TickRate_Hz
 .rodata.OSCfg_TickTaskStkBasePtr
                0x00009950        0x4 ./source/rtos/uCOSIII/src/uCOS-III/Source/os_cfg_app.o
                0x00009950                OSCfg_TickTaskStkBasePtr
 .rodata.OSCfg_TickTaskStkLimit
                0x00009954        0x4 ./source/rtos/uCOSIII/src/uCOS-III/Source/os_cfg_app.o
                0x00009954                OSCfg_TickTaskStkLimit
 .rodata.OSCfg_TickTaskStkSize
                0x00009958        0x4 ./source/rtos/uCOSIII/src/uCOS-III/Source/os_cfg_app.o
                0x00009958                OSCfg_TickTaskStkSize
 .rodata.OSCfg_TmrTaskRate_Hz
                0x0000995c        0x4 ./source/rtos/uCOSIII/src/uCOS-III/Source/os_cfg_app.o
                0x0000995c                OSCfg_TmrTaskRate_Hz
 .rodata.OSCfg_TmrTaskStkBasePtr
                0x00009960        0x4 ./source/rtos/uCOSIII/src/uCOS-III/Source/os_cfg_app.o
                0x00009960                OSCfg_TmrTaskStkBasePtr
 .rodata.OSCfg_TmrTaskStkLimit
                0x00009964        0x4 ./source/rtos/uCOSIII/src/uCOS-III/Source/os_cfg_app.o
                0x00009964                OSCfg_TmrTaskStkLimit
 .rodata.OSCfg_TmrTaskStkSize
                0x00009968        0x4 ./source/rtos/uCOSIII/src/uCOS-III/Source/os_cfg_app.o
                0x00009968                OSCfg_TmrTaskStkSize
 .rodata        0x0000996c       0x2a ./source/rtos/uCOSIII/src/uCOS-III/Source/os_core.o
 *fill*         0x00009996        0x2 ff
 .rodata.OSDbg_EndiannessTest
                0x00009998        0x4 ./source/rtos/uCOSIII/src/uCOS-III/Source/os_dbg.o
                0x00009998                OSDbg_EndiannessTest
 .rodata.OSDbg_FlagGrp
                0x0000999c       0x28 ./source/rtos/uCOSIII/src/uCOS-III/Source/os_dbg.o
                0x0000999c                OSDbg_FlagGrp
 .rodata.OSDbg_Mem
                0x000099c4       0x20 ./source/rtos/uCOSIII/src/uCOS-III/Source/os_dbg.o
                0x000099c4                OSDbg_Mem
 .rodata.OSDbg_Mutex
                0x000099e4       0x30 ./source/rtos/uCOSIII/src/uCOS-III/Source/os_dbg.o
                0x000099e4                OSDbg_Mutex
 .rodata.OSDbg_Q
                0x00009a14       0x30 ./source/rtos/uCOSIII/src/uCOS-III/Source/os_dbg.o
                0x00009a14                OSDbg_Q
 .rodata.OSDbg_Sem
                0x00009a44       0x28 ./source/rtos/uCOSIII/src/uCOS-III/Source/os_dbg.o
                0x00009a44                OSDbg_Sem
 .rodata.OSDbg_RdyListSize
                0x00009a6c        0x4 ./source/rtos/uCOSIII/src/uCOS-III/Source/os_dbg.o
                0x00009a6c                OSDbg_RdyListSize
 .rodata.OSDbg_Tmr
                0x00009a70       0x30 ./source/rtos/uCOSIII/src/uCOS-III/Source/os_dbg.o
                0x00009a70                OSDbg_Tmr
 .rodata.OSDbg_DataSize
                0x00009aa0        0x4 ./source/rtos/uCOSIII/src/uCOS-III/Source/os_dbg.o
                0x00009aa0                OSDbg_DataSize
 .rodata        0x00009aa4        0xa ./source/rtos/uCOSIII/src/uCOS-III/Source/os_mutex.o
 *fill*         0x00009aae        0x2 ff
 .rodata        0x00009ab0        0x6 ./source/rtos/uCOSIII/src/uCOS-III/Source/os_q.o
 *fill*         0x00009ab6        0x2 ff
 .rodata        0x00009ab8        0xa ./source/rtos/uCOSIII/src/uCOS-III/Source/os_sem.o
 *fill*         0x00009ac2        0x2 ff
 .rodata        0x00009ac4       0x14 ./source/rtos/uCOSIII/src/uCOS-III/Source/os_stat.o
 .rodata        0x00009ad8        0xa ./source/rtos/uCOSIII/src/uCOS-III/Source/os_task.o
 *fill*         0x00009ae2        0x2 ff
 .rodata        0x00009ae4       0x14 ./source/rtos/uCOSIII/src/uCOS-III/Source/os_tick.o
 .rodata        0x00009af8       0x2d ./source/rtos/uCOSIII/src/uCOS-III/Source/os_tmr.o
 *fill*         0x00009b25        0x3 ff
 .rodata        0x00009b28        0xb ./source/drivers/button.o
 *fill*         0x00009b33        0x1 ff
 .rodata        0x00009b34       0x39 ./source/drivers/card_reader.o
 *fill*         0x00009b6d        0x3 ff
 .rodata        0x00009b70        0xc ./source/drivers/encoder.o
 .rodata.PORT_PTRS
                0x00009b7c       0x14 ./source/drivers/gpio.o
 .rodata.GPIO_PTRS
                0x00009b90       0x14 ./source/drivers/gpio.o
 .rodata.IRQC_MODES
                0x00009ba4       0x18 ./source/drivers/gpio.o
 .rodata        0x00009bbc        0xc ./source/drivers/message.o
 .rodata.PORT_SCG
                0x00009bc8        0xa ./source/drivers/uart.o
                0x00009bc8                PORT_SCG
 *fill*         0x00009bd2        0x2 ff
 .rodata.UART_ptrs
                0x00009bd4       0x18 ./source/drivers/uart.o
 .rodata.addr_arrays
                0x00009bec       0x14 ./source/drivers/uart.o
 .rodata.TX_PINS
                0x00009c00        0x5 ./source/drivers/uart.o
 *fill*         0x00009c05        0x3 ff
 .rodata.RX_PINS
                0x00009c08        0x5 ./source/drivers/uart.o
 *fill*         0x00009c0d        0x3 ff
 .rodata        0x00009c10       0x29 ./source/App.o
 *fill*         0x00009c39        0x3 ff
 .rodata        0x00009c3c       0x2a ./source/main.o
 .rodata.OSCfg_MsgPoolSize
                0x00009c66        0x2 ./source/rtos/uCOSIII/src/uCOS-III/Source/os_cfg_app.o
                0x00009c66                OSCfg_MsgPoolSize
 .rodata.OSDbg_FlagGrpSize
                0x00009c68        0x2 ./source/rtos/uCOSIII/src/uCOS-III/Source/os_dbg.o
                0x00009c68                OSDbg_FlagGrpSize
 .rodata.OSDbg_FlagWidth
                0x00009c6a        0x2 ./source/rtos/uCOSIII/src/uCOS-III/Source/os_dbg.o
                0x00009c6a                OSDbg_FlagWidth
 .rodata.OSDbg_MemSize
                0x00009c6c        0x2 ./source/rtos/uCOSIII/src/uCOS-III/Source/os_dbg.o
                0x00009c6c                OSDbg_MemSize
 .rodata.OSDbg_MsgSize
                0x00009c6e        0x2 ./source/rtos/uCOSIII/src/uCOS-III/Source/os_dbg.o
                0x00009c6e                OSDbg_MsgSize
 .rodata.OSDbg_MsgPoolSize
                0x00009c70        0x2 ./source/rtos/uCOSIII/src/uCOS-III/Source/os_dbg.o
                0x00009c70                OSDbg_MsgPoolSize
 .rodata.OSDbg_MsgQSize
                0x00009c72        0x2 ./source/rtos/uCOSIII/src/uCOS-III/Source/os_dbg.o
                0x00009c72                OSDbg_MsgQSize
 .rodata.OSDbg_MutexSize
                0x00009c74        0x2 ./source/rtos/uCOSIII/src/uCOS-III/Source/os_dbg.o
                0x00009c74                OSDbg_MutexSize
 .rodata.OSDbg_PendDataSize
                0x00009c76        0x2 ./source/rtos/uCOSIII/src/uCOS-III/Source/os_dbg.o
                0x00009c76                OSDbg_PendDataSize
 .rodata.OSDbg_PendListSize
                0x00009c78        0x2 ./source/rtos/uCOSIII/src/uCOS-III/Source/os_dbg.o
                0x00009c78                OSDbg_PendListSize
 .rodata.OSDbg_PendObjSize
                0x00009c7a        0x2 ./source/rtos/uCOSIII/src/uCOS-III/Source/os_dbg.o
                0x00009c7a                OSDbg_PendObjSize
 .rodata.OSDbg_PrioMax
                0x00009c7c        0x2 ./source/rtos/uCOSIII/src/uCOS-III/Source/os_dbg.o
                0x00009c7c                OSDbg_PrioMax
 .rodata.OSDbg_PrioTblSize
                0x00009c7e        0x2 ./source/rtos/uCOSIII/src/uCOS-III/Source/os_dbg.o
                0x00009c7e                OSDbg_PrioTblSize
 .rodata.OSDbg_PtrSize
                0x00009c80        0x2 ./source/rtos/uCOSIII/src/uCOS-III/Source/os_dbg.o
                0x00009c80                OSDbg_PtrSize
 .rodata.OSDbg_QSize
                0x00009c82        0x2 ./source/rtos/uCOSIII/src/uCOS-III/Source/os_dbg.o
                0x00009c82                OSDbg_QSize
 .rodata.OSDbg_SemSize
                0x00009c84        0x2 ./source/rtos/uCOSIII/src/uCOS-III/Source/os_dbg.o
                0x00009c84                OSDbg_SemSize
 .rodata.OSDbg_RdyList
                0x00009c86        0x2 ./source/rtos/uCOSIII/src/uCOS-III/Source/os_dbg.o
                0x00009c86                OSDbg_RdyList
 .rodata.OSDbg_TaskRegTblSize
                0x00009c88        0x2 ./source/rtos/uCOSIII/src/uCOS-III/Source/os_dbg.o
                0x00009c88                OSDbg_TaskRegTblSize
 .rodata.OSDbg_TCBSize
                0x00009c8a        0x2 ./source/rtos/uCOSIII/src/uCOS-III/Source/os_dbg.o
                0x00009c8a                OSDbg_TCBSize
 .rodata.OSDbg_TickListSize
                0x00009c8c        0x2 ./source/rtos/uCOSIII/src/uCOS-III/Source/os_dbg.o
                0x00009c8c                OSDbg_TickListSize
 .rodata.OSDbg_TmrSize
                0x00009c8e        0x2 ./source/rtos/uCOSIII/src/uCOS-III/Source/os_dbg.o
                0x00009c8e                OSDbg_TmrSize
 .rodata.OSDbg_VersionNbr
                0x00009c90        0x2 ./source/rtos/uCOSIII/src/uCOS-III/Source/os_dbg.o
                0x00009c90                OSDbg_VersionNbr
 .rodata.OSCfg_StatTaskPrio
                0x00009c92        0x1 ./source/rtos/uCOSIII/src/uCOS-III/Source/os_cfg_app.o
                0x00009c92                OSCfg_StatTaskPrio
 .rodata.OSCfg_TickTaskPrio
                0x00009c93        0x1 ./source/rtos/uCOSIII/src/uCOS-III/Source/os_cfg_app.o
                0x00009c93                OSCfg_TickTaskPrio
 .rodata.OSCfg_TmrTaskPrio
                0x00009c94        0x1 ./source/rtos/uCOSIII/src/uCOS-III/Source/os_cfg_app.o
                0x00009c94                OSCfg_TmrTaskPrio
 .rodata.OSDbg_DbgEn
                0x00009c95        0x1 ./source/rtos/uCOSIII/src/uCOS-III/Source/os_dbg.o
                0x00009c95                OSDbg_DbgEn
 .rodata.OSDbg_ArgChkEn
                0x00009c96        0x1 ./source/rtos/uCOSIII/src/uCOS-III/Source/os_dbg.o
                0x00009c96                OSDbg_ArgChkEn
 .rodata.OSDbg_AppHooksEn
                0x00009c97        0x1 ./source/rtos/uCOSIII/src/uCOS-III/Source/os_dbg.o
                0x00009c97                OSDbg_AppHooksEn
 .rodata.OSDbg_CalledFromISRChkEn
                0x00009c98        0x1 ./source/rtos/uCOSIII/src/uCOS-III/Source/os_dbg.o
                0x00009c98                OSDbg_CalledFromISRChkEn
 .rodata.OSDbg_FlagEn
                0x00009c99        0x1 ./source/rtos/uCOSIII/src/uCOS-III/Source/os_dbg.o
                0x00009c99                OSDbg_FlagEn
 .rodata.OSDbg_FlagDelEn
                0x00009c9a        0x1 ./source/rtos/uCOSIII/src/uCOS-III/Source/os_dbg.o
                0x00009c9a                OSDbg_FlagDelEn
 .rodata.OSDbg_FlagModeClrEn
                0x00009c9b        0x1 ./source/rtos/uCOSIII/src/uCOS-III/Source/os_dbg.o
                0x00009c9b                OSDbg_FlagModeClrEn
 .rodata.OSDbg_FlagPendAbortEn
                0x00009c9c        0x1 ./source/rtos/uCOSIII/src/uCOS-III/Source/os_dbg.o
                0x00009c9c                OSDbg_FlagPendAbortEn
 .rodata.OSDbg_ISRPostDeferredEn
                0x00009c9d        0x1 ./source/rtos/uCOSIII/src/uCOS-III/Source/os_dbg.o
                0x00009c9d                OSDbg_ISRPostDeferredEn
 .rodata.OSDbg_MemEn
                0x00009c9e        0x1 ./source/rtos/uCOSIII/src/uCOS-III/Source/os_dbg.o
                0x00009c9e                OSDbg_MemEn
 .rodata.OSDbg_MsgEn
                0x00009c9f        0x1 ./source/rtos/uCOSIII/src/uCOS-III/Source/os_dbg.o
                0x00009c9f                OSDbg_MsgEn
 .rodata.OSDbg_MutexEn
                0x00009ca0        0x1 ./source/rtos/uCOSIII/src/uCOS-III/Source/os_dbg.o
                0x00009ca0                OSDbg_MutexEn
 .rodata.OSDbg_MutexDelEn
                0x00009ca1        0x1 ./source/rtos/uCOSIII/src/uCOS-III/Source/os_dbg.o
                0x00009ca1                OSDbg_MutexDelEn
 .rodata.OSDbg_MutexPendAbortEn
                0x00009ca2        0x1 ./source/rtos/uCOSIII/src/uCOS-III/Source/os_dbg.o
                0x00009ca2                OSDbg_MutexPendAbortEn
 .rodata.OSDbg_ObjTypeChkEn
                0x00009ca3        0x1 ./source/rtos/uCOSIII/src/uCOS-III/Source/os_dbg.o
                0x00009ca3                OSDbg_ObjTypeChkEn
 .rodata.OSDbg_PendMultiEn
                0x00009ca4        0x1 ./source/rtos/uCOSIII/src/uCOS-III/Source/os_dbg.o
                0x00009ca4                OSDbg_PendMultiEn
 .rodata.OSDbg_QEn
                0x00009ca5        0x1 ./source/rtos/uCOSIII/src/uCOS-III/Source/os_dbg.o
                0x00009ca5                OSDbg_QEn
 .rodata.OSDbg_QDelEn
                0x00009ca6        0x1 ./source/rtos/uCOSIII/src/uCOS-III/Source/os_dbg.o
                0x00009ca6                OSDbg_QDelEn
 .rodata.OSDbg_QFlushEn
                0x00009ca7        0x1 ./source/rtos/uCOSIII/src/uCOS-III/Source/os_dbg.o
                0x00009ca7                OSDbg_QFlushEn
 .rodata.OSDbg_QPendAbortEn
                0x00009ca8        0x1 ./source/rtos/uCOSIII/src/uCOS-III/Source/os_dbg.o
                0x00009ca8                OSDbg_QPendAbortEn
 .rodata.OSDbg_SchedRoundRobinEn
                0x00009ca9        0x1 ./source/rtos/uCOSIII/src/uCOS-III/Source/os_dbg.o
                0x00009ca9                OSDbg_SchedRoundRobinEn
 .rodata.OSDbg_SemEn
                0x00009caa        0x1 ./source/rtos/uCOSIII/src/uCOS-III/Source/os_dbg.o
                0x00009caa                OSDbg_SemEn
 .rodata.OSDbg_SemDelEn
                0x00009cab        0x1 ./source/rtos/uCOSIII/src/uCOS-III/Source/os_dbg.o
                0x00009cab                OSDbg_SemDelEn
 .rodata.OSDbg_SemPendAbortEn
                0x00009cac        0x1 ./source/rtos/uCOSIII/src/uCOS-III/Source/os_dbg.o
                0x00009cac                OSDbg_SemPendAbortEn
 .rodata.OSDbg_SemSetEn
                0x00009cad        0x1 ./source/rtos/uCOSIII/src/uCOS-III/Source/os_dbg.o
                0x00009cad                OSDbg_SemSetEn
 .rodata.OSDbg_StkWidth
                0x00009cae        0x1 ./source/rtos/uCOSIII/src/uCOS-III/Source/os_dbg.o
                0x00009cae                OSDbg_StkWidth
 .rodata.OSDbg_StatTaskEn
                0x00009caf        0x1 ./source/rtos/uCOSIII/src/uCOS-III/Source/os_dbg.o
                0x00009caf                OSDbg_StatTaskEn
 .rodata.OSDbg_StatTaskStkChkEn
                0x00009cb0        0x1 ./source/rtos/uCOSIII/src/uCOS-III/Source/os_dbg.o
                0x00009cb0                OSDbg_StatTaskStkChkEn
 .rodata.OSDbg_TaskChangePrioEn
                0x00009cb1        0x1 ./source/rtos/uCOSIII/src/uCOS-III/Source/os_dbg.o
                0x00009cb1                OSDbg_TaskChangePrioEn
 .rodata.OSDbg_TaskDelEn
                0x00009cb2        0x1 ./source/rtos/uCOSIII/src/uCOS-III/Source/os_dbg.o
                0x00009cb2                OSDbg_TaskDelEn
 .rodata.OSDbg_TaskQEn
                0x00009cb3        0x1 ./source/rtos/uCOSIII/src/uCOS-III/Source/os_dbg.o
                0x00009cb3                OSDbg_TaskQEn
 .rodata.OSDbg_TaskQPendAbortEn
                0x00009cb4        0x1 ./source/rtos/uCOSIII/src/uCOS-III/Source/os_dbg.o
                0x00009cb4                OSDbg_TaskQPendAbortEn
 .rodata.OSDbg_TaskProfileEn
                0x00009cb5        0x1 ./source/rtos/uCOSIII/src/uCOS-III/Source/os_dbg.o
                0x00009cb5                OSDbg_TaskProfileEn
 .rodata.OSDbg_TaskSemPendAbortEn
                0x00009cb6        0x1 ./source/rtos/uCOSIII/src/uCOS-III/Source/os_dbg.o
                0x00009cb6                OSDbg_TaskSemPendAbortEn
 .rodata.OSDbg_TaskSuspendEn
                0x00009cb7        0x1 ./source/rtos/uCOSIII/src/uCOS-III/Source/os_dbg.o
                0x00009cb7                OSDbg_TaskSuspendEn
 .rodata.OSDbg_TimeDlyHMSMEn
                0x00009cb8        0x1 ./source/rtos/uCOSIII/src/uCOS-III/Source/os_dbg.o
                0x00009cb8                OSDbg_TimeDlyHMSMEn
 .rodata.OSDbg_TimeDlyResumeEn
                0x00009cb9        0x1 ./source/rtos/uCOSIII/src/uCOS-III/Source/os_dbg.o
                0x00009cb9                OSDbg_TimeDlyResumeEn
 .rodata.OSDbg_TmrEn
                0x00009cba        0x1 ./source/rtos/uCOSIII/src/uCOS-III/Source/os_dbg.o
                0x00009cba                OSDbg_TmrEn
 .rodata.OSDbg_TmrDelEn
                0x00009cbb        0x1 ./source/rtos/uCOSIII/src/uCOS-III/Source/os_dbg.o
                0x00009cbb                OSDbg_TmrDelEn
                0x00009cc0                . = ALIGN (0x8)
 *fill*         0x00009cbc        0x4 ff

.glue_7         0x00009cc0        0x0
 .glue_7        0x00009cc0        0x0 linker stubs

.glue_7t        0x00009cc0        0x0
 .glue_7t       0x00009cc0        0x0 linker stubs

.vfp11_veneer   0x00009cc0        0x0
 .vfp11_veneer  0x00009cc0        0x0 linker stubs

.v4_bx          0x00009cc0        0x0
 .v4_bx         0x00009cc0        0x0 linker stubs

.iplt           0x00009cc0        0x0
 .iplt          0x00009cc0        0x0 ./source/utils/utils.o

.rel.dyn        0x00009cc0        0x0
 .rel.iplt      0x00009cc0        0x0 ./source/utils/utils.o

.ARM.extab
 *(SORT_BY_ALIGNMENT(.ARM.extab*) SORT_BY_ALIGNMENT(.gnu.linkonce.armextab.*))
                0x00009cc0                __exidx_start = .

.ARM.exidx
 *(SORT_BY_ALIGNMENT(.ARM.exidx*) SORT_BY_ALIGNMENT(.gnu.linkonce.armexidx.*))
                0x00009cc0                __exidx_end = .
                0x00009cc0                _etext = .

.m_usb_data
 *(SORT_BY_ALIGNMENT(m_usb_bdt))

.data_RAM2      0x1fff0000        0x0 load address 0x00009cc0
 FILL mask 0xff
                [!provide]                PROVIDE (__start_data_RAM2, .)
 *(SORT_BY_ALIGNMENT(.ramfunc.$RAM2))
 *(SORT_BY_ALIGNMENT(.ramfunc.$SRAM_LOWER))
 *(SORT_BY_ALIGNMENT(.data.$RAM2*))
 *(SORT_BY_ALIGNMENT(.data.$SRAM_LOWER*))
                0x1fff0000                . = ALIGN (0x8)
                [!provide]                PROVIDE (__end_data_RAM2, .)

.data_RAM3      0x14000000        0x0 load address 0x00009cc0
 FILL mask 0xff
                [!provide]                PROVIDE (__start_data_RAM3, .)
 *(SORT_BY_ALIGNMENT(.ramfunc.$RAM3))
 *(SORT_BY_ALIGNMENT(.ramfunc.$FLEX_RAM))
 *(SORT_BY_ALIGNMENT(.data.$RAM3*))
 *(SORT_BY_ALIGNMENT(.data.$FLEX_RAM*))
                0x14000000                . = ALIGN (0x8)
                [!provide]                PROVIDE (__end_data_RAM3, .)

.uninit_RESERVED
                0x20000000        0x0
 *(SORT_BY_ALIGNMENT(.bss.$RESERVED*))
                0x20000000                . = ALIGN (0x4)
                0x20000000                _end_uninit_RESERVED = .

.data           0x20000000       0x80 load address 0x00009cc0
 FILL mask 0xff
                0x20000000                _data = .
 *(SORT_BY_ALIGNMENT(vtable))
 *(SORT_BY_ALIGNMENT(.ramfunc*))
 *(SORT_BY_ALIGNMENT(.data*))
 .data.floor_counts
                0x20000000        0xc ./source/users/user_cloud.o
 .data.char_arr
                0x2000000c       0x29 ./source/drivers/display.o
                0x2000000c                char_arr
 *fill*         0x20000035        0x3 ff
 .data.seg_arr  0x20000038        0x8 ./source/drivers/display.o
                0x20000038                seg_arr
 .data.buffer   0x20000040       0x11 ./source/drivers/display.o
                0x20000040                buffer
 *fill*         0x20000051        0x3 ff
 .data.led_selector
                0x20000054        0x8 ./source/drivers/leds.o
                0x20000054                led_selector
 .data.keepalive_msg
                0x2000005c        0x6 ./source/App_cloud.o
 *fill*         0x20000062        0x2 ff
 .data.data_msg
                0x20000064        0xc ./source/App_cloud.o
 .data.SystemCoreClock
                0x20000070        0x4 ./SDK/CMSIS/system_MK64F12.o
                0x20000070                SystemCoreClock
 .data.user_num
                0x20000074        0x2 ./source/users/user.o
 .data.people_count
                0x20000076        0x2 ./source/users/user_cloud.o
 .data.intensity
                0x20000078        0x1 ./source/drivers/display.o
                0x20000078                intensity
 .data.timers_cant
                0x20000079        0x1 ./source/drivers/timer.o
                0x20000079                timers_cant
 .data.timer_count
                0x2000007a        0x1 ./source/App_cloud.o
                0x20000080                . = ALIGN (0x8)
 *fill*         0x2000007b        0x5 ff
                0x20000080                _edata = .

.igot.plt       0x20000080        0x0 load address 0x00009d40
 .igot.plt      0x20000080        0x0 ./source/utils/utils.o

.bss_RAM2       0x1fff0000        0x0
                [!provide]                PROVIDE (__start_bss_RAM2, .)
 *(SORT_BY_ALIGNMENT(.bss.$RAM2*))
 *(SORT_BY_ALIGNMENT(.bss.$SRAM_LOWER*))
                0x1fff0000                . = ALIGN ((. != 0x0)?0x8:0x1)
                [!provide]                PROVIDE (__end_bss_RAM2, .)

.bss_RAM3       0x14000000        0x0
                [!provide]                PROVIDE (__start_bss_RAM3, .)
 *(SORT_BY_ALIGNMENT(.bss.$RAM3*))
 *(SORT_BY_ALIGNMENT(.bss.$FLEX_RAM*))
                0x14000000                . = ALIGN ((. != 0x0)?0x8:0x1)
                [!provide]                PROVIDE (__end_bss_RAM3, .)

.bss            0x20000080     0x49a8
                0x20000080                _bss = .
 *(SORT_BY_ALIGNMENT(.bss*))
 .bss.user_db   0x20000080     0x1194 ./source/users/user.o
 .bss.people_db
                0x20001214      0x44c ./source/users/user_cloud.o
 .bss.OSCfg_IdleTaskStk
                0x20001660      0x200 ./source/rtos/uCOSIII/src/uCOS-III/Source/os_cfg_app.o
                0x20001660                OSCfg_IdleTaskStk
 .bss.OSCfg_ISRStk
                0x20001860      0x200 ./source/rtos/uCOSIII/src/uCOS-III/Source/os_cfg_app.o
                0x20001860                OSCfg_ISRStk
 .bss.OSCfg_MsgPool
                0x20001a60      0x640 ./source/rtos/uCOSIII/src/uCOS-III/Source/os_cfg_app.o
                0x20001a60                OSCfg_MsgPool
 .bss.OSCfg_StatTaskStk
                0x200020a0      0x200 ./source/rtos/uCOSIII/src/uCOS-III/Source/os_cfg_app.o
                0x200020a0                OSCfg_StatTaskStk
 .bss.OSCfg_TickTaskStk
                0x200022a0      0x200 ./source/rtos/uCOSIII/src/uCOS-III/Source/os_cfg_app.o
                0x200022a0                OSCfg_TickTaskStk
 .bss.OSCfg_TmrTaskStk
                0x200024a0      0x200 ./source/rtos/uCOSIII/src/uCOS-III/Source/os_cfg_app.o
                0x200024a0                OSCfg_TmrTaskStk
 .bss.OSPrioTbl
                0x200026a0        0x4 ./source/rtos/uCOSIII/src/uCOS-III/Source/os_prio.o
                0x200026a0                OSPrioTbl
 .bss.OS_AppTaskCreateHookPtr
                0x200026a4        0x4 ./source/rtos/uCOSIII/src/uCOS-III/Source/os_var.o
                0x200026a4                OS_AppTaskCreateHookPtr
 .bss.OS_AppTaskDelHookPtr
                0x200026a8        0x4 ./source/rtos/uCOSIII/src/uCOS-III/Source/os_var.o
                0x200026a8                OS_AppTaskDelHookPtr
 .bss.OS_AppTaskReturnHookPtr
                0x200026ac        0x4 ./source/rtos/uCOSIII/src/uCOS-III/Source/os_var.o
                0x200026ac                OS_AppTaskReturnHookPtr
 .bss.OS_AppIdleTaskHookPtr
                0x200026b0        0x4 ./source/rtos/uCOSIII/src/uCOS-III/Source/os_var.o
                0x200026b0                OS_AppIdleTaskHookPtr
 .bss.OS_AppStatTaskHookPtr
                0x200026b4        0x4 ./source/rtos/uCOSIII/src/uCOS-III/Source/os_var.o
                0x200026b4                OS_AppStatTaskHookPtr
 .bss.OS_AppTaskSwHookPtr
                0x200026b8        0x4 ./source/rtos/uCOSIII/src/uCOS-III/Source/os_var.o
                0x200026b8                OS_AppTaskSwHookPtr
 .bss.OS_AppTimeTickHookPtr
                0x200026bc        0x4 ./source/rtos/uCOSIII/src/uCOS-III/Source/os_var.o
                0x200026bc                OS_AppTimeTickHookPtr
 .bss.OSIdleTaskCtr
                0x200026c0        0x4 ./source/rtos/uCOSIII/src/uCOS-III/Source/os_var.o
                0x200026c0                OSIdleTaskCtr
 .bss.OSIdleTaskTCB
                0x200026c4       0xc4 ./source/rtos/uCOSIII/src/uCOS-III/Source/os_var.o
                0x200026c4                OSIdleTaskTCB
 .bss.OSFlagDbgListPtr
                0x20002788        0x4 ./source/rtos/uCOSIII/src/uCOS-III/Source/os_var.o
                0x20002788                OSFlagDbgListPtr
 .bss.OSMemDbgListPtr
                0x2000278c        0x4 ./source/rtos/uCOSIII/src/uCOS-III/Source/os_var.o
                0x2000278c                OSMemDbgListPtr
 .bss.OSMsgPool
                0x20002790        0xc ./source/rtos/uCOSIII/src/uCOS-III/Source/os_var.o
                0x20002790                OSMsgPool
 .bss.OSMutexDbgListPtr
                0x2000279c        0x4 ./source/rtos/uCOSIII/src/uCOS-III/Source/os_var.o
                0x2000279c                OSMutexDbgListPtr
 .bss.OSQDbgListPtr
                0x200027a0        0x4 ./source/rtos/uCOSIII/src/uCOS-III/Source/os_var.o
                0x200027a0                OSQDbgListPtr
 .bss.OSRdyList
                0x200027a4      0x180 ./source/rtos/uCOSIII/src/uCOS-III/Source/os_var.o
                0x200027a4                OSRdyList
 .bss.OSSchedRoundRobinDfltTimeQuanta
                0x20002924        0x4 ./source/rtos/uCOSIII/src/uCOS-III/Source/os_var.o
                0x20002924                OSSchedRoundRobinDfltTimeQuanta
 .bss.OSSemDbgListPtr
                0x20002928        0x4 ./source/rtos/uCOSIII/src/uCOS-III/Source/os_var.o
                0x20002928                OSSemDbgListPtr
 .bss.OSStatTaskCtr
                0x2000292c        0x4 ./source/rtos/uCOSIII/src/uCOS-III/Source/os_var.o
                0x2000292c                OSStatTaskCtr
 .bss.OSStatTaskCtrMax
                0x20002930        0x4 ./source/rtos/uCOSIII/src/uCOS-III/Source/os_var.o
                0x20002930                OSStatTaskCtrMax
 .bss.OSStatTaskCtrRun
                0x20002934        0x4 ./source/rtos/uCOSIII/src/uCOS-III/Source/os_var.o
                0x20002934                OSStatTaskCtrRun
 .bss.OSStatTaskTCB
                0x20002938       0xc4 ./source/rtos/uCOSIII/src/uCOS-III/Source/os_var.o
                0x20002938                OSStatTaskTCB
 .bss.OSStatTaskTimeMax
                0x200029fc        0x4 ./source/rtos/uCOSIII/src/uCOS-III/Source/os_var.o
                0x200029fc                OSStatTaskTimeMax
 .bss.OSTaskCtxSwCtr
                0x20002a00        0x4 ./source/rtos/uCOSIII/src/uCOS-III/Source/os_var.o
                0x20002a00                OSTaskCtxSwCtr
 .bss.OSTaskDbgListPtr
                0x20002a04        0x4 ./source/rtos/uCOSIII/src/uCOS-III/Source/os_var.o
                0x20002a04                OSTaskDbgListPtr
 .bss.OSTickCtr
                0x20002a08        0x4 ./source/rtos/uCOSIII/src/uCOS-III/Source/os_var.o
                0x20002a08                OSTickCtr
 .bss.OSTickTaskTCB
                0x20002a0c       0xc4 ./source/rtos/uCOSIII/src/uCOS-III/Source/os_var.o
                0x20002a0c                OSTickTaskTCB
 .bss.OSTickTaskTimeMax
                0x20002ad0        0x4 ./source/rtos/uCOSIII/src/uCOS-III/Source/os_var.o
                0x20002ad0                OSTickTaskTimeMax
 .bss.OSTickListDly
                0x20002ad4        0x8 ./source/rtos/uCOSIII/src/uCOS-III/Source/os_var.o
                0x20002ad4                OSTickListDly
 .bss.OSTickListTimeout
                0x20002adc        0x8 ./source/rtos/uCOSIII/src/uCOS-III/Source/os_var.o
                0x20002adc                OSTickListTimeout
 .bss.OSTmrDbgListPtr
                0x20002ae4        0x4 ./source/rtos/uCOSIII/src/uCOS-III/Source/os_var.o
                0x20002ae4                OSTmrDbgListPtr
 .bss.OSTmrListPtr
                0x20002ae8        0x4 ./source/rtos/uCOSIII/src/uCOS-III/Source/os_var.o
                0x20002ae8                OSTmrListPtr
 .bss.OSTmrMutex
                0x20002aec       0x30 ./source/rtos/uCOSIII/src/uCOS-III/Source/os_var.o
                0x20002aec                OSTmrMutex
 .bss.OSTmrTaskTCB
                0x20002b1c       0xc4 ./source/rtos/uCOSIII/src/uCOS-III/Source/os_var.o